Found 21 triplets
Processing triplet 1 → columns 1,2
Loaded '/home/sgiani/repos/GranTED/results_old/mL/new_sensor/1/data.dat': 36 rows, skipped 227 header/comment/non-numeric lines.
Validation passed
Final config: {'V': 25.0, 'C_B': 0.1, 'titration_type': 'acid_base', 'r2_threshold': 0.95}
DEBUG preprocess: potential first 5: [176.5 168.7 161.2 153.2 147.4]
Detected acid titration (negative slope). No flip.
Preprocessing complete: Arrays extracted, params merged, type auto-detected (if acid_base).
DEBUG df:     volume  potential
0   0.0000      176.5
1   0.0500      168.7
2   0.1000      161.2
3   0.1570      153.2
4   0.2170      147.4
5   0.3390      137.8
6   0.4610      129.9
7   0.6140      121.8
8   0.7970      114.3
9   1.0535      106.1
10  1.3655       97.1
11  1.6785       90.1
12  2.1380       79.9
13  2.4985       72.6
14  2.9360       64.2
15  3.3815       54.5
16  3.7025       46.8
17  4.0000       38.4
18  4.2425       29.7
19  4.4205       21.8
20  4.5640       13.7
21  4.6750        6.3
22  4.7795       -5.7
23  4.8295      -11.3
24  4.9040      -28.2
25  4.9540      -49.3
26  5.0040      -90.3
27  5.0540     -156.3
28  5.1040     -174.2
29  5.1865     -189.7
30  5.2680     -199.1
31  5.3795     -207.8
32  5.5355     -216.4
33  5.7350     -224.1
34  6.0375     -233.1
35  6.3855     -240.4
DEBUG params: {'volume_array': array([0.    , 0.05  , 0.1   , 0.157 , 0.217 , 0.339 , 0.461 , 0.614 ,
       0.797 , 1.0535, 1.3655, 1.6785, 2.138 , 2.4985, 2.936 , 3.3815,
       3.7025, 4.    , 4.2425, 4.4205, 4.564 , 4.675 , 4.7795, 4.8295,
       4.904 , 4.954 , 5.004 , 5.054 , 5.104 , 5.1865, 5.268 , 5.3795,
       5.5355, 5.735 , 6.0375, 6.3855]), 'potential_array': array([ 176.5,  168.7,  161.2,  153.2,  147.4,  137.8,  129.9,  121.8,
        114.3,  106.1,   97.1,   90.1,   79.9,   72.6,   64.2,   54.5,
         46.8,   38.4,   29.7,   21.8,   13.7,    6.3,   -5.7,  -11.3,
        -28.2,  -49.3,  -90.3, -156.3, -174.2, -189.7, -199.1, -207.8,
       -216.4, -224.1, -233.1, -240.4]), 'V': 25.0, 'C_B': 0.1, 'titration_type': 'acid_base', 'r2_threshold': 0.95, 'is_base': False}
Computing Gran/Schwartz for type: acid_base
DEBUG gran_functions: potential first 5: [176.5 168.7 161.2 153.2 147.4]
DEBUG gran_functions: pH first 5: [4.01656525 4.14841109 4.27518594 4.41041244 4.50845166]
Gran and Schwartz computed successfully.
Computing Gran/Schwartz for type: acid_base
DEBUG gran_functions: potential first 5: [176.5 168.7 161.2 153.2 147.4]
DEBUG gran_functions: pH first 5: [4.01656525 4.14841109 4.27518594 4.41041244 4.50845166]
Gran and Schwartz computed successfully.
Diagnostics forwarded: initial = 286 opt = 375
=== ANALYZER NESTED RESULTS ===
Gran Raw: V_eq = 5.025 mL, R² = 0.9995, k = 0.000, Zone = 11-26
Gran Opt: V_eq = 5.016 mL, R² = 0.9997, k = 0.113, Zone = 10-27
Schwartz Raw: V_eq = 5.025 mL, R² = 0.9995, k = 0.000, Zone = 11-26
Schwartz Opt: V_eq = 5.016 mL, R² = 0.9997, k = 0.113, Zone = 10-27
pH shape: (36,)
=== END ANALYZER NESTED ===
Titration curve saved to /home/sgiani/repos/GranTED/results_old/mL/new_sensor/1/titration_curve.png
Gran/Schwartz combined plot saved to /home/sgiani/repos/GranTED/results_old/mL/new_sensor/1/gran_schwartz.png
Combined overview plot saved to /home/sgiani/repos/GranTED/results_old/mL/new_sensor/1/plots.png
Gran raw + search diagnostic plot saved to /home/sgiani/repos/GranTED/results_old/mL/new_sensor/1/gran_raw_with_search_diagnostic.png
Schwartz opt + search diagnostic plot saved to /home/sgiani/repos/GranTED/results_old/mL/new_sensor/1/schwartz_opt_with_search_diagnostic.png
Generating CSV report...
Saved simple CSV report to /home/sgiani/repos/GranTED/results_old/mL/new_sensor/1/report.csv
CSV report generated.
Generating PDF report...
Saved PDF report to /home/sgiani/repos/GranTED/results_old/mL/new_sensor/1/report.pdf
PDF report generated.
Full report generated in /home/sgiani/repos/GranTED/results_old/mL/new_sensor/1
Pipeline complete. Outputs in /home/sgiani/repos/GranTED/results_old/mL/new_sensor/1
Processing triplet 2 → columns 4,5
Loaded '/home/sgiani/repos/GranTED/results_old/mL/new_sensor/2/data.dat': 36 rows, skipped 227 header/comment/non-numeric lines.
Validation passed
Final config: {'V': 25.0, 'C_B': 0.1, 'titration_type': 'acid_base', 'r2_threshold': 0.95}
DEBUG preprocess: potential first 5: [176.7 168.6 159.8 154.2 142.7]
Detected acid titration (negative slope). No flip.
Preprocessing complete: Arrays extracted, params merged, type auto-detected (if acid_base).
DEBUG df:     volume  potential
0   0.0000      176.7
1   0.0500      168.6
2   0.1000      159.8
3   0.1500      154.2
4   0.2590      142.7
5   0.3405      136.4
6   0.4815      127.6
7   0.6430      119.5
8   0.8395      112.3
9   1.1360      102.6
10  1.4095       95.5
11  1.8075       86.2
12  2.1850       78.5
13  2.6315       69.7
14  3.0490       61.3
15  3.4430       53.1
16  3.8145       43.4
17  4.0575       35.9
18  4.2720       28.1
19  4.4645       19.4
20  4.6035       10.7
21  4.6970        4.1
22  4.7985       -7.6
23  4.8485      -14.3
24  4.8995      -26.2
25  4.9495      -40.5
26  4.9995      -83.9
27  5.0495     -152.1
28  5.0995     -172.0
29  5.1685     -186.9
30  5.2375     -195.6
31  5.3450     -205.1
32  5.4755     -213.5
33  5.6445     -221.2
34  5.8950     -228.7
35  6.2965     -237.9
DEBUG params: {'volume_array': array([0.    , 0.05  , 0.1   , 0.15  , 0.259 , 0.3405, 0.4815, 0.643 ,
       0.8395, 1.136 , 1.4095, 1.8075, 2.185 , 2.6315, 3.049 , 3.443 ,
       3.8145, 4.0575, 4.272 , 4.4645, 4.6035, 4.697 , 4.7985, 4.8485,
       4.8995, 4.9495, 4.9995, 5.0495, 5.0995, 5.1685, 5.2375, 5.345 ,
       5.4755, 5.6445, 5.895 , 6.2965]), 'potential_array': array([ 176.7,  168.6,  159.8,  154.2,  142.7,  136.4,  127.6,  119.5,
        112.3,  102.6,   95.5,   86.2,   78.5,   69.7,   61.3,   53.1,
         43.4,   35.9,   28.1,   19.4,   10.7,    4.1,   -7.6,  -14.3,
        -26.2,  -40.5,  -83.9, -152.1, -172. , -186.9, -195.6, -205.1,
       -213.5, -221.2, -228.7, -237.9]), 'V': 25.0, 'C_B': 0.1, 'titration_type': 'acid_base', 'r2_threshold': 0.95, 'is_base': False}
Computing Gran/Schwartz for type: acid_base
DEBUG gran_functions: potential first 5: [176.7 168.6 159.8 154.2 142.7]
DEBUG gran_functions: pH first 5: [4.01318458 4.15010142 4.29885057 4.39350913 4.58789723]
Gran and Schwartz computed successfully.
Computing Gran/Schwartz for type: acid_base
DEBUG gran_functions: potential first 5: [176.7 168.6 159.8 154.2 142.7]
DEBUG gran_functions: pH first 5: [4.01318458 4.15010142 4.29885057 4.39350913 4.58789723]
Gran and Schwartz computed successfully.
Diagnostics forwarded: initial = 286 opt = 424
=== ANALYZER NESTED RESULTS ===
Gran Raw: V_eq = 5.029 mL, R² = 0.9993, k = 0.000, Zone = 12-27
Gran Opt: V_eq = 5.011 mL, R² = 0.9990, k = 0.272, Zone = 10-28
Schwartz Raw: V_eq = 5.029 mL, R² = 0.9993, k = 0.000, Zone = 12-27
Schwartz Opt: V_eq = 5.011 mL, R² = 0.9990, k = 0.272, Zone = 10-28
pH shape: (36,)
=== END ANALYZER NESTED ===
Titration curve saved to /home/sgiani/repos/GranTED/results_old/mL/new_sensor/2/titration_curve.png
Gran/Schwartz combined plot saved to /home/sgiani/repos/GranTED/results_old/mL/new_sensor/2/gran_schwartz.png
Combined overview plot saved to /home/sgiani/repos/GranTED/results_old/mL/new_sensor/2/plots.png
Gran raw + search diagnostic plot saved to /home/sgiani/repos/GranTED/results_old/mL/new_sensor/2/gran_raw_with_search_diagnostic.png
Schwartz opt + search diagnostic plot saved to /home/sgiani/repos/GranTED/results_old/mL/new_sensor/2/schwartz_opt_with_search_diagnostic.png
Generating CSV report...
Saved simple CSV report to /home/sgiani/repos/GranTED/results_old/mL/new_sensor/2/report.csv
CSV report generated.
Generating PDF report...
Saved PDF report to /home/sgiani/repos/GranTED/results_old/mL/new_sensor/2/report.pdf
PDF report generated.
Full report generated in /home/sgiani/repos/GranTED/results_old/mL/new_sensor/2
Pipeline complete. Outputs in /home/sgiani/repos/GranTED/results_old/mL/new_sensor/2
Processing triplet 3 → columns 7,8
Loaded '/home/sgiani/repos/GranTED/results_old/mL/new_sensor/3/data.dat': 36 rows, skipped 227 header/comment/non-numeric lines.
Validation passed
Final config: {'V': 25.0, 'C_B': 0.1, 'titration_type': 'acid_base', 'r2_threshold': 0.95}
DEBUG preprocess: potential first 5: [176.3 167.8 160.1 152.6 145.3]
Detected acid titration (negative slope). No flip.
Preprocessing complete: Arrays extracted, params merged, type auto-detected (if acid_base).
DEBUG df:     volume  potential
0   0.0000      176.3
1   0.0500      167.8
2   0.1000      160.1
3   0.1575      152.6
4   0.2310      145.3
5   0.3350      137.4
6   0.4760      128.5
7   0.6260      120.6
8   0.8070      113.9
9   1.1190      103.1
10  1.3670       97.2
11  1.8420       85.8
12  2.1790       79.4
13  2.6790       69.3
14  3.0485       61.5
15  3.4165       53.3
16  3.7510       45.2
17  4.0545       36.8
18  4.3085       27.8
19  4.4875       18.8
20  4.5990       11.0
21  4.6810        5.4
22  4.7990       -8.1
23  4.8490      -15.3
24  4.8990      -26.4
25  4.9490      -43.6
26  4.9990      -83.4
27  5.0490     -150.8
28  5.0990     -171.4
29  5.1625     -184.9
30  5.2355     -194.7
31  5.3295     -203.5
32  5.4535     -211.7
33  5.6225     -219.6
34  5.8650     -227.6
35  6.2135     -235.8
DEBUG params: {'volume_array': array([0.    , 0.05  , 0.1   , 0.1575, 0.231 , 0.335 , 0.476 , 0.626 ,
       0.807 , 1.119 , 1.367 , 1.842 , 2.179 , 2.679 , 3.0485, 3.4165,
       3.751 , 4.0545, 4.3085, 4.4875, 4.599 , 4.681 , 4.799 , 4.849 ,
       4.899 , 4.949 , 4.999 , 5.049 , 5.099 , 5.1625, 5.2355, 5.3295,
       5.4535, 5.6225, 5.865 , 6.2135]), 'potential_array': array([ 176.3,  167.8,  160.1,  152.6,  145.3,  137.4,  128.5,  120.6,
        113.9,  103.1,   97.2,   85.8,   79.4,   69.3,   61.5,   53.3,
         45.2,   36.8,   27.8,   18.8,   11. ,    5.4,   -8.1,  -15.3,
        -26.4,  -43.6,  -83.4, -150.8, -171.4, -184.9, -194.7, -203.5,
       -211.7, -219.6, -227.6, -235.8]), 'V': 25.0, 'C_B': 0.1, 'titration_type': 'acid_base', 'r2_threshold': 0.95, 'is_base': False}
Computing Gran/Schwartz for type: acid_base
DEBUG gran_functions: potential first 5: [176.3 167.8 160.1 152.6 145.3]
DEBUG gran_functions: pH first 5: [4.01994591 4.16362407 4.29377958 4.42055443 4.54394861]
Gran and Schwartz computed successfully.
Computing Gran/Schwartz for type: acid_base
DEBUG gran_functions: potential first 5: [176.3 167.8 160.1 152.6 145.3]
DEBUG gran_functions: pH first 5: [4.01994591 4.16362407 4.29377958 4.42055443 4.54394861]
Gran and Schwartz computed successfully.
Diagnostics forwarded: initial = 286 opt = 390
=== ANALYZER NESTED RESULTS ===
Gran Raw: V_eq = 5.023 mL, R² = 0.9996, k = 0.000, Zone = 12-27
Gran Opt: V_eq = 5.014 mL, R² = 0.9997, k = 0.120, Zone = 9-26
Schwartz Raw: V_eq = 5.023 mL, R² = 0.9996, k = 0.000, Zone = 12-27
Schwartz Opt: V_eq = 5.014 mL, R² = 0.9997, k = 0.120, Zone = 9-26
pH shape: (36,)
=== END ANALYZER NESTED ===
Titration curve saved to /home/sgiani/repos/GranTED/results_old/mL/new_sensor/3/titration_curve.png
Gran/Schwartz combined plot saved to /home/sgiani/repos/GranTED/results_old/mL/new_sensor/3/gran_schwartz.png
Combined overview plot saved to /home/sgiani/repos/GranTED/results_old/mL/new_sensor/3/plots.png
Gran raw + search diagnostic plot saved to /home/sgiani/repos/GranTED/results_old/mL/new_sensor/3/gran_raw_with_search_diagnostic.png
Schwartz opt + search diagnostic plot saved to /home/sgiani/repos/GranTED/results_old/mL/new_sensor/3/schwartz_opt_with_search_diagnostic.png
Generating CSV report...
Saved simple CSV report to /home/sgiani/repos/GranTED/results_old/mL/new_sensor/3/report.csv
CSV report generated.
Generating PDF report...
Saved PDF report to /home/sgiani/repos/GranTED/results_old/mL/new_sensor/3/report.pdf
PDF report generated.
Full report generated in /home/sgiani/repos/GranTED/results_old/mL/new_sensor/3
Pipeline complete. Outputs in /home/sgiani/repos/GranTED/results_old/mL/new_sensor/3
Processing triplet 4 → columns 10,11
Loaded '/home/sgiani/repos/GranTED/results_old/mL/new_sensor/4/data.dat': 60 rows, skipped 203 header/comment/non-numeric lines.
Validation passed
Final config: {'V': 25.0, 'C_B': 0.1, 'titration_type': 'acid_base', 'r2_threshold': 0.95}
DEBUG preprocess: potential first 5: [177.9 162.7 150.2 140.5 134. ]
Detected acid titration (negative slope). No flip.
Preprocessing complete: Arrays extracted, params merged, type auto-detected (if acid_base).
DEBUG df:     volume  potential
0      0.0      177.9
1      0.1      162.7
2      0.2      150.2
3      0.3      140.5
4      0.4      134.0
5      0.5      127.9
6      0.6      122.7
7      0.7      117.9
8      0.8      114.1
9      0.9      110.8
10     1.0      107.3
11     1.1      104.4
12     1.2      101.6
13     1.3       98.9
14     1.4       96.1
15     1.5       93.9
16     1.6       91.5
17     1.7       89.1
18     1.8       87.2
19     1.9       85.0
20     2.0       82.8
21     2.1       80.7
22     2.2       78.4
23     2.3       77.4
24     2.4       74.3
25     2.5       72.6
26     2.6       70.6
27     2.7       68.9
28     2.8       67.6
29     2.9       64.5
30     3.0       62.4
31     3.1       60.4
32     3.2       58.1
33     3.3       55.9
34     3.4       53.7
35     3.5       51.3
36     3.6       48.7
37     3.7       46.1
38     3.8       43.2
39     3.9       40.5
40     4.0       37.6
41     4.1       34.2
42     4.2       30.6
43     4.3       26.5
44     4.4       22.3
45     4.5       16.8
46     4.6       10.5
47     4.7        2.6
48     4.8       -9.4
49     4.9      -28.5
50     5.0      -90.6
51     5.1     -173.6
52     5.2     -192.1
53     5.3     -202.7
54     5.4     -210.0
55     5.5     -215.9
56     5.6     -220.7
57     5.7     -224.6
58     5.8     -227.9
59     5.9     -231.0
DEBUG params: {'volume_array': array([0. , 0.1, 0.2, 0.3, 0.4, 0.5, 0.6, 0.7, 0.8, 0.9, 1. , 1.1, 1.2,
       1.3, 1.4, 1.5, 1.6, 1.7, 1.8, 1.9, 2. , 2.1, 2.2, 2.3, 2.4, 2.5,
       2.6, 2.7, 2.8, 2.9, 3. , 3.1, 3.2, 3.3, 3.4, 3.5, 3.6, 3.7, 3.8,
       3.9, 4. , 4.1, 4.2, 4.3, 4.4, 4.5, 4.6, 4.7, 4.8, 4.9, 5. , 5.1,
       5.2, 5.3, 5.4, 5.5, 5.6, 5.7, 5.8, 5.9]), 'potential_array': array([ 177.9,  162.7,  150.2,  140.5,  134. ,  127.9,  122.7,  117.9,
        114.1,  110.8,  107.3,  104.4,  101.6,   98.9,   96.1,   93.9,
         91.5,   89.1,   87.2,   85. ,   82.8,   80.7,   78.4,   77.4,
         74.3,   72.6,   70.6,   68.9,   67.6,   64.5,   62.4,   60.4,
         58.1,   55.9,   53.7,   51.3,   48.7,   46.1,   43.2,   40.5,
         37.6,   34.2,   30.6,   26.5,   22.3,   16.8,   10.5,    2.6,
         -9.4,  -28.5,  -90.6, -173.6, -192.1, -202.7, -210. , -215.9,
       -220.7, -224.6, -227.9, -231. ]), 'V': 25.0, 'C_B': 0.1, 'titration_type': 'acid_base', 'r2_threshold': 0.95, 'is_base': False}
Computing Gran/Schwartz for type: acid_base
DEBUG gran_functions: potential first 5: [177.9 162.7 150.2 140.5 134. ]
DEBUG gran_functions: pH first 5: [3.99290061 4.24983097 4.46112238 4.62508452 4.73495605]
Gran and Schwartz computed successfully.
Computing Gran/Schwartz for type: acid_base
DEBUG gran_functions: potential first 5: [177.9 162.7 150.2 140.5 134. ]
DEBUG gran_functions: pH first 5: [3.99290061 4.24983097 4.46112238 4.62508452 4.73495605]
Gran and Schwartz computed successfully.
Diagnostics forwarded: initial = 1025 opt = 1161
=== ANALYZER NESTED RESULTS ===
Gran Raw: V_eq = 5.007 mL, R² = 0.9992, k = 0.000, Zone = 23-50
Gran Opt: V_eq = 5.005 mL, R² = 0.9992, k = 0.060, Zone = 21-50
Schwartz Raw: V_eq = 5.007 mL, R² = 0.9992, k = 0.000, Zone = 23-50
Schwartz Opt: V_eq = 5.005 mL, R² = 0.9992, k = 0.060, Zone = 21-50
pH shape: (60,)
=== END ANALYZER NESTED ===
Titration curve saved to /home/sgiani/repos/GranTED/results_old/mL/new_sensor/4/titration_curve.png
Gran/Schwartz combined plot saved to /home/sgiani/repos/GranTED/results_old/mL/new_sensor/4/gran_schwartz.png
Combined overview plot saved to /home/sgiani/repos/GranTED/results_old/mL/new_sensor/4/plots.png
Gran raw + search diagnostic plot saved to /home/sgiani/repos/GranTED/results_old/mL/new_sensor/4/gran_raw_with_search_diagnostic.png
Schwartz opt + search diagnostic plot saved to /home/sgiani/repos/GranTED/results_old/mL/new_sensor/4/schwartz_opt_with_search_diagnostic.png
Generating CSV report...
Saved simple CSV report to /home/sgiani/repos/GranTED/results_old/mL/new_sensor/4/report.csv
CSV report generated.
Generating PDF report...
Saved PDF report to /home/sgiani/repos/GranTED/results_old/mL/new_sensor/4/report.pdf
PDF report generated.
Full report generated in /home/sgiani/repos/GranTED/results_old/mL/new_sensor/4
Pipeline complete. Outputs in /home/sgiani/repos/GranTED/results_old/mL/new_sensor/4
Processing triplet 5 → columns 13,14
Loaded '/home/sgiani/repos/GranTED/results_old/mL/new_sensor/5/data.dat': 61 rows, skipped 202 header/comment/non-numeric lines.
Validation passed
Final config: {'V': 25.0, 'C_B': 0.1, 'titration_type': 'acid_base', 'r2_threshold': 0.95}
DEBUG preprocess: potential first 5: [176.6 161.8 148.9 140.7 132.8]
Detected acid titration (negative slope). No flip.
Preprocessing complete: Arrays extracted, params merged, type auto-detected (if acid_base).
DEBUG df:     volume  potential
0      0.0      176.6
1      0.1      161.8
2      0.2      148.9
3      0.3      140.7
4      0.4      132.8
..     ...        ...
56     5.6     -220.1
57     5.7     -224.0
58     5.8     -227.4
59     5.9     -230.3
60     6.0     -233.1

[61 rows x 2 columns]
DEBUG params: {'volume_array': array([0. , 0.1, 0.2, 0.3, 0.4, 0.5, 0.6, 0.7, 0.8, 0.9, 1. , 1.1, 1.2,
       1.3, 1.4, 1.5, 1.6, 1.7, 1.8, 1.9, 2. , 2.1, 2.2, 2.3, 2.4, 2.5,
       2.6, 2.7, 2.8, 2.9, 3. , 3.1, 3.2, 3.3, 3.4, 3.5, 3.6, 3.7, 3.8,
       3.9, 4. , 4.1, 4.2, 4.3, 4.4, 4.5, 4.6, 4.7, 4.8, 4.9, 5. , 5.1,
       5.2, 5.3, 5.4, 5.5, 5.6, 5.7, 5.8, 5.9, 6. ]), 'potential_array': array([ 176.6,  161.8,  148.9,  140.7,  132.8,  127.4,  122.2,  118.8,
        114.2,  110.5,  107.1,  104.3,  102. ,   98.9,   96.4,   94.1,
         91.7,   89.6,   87.7,   85.2,   84. ,   81.3,   79.3,   77. ,
         75.1,   73.2,   71.2,   69.1,   67. ,   65.2,   62.8,   60.8,
         58.7,   55.5,   54.4,   51.8,   49.4,   46.8,   44.3,   41.2,
         37.8,   35.4,   31.3,   27.2,   23. ,   17.7,   11.8,    3.8,
         -6.4,  -25.8,  -76.7, -171.8, -191.4, -202.1, -209.4, -215.4,
       -220.1, -224. , -227.4, -230.3, -233.1]), 'V': 25.0, 'C_B': 0.1, 'titration_type': 'acid_base', 'r2_threshold': 0.95, 'is_base': False}
Computing Gran/Schwartz for type: acid_base
DEBUG gran_functions: potential first 5: [176.6 161.8 148.9 140.7 132.8]
DEBUG gran_functions: pH first 5: [4.01487492 4.26504395 4.48309669 4.62170385 4.75524003]
Gran and Schwartz computed successfully.
Computing Gran/Schwartz for type: acid_base
DEBUG gran_functions: potential first 5: [176.6 161.8 148.9 140.7 132.8]
DEBUG gran_functions: pH first 5: [4.01487492 4.26504395 4.48309669 4.62170385 4.75524003]
Gran and Schwartz computed successfully.
Diagnostics forwarded: initial = 1079 opt = 1246
=== ANALYZER NESTED RESULTS ===
Gran Raw: V_eq = 5.027 mL, R² = 0.9996, k = 0.000, Zone = 22-50
Gran Opt: V_eq = 5.007 mL, R² = 0.9995, k = 0.106, Zone = 20-50
Schwartz Raw: V_eq = 5.027 mL, R² = 0.9996, k = 0.000, Zone = 22-50
Schwartz Opt: V_eq = 5.007 mL, R² = 0.9995, k = 0.106, Zone = 20-50
pH shape: (61,)
=== END ANALYZER NESTED ===
Titration curve saved to /home/sgiani/repos/GranTED/results_old/mL/new_sensor/5/titration_curve.png
Gran/Schwartz combined plot saved to /home/sgiani/repos/GranTED/results_old/mL/new_sensor/5/gran_schwartz.png
Combined overview plot saved to /home/sgiani/repos/GranTED/results_old/mL/new_sensor/5/plots.png
Gran raw + search diagnostic plot saved to /home/sgiani/repos/GranTED/results_old/mL/new_sensor/5/gran_raw_with_search_diagnostic.png
Schwartz opt + search diagnostic plot saved to /home/sgiani/repos/GranTED/results_old/mL/new_sensor/5/schwartz_opt_with_search_diagnostic.png
Generating CSV report...
Saved simple CSV report to /home/sgiani/repos/GranTED/results_old/mL/new_sensor/5/report.csv
CSV report generated.
Generating PDF report...
Saved PDF report to /home/sgiani/repos/GranTED/results_old/mL/new_sensor/5/report.pdf
PDF report generated.
Full report generated in /home/sgiani/repos/GranTED/results_old/mL/new_sensor/5
Pipeline complete. Outputs in /home/sgiani/repos/GranTED/results_old/mL/new_sensor/5
Processing triplet 6 → columns 16,17
Loaded '/home/sgiani/repos/GranTED/results_old/mL/new_sensor/6/data.dat': 61 rows, skipped 202 header/comment/non-numeric lines.
Validation passed
Final config: {'V': 25.0, 'C_B': 0.1, 'titration_type': 'acid_base', 'r2_threshold': 0.95}
DEBUG preprocess: potential first 5: [176.5 160.3 147.4 137.8 131.9]
Detected acid titration (negative slope). No flip.
Preprocessing complete: Arrays extracted, params merged, type auto-detected (if acid_base).
DEBUG df:     volume  potential
0      0.0      176.5
1      0.1      160.3
2      0.2      147.4
3      0.3      137.8
4      0.4      131.9
..     ...        ...
56     5.6     -219.6
57     5.7     -223.5
58     5.8     -227.0
59     5.9     -230.1
60     6.0     -232.6

[61 rows x 2 columns]
DEBUG params: {'volume_array': array([0. , 0.1, 0.2, 0.3, 0.4, 0.5, 0.6, 0.7, 0.8, 0.9, 1. , 1.1, 1.2,
       1.3, 1.4, 1.5, 1.6, 1.7, 1.8, 1.9, 2. , 2.1, 2.2, 2.3, 2.4, 2.5,
       2.6, 2.7, 2.8, 2.9, 3. , 3.1, 3.2, 3.3, 3.4, 3.5, 3.6, 3.7, 3.8,
       3.9, 4. , 4.1, 4.2, 4.3, 4.4, 4.5, 4.6, 4.7, 4.8, 4.9, 5. , 5.1,
       5.2, 5.3, 5.4, 5.5, 5.6, 5.7, 5.8, 5.9, 6. ]), 'potential_array': array([ 176.5,  160.3,  147.4,  137.8,  131.9,  126.1,  120.6,  116.4,
        112.3,  109.4,  105.7,  102.7,  100.1,   97.4,   95. ,   92.7,
         90. ,   88.1,   85.9,   83.8,   81.7,   79.4,   77.8,   75.7,
         73.4,   71.6,   69.6,   67.4,   65.7,   63.3,   61.2,   59.2,
         57. ,   55. ,   52.5,   50. ,   47.7,   45.1,   42.5,   39.4,
         36.4,   32.9,   29.8,   25.3,   20.9,   15.9,    9.3,    0.7,
         -9.8,  -29.1,  -89. , -171.7, -191. , -201.5, -209.2, -215. ,
       -219.6, -223.5, -227. , -230.1, -232.6]), 'V': 25.0, 'C_B': 0.1, 'titration_type': 'acid_base', 'r2_threshold': 0.95, 'is_base': False}
Computing Gran/Schwartz for type: acid_base
DEBUG gran_functions: potential first 5: [176.5 160.3 147.4 137.8 131.9]
DEBUG gran_functions: pH first 5: [4.01656525 4.29039892 4.50845166 4.67072346 4.77045301]
Gran and Schwartz computed successfully.
Computing Gran/Schwartz for type: acid_base
DEBUG gran_functions: potential first 5: [176.5 160.3 147.4 137.8 131.9]
DEBUG gran_functions: pH first 5: [4.01656525 4.29039892 4.50845166 4.67072346 4.77045301]
Gran and Schwartz computed successfully.
Diagnostics forwarded: initial = 1079 opt = 1188
=== ANALYZER NESTED RESULTS ===
Gran Raw: V_eq = 5.014 mL, R² = 0.9998, k = 0.000, Zone = 22-50
Gran Opt: V_eq = 5.010 mL, R² = 0.9999, k = 0.092, Zone = 17-46
Schwartz Raw: V_eq = 5.014 mL, R² = 0.9998, k = 0.000, Zone = 22-50
Schwartz Opt: V_eq = 5.010 mL, R² = 0.9999, k = 0.092, Zone = 17-46
pH shape: (61,)
=== END ANALYZER NESTED ===
Titration curve saved to /home/sgiani/repos/GranTED/results_old/mL/new_sensor/6/titration_curve.png
Gran/Schwartz combined plot saved to /home/sgiani/repos/GranTED/results_old/mL/new_sensor/6/gran_schwartz.png
Combined overview plot saved to /home/sgiani/repos/GranTED/results_old/mL/new_sensor/6/plots.png
Gran raw + search diagnostic plot saved to /home/sgiani/repos/GranTED/results_old/mL/new_sensor/6/gran_raw_with_search_diagnostic.png
Schwartz opt + search diagnostic plot saved to /home/sgiani/repos/GranTED/results_old/mL/new_sensor/6/schwartz_opt_with_search_diagnostic.png
Generating CSV report...
Saved simple CSV report to /home/sgiani/repos/GranTED/results_old/mL/new_sensor/6/report.csv
CSV report generated.
Generating PDF report...
Saved PDF report to /home/sgiani/repos/GranTED/results_old/mL/new_sensor/6/report.pdf
PDF report generated.
Full report generated in /home/sgiani/repos/GranTED/results_old/mL/new_sensor/6
Pipeline complete. Outputs in /home/sgiani/repos/GranTED/results_old/mL/new_sensor/6
Processing triplet 7 → columns 19,20
Loaded '/home/sgiani/repos/GranTED/results_old/mL/new_sensor/7/data.dat': 42 rows, skipped 221 header/comment/non-numeric lines.
Validation passed
Final config: {'V': 25.0, 'C_B': 0.1, 'titration_type': 'acid_base', 'r2_threshold': 0.95}
DEBUG preprocess: potential first 5: [176.8  77.3  79.7  77.8  75.6]
Detected acid titration (negative slope). No flip.
Preprocessing complete: Arrays extracted, params merged, type auto-detected (if acid_base).
DEBUG df:     volume  potential
0      0.0      176.8
1      2.0       77.3
2      2.1       79.7
3      2.2       77.8
4      2.3       75.6
5      2.4       73.5
6      2.5       71.5
7      2.6       69.7
8      2.7       67.6
9      2.8       65.4
10     2.9       63.7
11     3.0       61.5
12     3.1       59.2
13     3.2       56.9
14     3.3       54.8
15     3.4       52.8
16     3.5       50.4
17     3.6       47.7
18     3.7       45.0
19     3.8       42.7
20     3.9       39.5
21     4.0       36.3
22     4.1       33.0
23     4.2       29.5
24     4.3       25.5
25     4.4       20.8
26     4.5       15.7
27     4.6       10.6
28     4.7        1.9
29     4.8       -9.6
30     4.9      -27.2
31     5.0      -79.1
32     5.1     -173.1
33     5.2     -192.4
34     5.3     -203.4
35     5.4     -210.8
36     5.5     -216.9
37     5.6     -221.4
38     5.7     -225.6
39     5.8     -228.9
40     5.9     -231.7
41     6.0     -234.5
DEBUG params: {'volume_array': array([0. , 2. , 2.1, 2.2, 2.3, 2.4, 2.5, 2.6, 2.7, 2.8, 2.9, 3. , 3.1,
       3.2, 3.3, 3.4, 3.5, 3.6, 3.7, 3.8, 3.9, 4. , 4.1, 4.2, 4.3, 4.4,
       4.5, 4.6, 4.7, 4.8, 4.9, 5. , 5.1, 5.2, 5.3, 5.4, 5.5, 5.6, 5.7,
       5.8, 5.9, 6. ]), 'potential_array': array([ 176.8,   77.3,   79.7,   77.8,   75.6,   73.5,   71.5,   69.7,
         67.6,   65.4,   63.7,   61.5,   59.2,   56.9,   54.8,   52.8,
         50.4,   47.7,   45. ,   42.7,   39.5,   36.3,   33. ,   29.5,
         25.5,   20.8,   15.7,   10.6,    1.9,   -9.6,  -27.2,  -79.1,
       -173.1, -192.4, -203.4, -210.8, -216.9, -221.4, -225.6, -228.9,
       -231.7, -234.5]), 'V': 25.0, 'C_B': 0.1, 'titration_type': 'acid_base', 'r2_threshold': 0.95, 'is_base': False}
Computing Gran/Schwartz for type: acid_base
DEBUG gran_functions: potential first 5: [176.8  77.3  79.7  77.8  75.6]
DEBUG gran_functions: pH first 5: [4.01149425 5.6933739  5.65280595 5.68492224 5.72210953]
Gran and Schwartz computed successfully.
Computing Gran/Schwartz for type: acid_base
DEBUG gran_functions: potential first 5: [176.8  77.3  79.7  77.8  75.6]
DEBUG gran_functions: pH first 5: [4.01149425 5.6933739  5.65280595 5.68492224 5.72210953]
Gran and Schwartz computed successfully.
Diagnostics forwarded: initial = 493 opt = 531
=== ANALYZER NESTED RESULTS ===
Gran Raw: V_eq = 5.010 mL, R² = 0.9998, k = 0.000, Zone = 11-30
Gran Opt: V_eq = 5.005 mL, R² = 0.9998, k = 0.114, Zone = 11-31
Schwartz Raw: V_eq = 5.010 mL, R² = 0.9998, k = 0.000, Zone = 11-30
Schwartz Opt: V_eq = 5.005 mL, R² = 0.9998, k = 0.114, Zone = 11-31
pH shape: (42,)
=== END ANALYZER NESTED ===
Titration curve saved to /home/sgiani/repos/GranTED/results_old/mL/new_sensor/7/titration_curve.png
Gran/Schwartz combined plot saved to /home/sgiani/repos/GranTED/results_old/mL/new_sensor/7/gran_schwartz.png
Combined overview plot saved to /home/sgiani/repos/GranTED/results_old/mL/new_sensor/7/plots.png
Gran raw + search diagnostic plot saved to /home/sgiani/repos/GranTED/results_old/mL/new_sensor/7/gran_raw_with_search_diagnostic.png
Schwartz opt + search diagnostic plot saved to /home/sgiani/repos/GranTED/results_old/mL/new_sensor/7/schwartz_opt_with_search_diagnostic.png
Generating CSV report...
Saved simple CSV report to /home/sgiani/repos/GranTED/results_old/mL/new_sensor/7/report.csv
CSV report generated.
Generating PDF report...
Saved PDF report to /home/sgiani/repos/GranTED/results_old/mL/new_sensor/7/report.pdf
PDF report generated.
Full report generated in /home/sgiani/repos/GranTED/results_old/mL/new_sensor/7
Pipeline complete. Outputs in /home/sgiani/repos/GranTED/results_old/mL/new_sensor/7
Processing triplet 8 → columns 22,23
Loaded '/home/sgiani/repos/GranTED/results_old/mL/new_sensor/8/data.dat': 42 rows, skipped 221 header/comment/non-numeric lines.
Validation passed
Final config: {'V': 25.0, 'C_B': 0.1, 'titration_type': 'acid_base', 'r2_threshold': 0.95}
DEBUG preprocess: potential first 5: [176.9  80.8  79.7  77.9  75.7]
Detected acid titration (negative slope). No flip.
Preprocessing complete: Arrays extracted, params merged, type auto-detected (if acid_base).
DEBUG df:     volume  potential
0      0.0      176.9
1      2.0       80.8
2      2.1       79.7
3      2.2       77.9
4      2.3       75.7
5      2.4       73.7
6      2.5       71.8
7      2.6       69.9
8      2.7       67.7
9      2.8       65.7
10     2.9       63.5
11     3.0       61.6
12     3.1       59.5
13     3.2       57.4
14     3.3       55.1
15     3.4       52.7
16     3.5       50.5
17     3.6       48.1
18     3.7       45.4
19     3.8       42.8
20     3.9       39.6
21     4.0       37.6
22     4.1       33.5
23     4.2       29.8
24     4.3       26.1
25     4.4       21.4
26     4.5       16.3
27     4.6       10.2
28     4.7        2.0
29     4.8       -9.3
30     4.9      -27.0
31     5.0      -82.2
32     5.1     -173.0
33     5.2     -192.2
34     5.3     -203.1
35     5.4     -210.9
36     5.5     -216.8
37     5.6     -221.4
38     5.7     -225.3
39     5.8     -228.8
40     5.9     -232.0
41     6.0     -234.6
DEBUG params: {'volume_array': array([0. , 2. , 2.1, 2.2, 2.3, 2.4, 2.5, 2.6, 2.7, 2.8, 2.9, 3. , 3.1,
       3.2, 3.3, 3.4, 3.5, 3.6, 3.7, 3.8, 3.9, 4. , 4.1, 4.2, 4.3, 4.4,
       4.5, 4.6, 4.7, 4.8, 4.9, 5. , 5.1, 5.2, 5.3, 5.4, 5.5, 5.6, 5.7,
       5.8, 5.9, 6. ]), 'potential_array': array([ 176.9,   80.8,   79.7,   77.9,   75.7,   73.7,   71.8,   69.9,
         67.7,   65.7,   63.5,   61.6,   59.5,   57.4,   55.1,   52.7,
         50.5,   48.1,   45.4,   42.8,   39.6,   37.6,   33.5,   29.8,
         26.1,   21.4,   16.3,   10.2,    2. ,   -9.3,  -27. ,  -82.2,
       -173. , -192.2, -203.1, -210.9, -216.8, -221.4, -225.3, -228.8,
       -232. , -234.6]), 'V': 25.0, 'C_B': 0.1, 'titration_type': 'acid_base', 'r2_threshold': 0.95, 'is_base': False}
Computing Gran/Schwartz for type: acid_base
DEBUG gran_functions: potential first 5: [176.9  80.8  79.7  77.9  75.7]
DEBUG gran_functions: pH first 5: [4.00980392 5.63421231 5.65280595 5.68323191 5.7204192 ]
Gran and Schwartz computed successfully.
Computing Gran/Schwartz for type: acid_base
DEBUG gran_functions: potential first 5: [176.9  80.8  79.7  77.9  75.7]
DEBUG gran_functions: pH first 5: [4.00980392 5.63421231 5.65280595 5.68323191 5.7204192 ]
Gran and Schwartz computed successfully.
Diagnostics forwarded: initial = 531 opt = 589
=== ANALYZER NESTED RESULTS ===
Gran Raw: V_eq = 5.014 mL, R² = 0.9997, k = 0.000, Zone = 11-31
Gran Opt: V_eq = 5.004 mL, R² = 0.9998, k = 0.213, Zone = 8-29
Schwartz Raw: V_eq = 5.014 mL, R² = 0.9997, k = 0.000, Zone = 11-31
Schwartz Opt: V_eq = 5.004 mL, R² = 0.9998, k = 0.213, Zone = 8-29
pH shape: (42,)
=== END ANALYZER NESTED ===
Titration curve saved to /home/sgiani/repos/GranTED/results_old/mL/new_sensor/8/titration_curve.png
Gran/Schwartz combined plot saved to /home/sgiani/repos/GranTED/results_old/mL/new_sensor/8/gran_schwartz.png
Combined overview plot saved to /home/sgiani/repos/GranTED/results_old/mL/new_sensor/8/plots.png
Gran raw + search diagnostic plot saved to /home/sgiani/repos/GranTED/results_old/mL/new_sensor/8/gran_raw_with_search_diagnostic.png
Schwartz opt + search diagnostic plot saved to /home/sgiani/repos/GranTED/results_old/mL/new_sensor/8/schwartz_opt_with_search_diagnostic.png
Generating CSV report...
Saved simple CSV report to /home/sgiani/repos/GranTED/results_old/mL/new_sensor/8/report.csv
CSV report generated.
Generating PDF report...
Saved PDF report to /home/sgiani/repos/GranTED/results_old/mL/new_sensor/8/report.pdf
PDF report generated.
Full report generated in /home/sgiani/repos/GranTED/results_old/mL/new_sensor/8
Pipeline complete. Outputs in /home/sgiani/repos/GranTED/results_old/mL/new_sensor/8
Processing triplet 9 → columns 25,26
Loaded '/home/sgiani/repos/GranTED/results_old/mL/new_sensor/9/data.dat': 42 rows, skipped 221 header/comment/non-numeric lines.
Validation passed
Final config: {'V': 25.0, 'C_B': 0.1, 'titration_type': 'acid_base', 'r2_threshold': 0.95}
DEBUG preprocess: potential first 5: [176.4  82.6  80.3  78.3  76.3]
Detected acid titration (negative slope). No flip.
Preprocessing complete: Arrays extracted, params merged, type auto-detected (if acid_base).
DEBUG df:     volume  potential
0      0.0      176.4
1      2.0       82.6
2      2.1       80.3
3      2.2       78.3
4      2.3       76.3
5      2.4       74.4
6      2.5       72.5
7      2.6       70.3
8      2.7       68.3
9      2.8       66.3
10     2.9       64.1
11     3.0       62.2
12     3.1       59.9
13     3.2       57.8
14     3.3       55.6
15     3.4       53.4
16     3.5       50.9
17     3.6       48.6
18     3.7       45.9
19     3.8       43.4
20     3.9       40.1
21     4.0       37.3
22     4.1       34.1
23     4.2       30.3
24     4.3       26.6
25     4.4       22.1
26     4.5       16.7
27     4.6       10.6
28     4.7        3.2
29     4.8       -9.0
30     4.9      -26.4
31     5.0      -78.3
32     5.1     -171.1
33     5.2     -190.3
34     5.3     -201.4
35     5.4     -209.1
36     5.5     -215.1
37     5.6     -219.9
38     5.7     -223.8
39     5.8     -227.1
40     5.9     -230.2
41     6.0     -232.9
DEBUG params: {'volume_array': array([0. , 2. , 2.1, 2.2, 2.3, 2.4, 2.5, 2.6, 2.7, 2.8, 2.9, 3. , 3.1,
       3.2, 3.3, 3.4, 3.5, 3.6, 3.7, 3.8, 3.9, 4. , 4.1, 4.2, 4.3, 4.4,
       4.5, 4.6, 4.7, 4.8, 4.9, 5. , 5.1, 5.2, 5.3, 5.4, 5.5, 5.6, 5.7,
       5.8, 5.9, 6. ]), 'potential_array': array([ 176.4,   82.6,   80.3,   78.3,   76.3,   74.4,   72.5,   70.3,
         68.3,   66.3,   64.1,   62.2,   59.9,   57.8,   55.6,   53.4,
         50.9,   48.6,   45.9,   43.4,   40.1,   37.3,   34.1,   30.3,
         26.6,   22.1,   16.7,   10.6,    3.2,   -9. ,  -26.4,  -78.3,
       -171.1, -190.3, -201.4, -209.1, -215.1, -219.9, -223.8, -227.1,
       -230.2, -232.9]), 'V': 25.0, 'C_B': 0.1, 'titration_type': 'acid_base', 'r2_threshold': 0.95, 'is_base': False}
Computing Gran/Schwartz for type: acid_base
DEBUG gran_functions: potential first 5: [176.4  82.6  80.3  78.3  76.3]
DEBUG gran_functions: pH first 5: [4.01825558 5.60378634 5.64266396 5.67647059 5.71027721]
Gran and Schwartz computed successfully.
Computing Gran/Schwartz for type: acid_base
DEBUG gran_functions: potential first 5: [176.4  82.6  80.3  78.3  76.3]
DEBUG gran_functions: pH first 5: [4.01825558 5.60378634 5.64266396 5.67647059 5.71027721]
Gran and Schwartz computed successfully.
Diagnostics forwarded: initial = 549 opt = 589
=== ANALYZER NESTED RESULTS ===
Gran Raw: V_eq = 5.033 mL, R² = 0.9999, k = 0.000, Zone = 5-25
Gran Opt: V_eq = 5.018 mL, R² = 0.9999, k = 0.062, Zone = 7-28
Schwartz Raw: V_eq = 5.033 mL, R² = 0.9999, k = 0.000, Zone = 5-25
Schwartz Opt: V_eq = 5.018 mL, R² = 0.9999, k = 0.062, Zone = 7-28
pH shape: (42,)
=== END ANALYZER NESTED ===
Titration curve saved to /home/sgiani/repos/GranTED/results_old/mL/new_sensor/9/titration_curve.png
Gran/Schwartz combined plot saved to /home/sgiani/repos/GranTED/results_old/mL/new_sensor/9/gran_schwartz.png
Combined overview plot saved to /home/sgiani/repos/GranTED/results_old/mL/new_sensor/9/plots.png
Gran raw + search diagnostic plot saved to /home/sgiani/repos/GranTED/results_old/mL/new_sensor/9/gran_raw_with_search_diagnostic.png
Schwartz opt + search diagnostic plot saved to /home/sgiani/repos/GranTED/results_old/mL/new_sensor/9/schwartz_opt_with_search_diagnostic.png
Generating CSV report...
Saved simple CSV report to /home/sgiani/repos/GranTED/results_old/mL/new_sensor/9/report.csv
CSV report generated.
Generating PDF report...
Saved PDF report to /home/sgiani/repos/GranTED/results_old/mL/new_sensor/9/report.pdf
PDF report generated.
Full report generated in /home/sgiani/repos/GranTED/results_old/mL/new_sensor/9
Pipeline complete. Outputs in /home/sgiani/repos/GranTED/results_old/mL/new_sensor/9
Processing triplet 10 → columns 28,29
Loaded '/home/sgiani/repos/GranTED/results_old/mL/new_sensor/10/data.dat': 111 rows, skipped 152 header/comment/non-numeric lines.
Validation passed
Final config: {'V': 25.0, 'C_B': 0.1, 'titration_type': 'acid_base', 'r2_threshold': 0.95}
DEBUG preprocess: potential first 5: [177.5 169.3 161.4 154.6 149.6]
Detected acid titration (negative slope). No flip.
Preprocessing complete: Arrays extracted, params merged, type auto-detected (if acid_base).
DEBUG df:      volume  potential
0      0.00      177.5
1      0.05      169.3
2      0.10      161.4
3      0.15      154.6
4      0.20      149.6
..      ...        ...
106    5.30     -202.3
107    5.35     -206.4
108    5.40     -210.0
109    5.45     -212.7
110    5.50     -215.7

[111 rows x 2 columns]
DEBUG params: {'volume_array': array([0.  , 0.05, 0.1 , 0.15, 0.2 , 0.25, 0.3 , 0.35, 0.4 , 0.45, 0.5 ,
       0.55, 0.6 , 0.65, 0.7 , 0.75, 0.8 , 0.85, 0.9 , 0.95, 1.  , 1.05,
       1.1 , 1.15, 1.2 , 1.25, 1.3 , 1.35, 1.4 , 1.45, 1.5 , 1.55, 1.6 ,
       1.65, 1.7 , 1.75, 1.8 , 1.85, 1.9 , 1.95, 2.  , 2.05, 2.1 , 2.15,
       2.2 , 2.25, 2.3 , 2.35, 2.4 , 2.45, 2.5 , 2.55, 2.6 , 2.65, 2.7 ,
       2.75, 2.8 , 2.85, 2.9 , 2.95, 3.  , 3.05, 3.1 , 3.15, 3.2 , 3.25,
       3.3 , 3.35, 3.4 , 3.45, 3.5 , 3.55, 3.6 , 3.65, 3.7 , 3.75, 3.8 ,
       3.85, 3.9 , 3.95, 4.  , 4.05, 4.1 , 4.15, 4.2 , 4.25, 4.3 , 4.35,
       4.4 , 4.45, 4.5 , 4.55, 4.6 , 4.65, 4.7 , 4.75, 4.8 , 4.85, 4.9 ,
       4.95, 5.  , 5.05, 5.1 , 5.15, 5.2 , 5.25, 5.3 , 5.35, 5.4 , 5.45,
       5.5 ]), 'potential_array': array([ 177.5,  169.3,  161.4,  154.6,  149.6,  144. ,  140. ,  136.3,
        132.8,  129.9,  127.2,  124.3,  122.2,  119.8,  117.8,  115.6,
        113.8,  112.1,  110.8,  108.7,  107.2,  105.6,  104.5,  102.6,
        101.5,  100. ,   98.8,   97.5,   96.4,   95.1,   94. ,   92.6,
         91.5,   90.4,   89.2,   87.9,   88.2,   86.1,   84.9,   83.8,
         82.7,   81.7,   80.3,   80.2,   78.9,   78.9,   77.1,   75.7,
         74.7,   73.7,   72.7,   71.6,   70.7,   69.6,   68.7,   67.5,
         66.6,   65.6,   64.6,   63.8,   62.5,   61.5,   60.3,   59.3,
         58.2,   57.3,   56. ,   54.8,   53.6,   52.4,   51.3,   50. ,
         49. ,   46.7,   46.4,   45. ,   43.7,   42.2,   40.8,   39.2,
         37.6,   36. ,   34.4,   32.6,   30.8,   28.7,   26.9,   24.6,
         22.4,   19.7,   17. ,   14. ,   10.7,    7.2,    3.1,   -2. ,
         -7.6,  -15.7,  -24.9,  -40.6,  -78.4, -151.1, -172.1, -183.3,
       -191.4, -197.5, -202.3, -206.4, -210. , -212.7, -215.7]), 'V': 25.0, 'C_B': 0.1, 'titration_type': 'acid_base', 'r2_threshold': 0.95, 'is_base': False}
Computing Gran/Schwartz for type: acid_base
DEBUG gran_functions: potential first 5: [177.5 169.3 161.4 154.6 149.6]
DEBUG gran_functions: pH first 5: [3.99966193 4.1382691  4.27180527 4.3867478  4.47126437]
Gran and Schwartz computed successfully.
Computing Gran/Schwartz for type: acid_base
DEBUG gran_functions: potential first 5: [177.5 169.3 161.4 154.6 149.6]
DEBUG gran_functions: pH first 5: [3.99966193 4.1382691  4.27180527 4.3867478  4.47126437]
Gran and Schwartz computed successfully.
Diagnostics forwarded: initial = 2338 opt = 2646
=== ANALYZER NESTED RESULTS ===
Gran Raw: V_eq = 5.011 mL, R² = 0.9996, k = 0.000, Zone = 70-100
Gran Opt: V_eq = 5.004 mL, R² = 0.9996, k = 0.237, Zone = 68-98
Schwartz Raw: V_eq = 5.011 mL, R² = 0.9996, k = 0.000, Zone = 70-100
Schwartz Opt: V_eq = 5.004 mL, R² = 0.9996, k = 0.237, Zone = 68-98
pH shape: (111,)
=== END ANALYZER NESTED ===
Titration curve saved to /home/sgiani/repos/GranTED/results_old/mL/new_sensor/10/titration_curve.png
Gran/Schwartz combined plot saved to /home/sgiani/repos/GranTED/results_old/mL/new_sensor/10/gran_schwartz.png
Combined overview plot saved to /home/sgiani/repos/GranTED/results_old/mL/new_sensor/10/plots.png
Gran raw + search diagnostic plot saved to /home/sgiani/repos/GranTED/results_old/mL/new_sensor/10/gran_raw_with_search_diagnostic.png
Schwartz opt + search diagnostic plot saved to /home/sgiani/repos/GranTED/results_old/mL/new_sensor/10/schwartz_opt_with_search_diagnostic.png
Generating CSV report...
Saved simple CSV report to /home/sgiani/repos/GranTED/results_old/mL/new_sensor/10/report.csv
CSV report generated.
Generating PDF report...
Saved PDF report to /home/sgiani/repos/GranTED/results_old/mL/new_sensor/10/report.pdf
PDF report generated.
Full report generated in /home/sgiani/repos/GranTED/results_old/mL/new_sensor/10
Pipeline complete. Outputs in /home/sgiani/repos/GranTED/results_old/mL/new_sensor/10
Processing triplet 11 → columns 31,32
Loaded '/home/sgiani/repos/GranTED/results_old/mL/new_sensor/11/data.dat': 111 rows, skipped 152 header/comment/non-numeric lines.
Validation passed
Final config: {'V': 25.0, 'C_B': 0.1, 'titration_type': 'acid_base', 'r2_threshold': 0.95}
DEBUG preprocess: potential first 5: [178.1 169.8 161.7 155.2 148.5]
Detected acid titration (negative slope). No flip.
Preprocessing complete: Arrays extracted, params merged, type auto-detected (if acid_base).
DEBUG df:      volume  potential
0      0.00      178.1
1      0.05      169.8
2      0.10      161.7
3      0.15      155.2
4      0.20      148.5
..      ...        ...
106    5.30     -201.8
107    5.35     -205.7
108    5.40     -209.4
109    5.45     -212.4
110    5.50     -215.0

[111 rows x 2 columns]
DEBUG params: {'volume_array': array([0.  , 0.05, 0.1 , 0.15, 0.2 , 0.25, 0.3 , 0.35, 0.4 , 0.45, 0.5 ,
       0.55, 0.6 , 0.65, 0.7 , 0.75, 0.8 , 0.85, 0.9 , 0.95, 1.  , 1.05,
       1.1 , 1.15, 1.2 , 1.25, 1.3 , 1.35, 1.4 , 1.45, 1.5 , 1.55, 1.6 ,
       1.65, 1.7 , 1.75, 1.8 , 1.85, 1.9 , 1.95, 2.  , 2.05, 2.1 , 2.15,
       2.2 , 2.25, 2.3 , 2.35, 2.4 , 2.45, 2.5 , 2.55, 2.6 , 2.65, 2.7 ,
       2.75, 2.8 , 2.85, 2.9 , 2.95, 3.  , 3.05, 3.1 , 3.15, 3.2 , 3.25,
       3.3 , 3.35, 3.4 , 3.45, 3.5 , 3.55, 3.6 , 3.65, 3.7 , 3.75, 3.8 ,
       3.85, 3.9 , 3.95, 4.  , 4.05, 4.1 , 4.15, 4.2 , 4.25, 4.3 , 4.35,
       4.4 , 4.45, 4.5 , 4.55, 4.6 , 4.65, 4.7 , 4.75, 4.8 , 4.85, 4.9 ,
       4.95, 5.  , 5.05, 5.1 , 5.15, 5.2 , 5.25, 5.3 , 5.35, 5.4 , 5.45,
       5.5 ]), 'potential_array': array([ 178.1,  169.8,  161.7,  155.2,  148.5,  145.9,  139.9,  136.4,
        133. ,  130.4,  127.2,  124.9,  122.6,  120.4,  118.1,  116. ,
        114.4,  112.3,  110.7,  109.5,  107.6,  106.1,  104.4,  103.3,
        101.8,  100.5,   99.4,   98. ,   96.8,   95.7,   94.4,   93. ,
         92.1,   90.9,   89.8,   89.1,   87.5,   86.5,   85.4,   84.5,
         83.2,   82.4,   81.3,   80.3,   79.3,   78.4,   77.1,   76.4,
         75.4,   74.2,   73.3,   72.1,   71.2,   70.3,   69.2,   68.2,
         67.1,   66.4,   65. ,   64.1,   63. ,   62. ,   60.7,   59.8,
         58.8,   57.6,   56.6,   55.3,   54.2,   53. ,   51.8,   50.6,
         49.5,   48.2,   47.2,   45.4,   44.1,   42.6,   41.4,   39.9,
         38.3,   36.6,   35.1,   33.1,   31.6,   29.4,   27.3,   25.1,
         22.8,   20.2,   17.6,   14.7,   11.4,    7.6,    3.4,   -1.2,
         -6.9,  -14.7,  -25. ,  -39.7,  -73.9, -149.6, -170.8, -183. ,
       -190.7, -197.2, -201.8, -205.7, -209.4, -212.4, -215. ]), 'V': 25.0, 'C_B': 0.1, 'titration_type': 'acid_base', 'r2_threshold': 0.95, 'is_base': False}
Computing Gran/Schwartz for type: acid_base
DEBUG gran_functions: potential first 5: [178.1 169.8 161.7 155.2 148.5]
DEBUG gran_functions: pH first 5: [3.98951995 4.12981744 4.26673428 4.37660581 4.48985801]
Gran and Schwartz computed successfully.
Computing Gran/Schwartz for type: acid_base
DEBUG gran_functions: potential first 5: [178.1 169.8 161.7 155.2 148.5]
DEBUG gran_functions: pH first 5: [3.98951995 4.12981744 4.26673428 4.37660581 4.48985801]
Gran and Schwartz computed successfully.
Diagnostics forwarded: initial = 2394 opt = 2674
=== ANALYZER NESTED RESULTS ===
Gran Raw: V_eq = 5.010 mL, R² = 0.9999, k = 0.000, Zone = 70-100
Gran Opt: V_eq = 5.006 mL, R² = 0.9999, k = 0.147, Zone = 69-99
Schwartz Raw: V_eq = 5.010 mL, R² = 0.9999, k = 0.000, Zone = 70-100
Schwartz Opt: V_eq = 5.006 mL, R² = 0.9999, k = 0.147, Zone = 69-99
pH shape: (111,)
=== END ANALYZER NESTED ===
Titration curve saved to /home/sgiani/repos/GranTED/results_old/mL/new_sensor/11/titration_curve.png
Gran/Schwartz combined plot saved to /home/sgiani/repos/GranTED/results_old/mL/new_sensor/11/gran_schwartz.png
Combined overview plot saved to /home/sgiani/repos/GranTED/results_old/mL/new_sensor/11/plots.png
Gran raw + search diagnostic plot saved to /home/sgiani/repos/GranTED/results_old/mL/new_sensor/11/gran_raw_with_search_diagnostic.png
Schwartz opt + search diagnostic plot saved to /home/sgiani/repos/GranTED/results_old/mL/new_sensor/11/schwartz_opt_with_search_diagnostic.png
Generating CSV report...
Saved simple CSV report to /home/sgiani/repos/GranTED/results_old/mL/new_sensor/11/report.csv
CSV report generated.
Generating PDF report...
Saved PDF report to /home/sgiani/repos/GranTED/results_old/mL/new_sensor/11/report.pdf
PDF report generated.
Full report generated in /home/sgiani/repos/GranTED/results_old/mL/new_sensor/11
Pipeline complete. Outputs in /home/sgiani/repos/GranTED/results_old/mL/new_sensor/11
Processing triplet 12 → columns 34,35
Loaded '/home/sgiani/repos/GranTED/results_old/mL/new_sensor/12/data.dat': 111 rows, skipped 152 header/comment/non-numeric lines.
Validation passed
Final config: {'V': 25.0, 'C_B': 0.1, 'titration_type': 'acid_base', 'r2_threshold': 0.95}
DEBUG preprocess: potential first 5: [179.3 171.2 162.2 155.5 150. ]
Detected acid titration (negative slope). No flip.
Preprocessing complete: Arrays extracted, params merged, type auto-detected (if acid_base).
DEBUG df:      volume  potential
0      0.00      179.3
1      0.05      171.2
2      0.10      162.2
3      0.15      155.5
4      0.20      150.0
..      ...        ...
106    5.30     -202.7
107    5.35     -206.6
108    5.40     -210.2
109    5.45     -213.3
110    5.50     -215.7

[111 rows x 2 columns]
DEBUG params: {'volume_array': array([0.  , 0.05, 0.1 , 0.15, 0.2 , 0.25, 0.3 , 0.35, 0.4 , 0.45, 0.5 ,
       0.55, 0.6 , 0.65, 0.7 , 0.75, 0.8 , 0.85, 0.9 , 0.95, 1.  , 1.05,
       1.1 , 1.15, 1.2 , 1.25, 1.3 , 1.35, 1.4 , 1.45, 1.5 , 1.55, 1.6 ,
       1.65, 1.7 , 1.75, 1.8 , 1.85, 1.9 , 1.95, 2.  , 2.05, 2.1 , 2.15,
       2.2 , 2.25, 2.3 , 2.35, 2.4 , 2.45, 2.5 , 2.55, 2.6 , 2.65, 2.7 ,
       2.75, 2.8 , 2.85, 2.9 , 2.95, 3.  , 3.05, 3.1 , 3.15, 3.2 , 3.25,
       3.3 , 3.35, 3.4 , 3.45, 3.5 , 3.55, 3.6 , 3.65, 3.7 , 3.75, 3.8 ,
       3.85, 3.9 , 3.95, 4.  , 4.05, 4.1 , 4.15, 4.2 , 4.25, 4.3 , 4.35,
       4.4 , 4.45, 4.5 , 4.55, 4.6 , 4.65, 4.7 , 4.75, 4.8 , 4.85, 4.9 ,
       4.95, 5.  , 5.05, 5.1 , 5.15, 5.2 , 5.25, 5.3 , 5.35, 5.4 , 5.45,
       5.5 ]), 'potential_array': array([ 179.3,  171.2,  162.2,  155.5,  150. ,  144.9,  141.1,  137.2,
        133.8,  131.1,  128.1,  125.7,  123.6,  121.1,  118.9,  116.9,
        115. ,  113.2,  111.4,  109.9,  108.9,  106.9,  105.3,  104. ,
        102.6,  101.2,   99.9,   98.7,   97.5,   96.4,   95.1,   93.7,
         92.8,   91.6,   90.4,   89.4,   88.3,   87.1,   86.1,   84.9,
         84.1,   83.1,   82. ,   80.9,   79.9,   79. ,   77.9,   76.9,
         75.9,   74.8,   73.9,   72.9,   71.9,   70.9,   69.8,   68.9,
         67.9,   66.9,   65.7,   64.5,   64.3,   63. ,   61.7,   60.6,
         59.5,   58.4,   57.2,   56.2,   55. ,   53.8,   52.6,   51.4,
         50.2,   48.8,   47.6,   46.2,   44.9,   43.5,   41.9,   40.5,
         38.9,   37.4,   35.6,   33.8,   32. ,   30.1,   27.9,   25.9,
         23.4,   21. ,   18.3,   15.4,   12.3,    8.5,    4.2,   -0.6,
         -6.6,  -13.5,  -23.3,  -38.3,  -78.5, -150.1, -171.5, -183.2,
       -191.6, -197.6, -202.7, -206.6, -210.2, -213.3, -215.7]), 'V': 25.0, 'C_B': 0.1, 'titration_type': 'acid_base', 'r2_threshold': 0.95, 'is_base': False}
Computing Gran/Schwartz for type: acid_base
DEBUG gran_functions: potential first 5: [179.3 171.2 162.2 155.5 150. ]
DEBUG gran_functions: pH first 5: [3.96923597 4.10615281 4.25828262 4.37153482 4.46450304]
Gran and Schwartz computed successfully.
Computing Gran/Schwartz for type: acid_base
DEBUG gran_functions: potential first 5: [179.3 171.2 162.2 155.5 150. ]
DEBUG gran_functions: pH first 5: [3.96923597 4.10615281 4.25828262 4.37153482 4.46450304]
Gran and Schwartz computed successfully.
Diagnostics forwarded: initial = 2338 opt = 2506
=== ANALYZER NESTED RESULTS ===
Gran Raw: V_eq = 5.010 mL, R² = 1.0000, k = 0.000, Zone = 70-100
Gran Opt: V_eq = 5.009 mL, R² = 1.0000, k = 0.044, Zone = 68-98
Schwartz Raw: V_eq = 5.010 mL, R² = 1.0000, k = 0.000, Zone = 70-100
Schwartz Opt: V_eq = 5.009 mL, R² = 1.0000, k = 0.044, Zone = 68-98
pH shape: (111,)
=== END ANALYZER NESTED ===
Titration curve saved to /home/sgiani/repos/GranTED/results_old/mL/new_sensor/12/titration_curve.png
Gran/Schwartz combined plot saved to /home/sgiani/repos/GranTED/results_old/mL/new_sensor/12/gran_schwartz.png
Combined overview plot saved to /home/sgiani/repos/GranTED/results_old/mL/new_sensor/12/plots.png
Gran raw + search diagnostic plot saved to /home/sgiani/repos/GranTED/results_old/mL/new_sensor/12/gran_raw_with_search_diagnostic.png
Schwartz opt + search diagnostic plot saved to /home/sgiani/repos/GranTED/results_old/mL/new_sensor/12/schwartz_opt_with_search_diagnostic.png
Generating CSV report...
Saved simple CSV report to /home/sgiani/repos/GranTED/results_old/mL/new_sensor/12/report.csv
CSV report generated.
Generating PDF report...
Saved PDF report to /home/sgiani/repos/GranTED/results_old/mL/new_sensor/12/report.pdf
PDF report generated.
Full report generated in /home/sgiani/repos/GranTED/results_old/mL/new_sensor/12
Pipeline complete. Outputs in /home/sgiani/repos/GranTED/results_old/mL/new_sensor/12
Processing triplet 13 → columns 37,38
Loaded '/home/sgiani/repos/GranTED/results_old/mL/new_sensor/13/data.dat': 72 rows, skipped 191 header/comment/non-numeric lines.
Validation passed
Final config: {'V': 25.0, 'C_B': 0.1, 'titration_type': 'acid_base', 'r2_threshold': 0.95}
DEBUG preprocess: potential first 5: [177.6  82.6  81.8  80.8  79.8]
Detected acid titration (negative slope). No flip.
Preprocessing complete: Arrays extracted, params merged, type auto-detected (if acid_base).
DEBUG df:     volume  potential
0     0.00      177.6
1     2.00       82.6
2     2.05       81.8
3     2.10       80.8
4     2.15       79.8
..     ...        ...
67    5.30     -202.3
68    5.35     -206.3
69    5.40     -209.9
70    5.45     -213.0
71    5.50     -215.7

[72 rows x 2 columns]
DEBUG params: {'volume_array': array([0.  , 2.  , 2.05, 2.1 , 2.15, 2.2 , 2.25, 2.3 , 2.35, 2.4 , 2.45,
       2.5 , 2.55, 2.6 , 2.65, 2.7 , 2.75, 2.8 , 2.85, 2.9 , 2.95, 3.  ,
       3.05, 3.1 , 3.15, 3.2 , 3.25, 3.3 , 3.35, 3.4 , 3.45, 3.5 , 3.55,
       3.6 , 3.65, 3.7 , 3.75, 3.8 , 3.85, 3.9 , 3.95, 4.  , 4.05, 4.1 ,
       4.15, 4.2 , 4.25, 4.3 , 4.35, 4.4 , 4.45, 4.5 , 4.55, 4.6 , 4.65,
       4.7 , 4.75, 4.8 , 4.85, 4.9 , 4.95, 5.  , 5.05, 5.1 , 5.15, 5.2 ,
       5.25, 5.3 , 5.35, 5.4 , 5.45, 5.5 ]), 'potential_array': array([ 177.6,   82.6,   81.8,   80.8,   79.8,   78.9,   77.7,   77.1,
         75.8,   74.8,   73.7,   72.8,   71.8,   70.8,   69.7,   68.7,
         67.9,   66.7,   65.7,   64.6,   63.6,   62.6,   61.8,   60.4,
         59.4,   58.3,   57.3,   56.1,   54.9,   53.7,   52.5,   51.4,
         50.1,   48.9,   47.8,   46.6,   45.3,   43.6,   42.2,   40.8,
         39.3,   37.9,   36.1,   34.6,   32.5,   30.5,   29.2,   26.9,
         24.5,   22.4,   19.8,   17.1,   14. ,   10.9,    6.9,    3.1,
         -1.5,   -7.2,  -15.2,  -25.4,  -40.8,  -77. , -149.9, -171.5,
       -183.4, -191.4, -197.6, -202.3, -206.3, -209.9, -213. , -215.7]), 'V': 25.0, 'C_B': 0.1, 'titration_type': 'acid_base', 'r2_threshold': 0.95, 'is_base': False}
Computing Gran/Schwartz for type: acid_base
DEBUG gran_functions: potential first 5: [177.6  82.6  81.8  80.8  79.8]
DEBUG gran_functions: pH first 5: [3.9979716  5.60378634 5.61730899 5.63421231 5.65111562]
Gran and Schwartz computed successfully.
Computing Gran/Schwartz for type: acid_base
DEBUG gran_functions: potential first 5: [177.6  82.6  81.8  80.8  79.8]
DEBUG gran_functions: pH first 5: [3.9979716  5.60378634 5.61730899 5.63421231 5.65111562]
Gran and Schwartz computed successfully.
Diagnostics forwarded: initial = 1554 opt = 1582
=== ANALYZER NESTED RESULTS ===
Gran Raw: V_eq = 5.009 mL, R² = 0.9999, k = 0.000, Zone = 31-61
Gran Opt: V_eq = 5.007 mL, R² = 0.9999, k = 0.084, Zone = 31-61
Schwartz Raw: V_eq = 5.009 mL, R² = 0.9999, k = 0.000, Zone = 31-61
Schwartz Opt: V_eq = 5.007 mL, R² = 0.9999, k = 0.084, Zone = 31-61
pH shape: (72,)
=== END ANALYZER NESTED ===
Titration curve saved to /home/sgiani/repos/GranTED/results_old/mL/new_sensor/13/titration_curve.png
Gran/Schwartz combined plot saved to /home/sgiani/repos/GranTED/results_old/mL/new_sensor/13/gran_schwartz.png
Combined overview plot saved to /home/sgiani/repos/GranTED/results_old/mL/new_sensor/13/plots.png
Gran raw + search diagnostic plot saved to /home/sgiani/repos/GranTED/results_old/mL/new_sensor/13/gran_raw_with_search_diagnostic.png
Schwartz opt + search diagnostic plot saved to /home/sgiani/repos/GranTED/results_old/mL/new_sensor/13/schwartz_opt_with_search_diagnostic.png
Generating CSV report...
Saved simple CSV report to /home/sgiani/repos/GranTED/results_old/mL/new_sensor/13/report.csv
CSV report generated.
Generating PDF report...
Saved PDF report to /home/sgiani/repos/GranTED/results_old/mL/new_sensor/13/report.pdf
PDF report generated.
Full report generated in /home/sgiani/repos/GranTED/results_old/mL/new_sensor/13
Pipeline complete. Outputs in /home/sgiani/repos/GranTED/results_old/mL/new_sensor/13
Processing triplet 14 → columns 40,41
Loaded '/home/sgiani/repos/GranTED/results_old/mL/new_sensor/14/data.dat': 72 rows, skipped 191 header/comment/non-numeric lines.
Validation passed
Final config: {'V': 25.0, 'C_B': 0.1, 'titration_type': 'acid_base', 'r2_threshold': 0.95}
DEBUG preprocess: potential first 5: [178.   78.5  82.3  81.4  80.5]
Detected acid titration (negative slope). No flip.
Preprocessing complete: Arrays extracted, params merged, type auto-detected (if acid_base).
DEBUG df:     volume  potential
0     0.00      178.0
1     2.00       78.5
2     2.05       82.3
3     2.10       81.4
4     2.15       80.5
..     ...        ...
67    5.30     -202.3
68    5.35     -205.8
69    5.40     -209.7
70    5.45     -212.6
71    5.50     -215.6

[72 rows x 2 columns]
DEBUG params: {'volume_array': array([0.  , 2.  , 2.05, 2.1 , 2.15, 2.2 , 2.25, 2.3 , 2.35, 2.4 , 2.45,
       2.5 , 2.55, 2.6 , 2.65, 2.7 , 2.75, 2.8 , 2.85, 2.9 , 2.95, 3.  ,
       3.05, 3.1 , 3.15, 3.2 , 3.25, 3.3 , 3.35, 3.4 , 3.45, 3.5 , 3.55,
       3.6 , 3.65, 3.7 , 3.75, 3.8 , 3.85, 3.9 , 3.95, 4.  , 4.05, 4.1 ,
       4.15, 4.2 , 4.25, 4.3 , 4.35, 4.4 , 4.45, 4.5 , 4.55, 4.6 , 4.65,
       4.7 , 4.75, 4.8 , 4.85, 4.9 , 4.95, 5.  , 5.05, 5.1 , 5.15, 5.2 ,
       5.25, 5.3 , 5.35, 5.4 , 5.45, 5.5 ]), 'potential_array': array([ 178. ,   78.5,   82.3,   81.4,   80.5,   79.3,   78.5,   77.3,
         76.3,   75.3,   74.3,   73.3,   72.3,   71.2,   70.3,   69.2,
         68.3,   67.2,   66.2,   65.1,   64.2,   63.1,   62.1,   61. ,
         59.8,   58.9,   57.8,   56.5,   55.4,   54.3,   53.1,   52. ,
         50.8,   49.4,   48.3,   46.9,   45.5,   44.2,   42.7,   41.3,
         39.8,   38.2,   36.6,   34.9,   33.3,   31.4,   29.6,   27.4,
         25.4,   22.8,   20.1,   17.5,   14.9,   11.1,    7.8,    3.6,
         -0.3,   -7.5,  -14.7,  -24.7,  -42.9,  -75.5, -149.9, -171.1,
       -183. , -191.1, -197.4, -202.3, -205.8, -209.7, -212.6, -215.6]), 'V': 25.0, 'C_B': 0.1, 'titration_type': 'acid_base', 'r2_threshold': 0.95, 'is_base': False}
Computing Gran/Schwartz for type: acid_base
DEBUG gran_functions: potential first 5: [178.   78.5  82.3  81.4  80.5]
DEBUG gran_functions: pH first 5: [3.99121028 5.67308993 5.60885734 5.62407032 5.6392833 ]
Gran and Schwartz computed successfully.
Computing Gran/Schwartz for type: acid_base
DEBUG gran_functions: potential first 5: [178.   78.5  82.3  81.4  80.5]
DEBUG gran_functions: pH first 5: [3.99121028 5.67308993 5.60885734 5.62407032 5.6392833 ]
Gran and Schwartz computed successfully.
Diagnostics forwarded: initial = 1498 opt = 1526
=== ANALYZER NESTED RESULTS ===
Gran Raw: V_eq = 5.010 mL, R² = 0.9999, k = 0.000, Zone = 29-59
Gran Opt: V_eq = 5.006 mL, R² = 0.9999, k = 0.133, Zone = 29-59
Schwartz Raw: V_eq = 5.010 mL, R² = 0.9999, k = 0.000, Zone = 29-59
Schwartz Opt: V_eq = 5.006 mL, R² = 0.9999, k = 0.133, Zone = 29-59
pH shape: (72,)
=== END ANALYZER NESTED ===
Titration curve saved to /home/sgiani/repos/GranTED/results_old/mL/new_sensor/14/titration_curve.png
Gran/Schwartz combined plot saved to /home/sgiani/repos/GranTED/results_old/mL/new_sensor/14/gran_schwartz.png
Combined overview plot saved to /home/sgiani/repos/GranTED/results_old/mL/new_sensor/14/plots.png
Gran raw + search diagnostic plot saved to /home/sgiani/repos/GranTED/results_old/mL/new_sensor/14/gran_raw_with_search_diagnostic.png
Schwartz opt + search diagnostic plot saved to /home/sgiani/repos/GranTED/results_old/mL/new_sensor/14/schwartz_opt_with_search_diagnostic.png
Generating CSV report...
Saved simple CSV report to /home/sgiani/repos/GranTED/results_old/mL/new_sensor/14/report.csv
CSV report generated.
Generating PDF report...
Saved PDF report to /home/sgiani/repos/GranTED/results_old/mL/new_sensor/14/report.pdf
PDF report generated.
Full report generated in /home/sgiani/repos/GranTED/results_old/mL/new_sensor/14
Pipeline complete. Outputs in /home/sgiani/repos/GranTED/results_old/mL/new_sensor/14
Processing triplet 15 → columns 43,44
Loaded '/home/sgiani/repos/GranTED/results_old/mL/new_sensor/15/data.dat': 72 rows, skipped 191 header/comment/non-numeric lines.
Validation passed
Final config: {'V': 25.0, 'C_B': 0.1, 'titration_type': 'acid_base', 'r2_threshold': 0.95}
DEBUG preprocess: potential first 5: [178.5  86.8  83.1  82.   80.8]
Detected acid titration (negative slope). No flip.
Preprocessing complete: Arrays extracted, params merged, type auto-detected (if acid_base).
DEBUG df:     volume  potential
0     0.00      178.5
1     2.00       86.8
2     2.05       83.1
3     2.10       82.0
4     2.15       80.8
..     ...        ...
67    5.30     -202.4
68    5.35     -206.6
69    5.40     -209.9
70    5.45     -213.2
71    5.50     -216.0

[72 rows x 2 columns]
DEBUG params: {'volume_array': array([0.  , 2.  , 2.05, 2.1 , 2.15, 2.2 , 2.25, 2.3 , 2.35, 2.4 , 2.45,
       2.5 , 2.55, 2.6 , 2.65, 2.7 , 2.75, 2.8 , 2.85, 2.9 , 2.95, 3.  ,
       3.05, 3.1 , 3.15, 3.2 , 3.25, 3.3 , 3.35, 3.4 , 3.45, 3.5 , 3.55,
       3.6 , 3.65, 3.7 , 3.75, 3.8 , 3.85, 3.9 , 3.95, 4.  , 4.05, 4.1 ,
       4.15, 4.2 , 4.25, 4.3 , 4.35, 4.4 , 4.45, 4.5 , 4.55, 4.6 , 4.65,
       4.7 , 4.75, 4.8 , 4.85, 4.9 , 4.95, 5.  , 5.05, 5.1 , 5.15, 5.2 ,
       5.25, 5.3 , 5.35, 5.4 , 5.45, 5.5 ]), 'potential_array': array([ 178.5,   86.8,   83.1,   82. ,   80.8,   79.7,   78.8,   77.8,
         76.8,   75.7,   74.8,   73.9,   72.7,   71.5,   70.5,   69.3,
         68.9,   67.7,   66.7,   65.8,   64.6,   63.6,   62.6,   61.3,
         60.5,   59.3,   58.1,   57. ,   56. ,   54.8,   53.6,   52.3,
         51.1,   49.9,   48.8,   47.4,   46.1,   44.7,   43.2,   41.7,
         40.3,   38.7,   37.2,   35.4,   33.7,   32. ,   29.8,   27.7,
         25.8,   23.5,   21. ,   18.5,   15.1,   12. ,    8.2,    4.7,
         -1.1,   -7. ,  -14.4,  -24.2,  -41.3,  -78.8, -150.2, -171.7,
       -183.2, -191.8, -197.5, -202.4, -206.6, -209.9, -213.2, -216. ]), 'V': 25.0, 'C_B': 0.1, 'titration_type': 'acid_base', 'r2_threshold': 0.95, 'is_base': False}
Computing Gran/Schwartz for type: acid_base
DEBUG gran_functions: potential first 5: [178.5  86.8  83.1  82.   80.8]
DEBUG gran_functions: pH first 5: [3.98275862 5.53279243 5.59533469 5.61392833 5.63421231]
Gran and Schwartz computed successfully.
Computing Gran/Schwartz for type: acid_base
DEBUG gran_functions: potential first 5: [178.5  86.8  83.1  82.   80.8]
DEBUG gran_functions: pH first 5: [3.98275862 5.53279243 5.59533469 5.61392833 5.63421231]
Gran and Schwartz computed successfully.
Diagnostics forwarded: initial = 1554 opt = 1582
=== ANALYZER NESTED RESULTS ===
Gran Raw: V_eq = 5.018 mL, R² = 0.9999, k = 0.000, Zone = 25-55
Gran Opt: V_eq = 5.010 mL, R² = 0.9999, k = 0.134, Zone = 25-55
Schwartz Raw: V_eq = 5.018 mL, R² = 0.9999, k = 0.000, Zone = 25-55
Schwartz Opt: V_eq = 5.010 mL, R² = 0.9999, k = 0.134, Zone = 25-55
pH shape: (72,)
=== END ANALYZER NESTED ===
Titration curve saved to /home/sgiani/repos/GranTED/results_old/mL/new_sensor/15/titration_curve.png
Gran/Schwartz combined plot saved to /home/sgiani/repos/GranTED/results_old/mL/new_sensor/15/gran_schwartz.png
Combined overview plot saved to /home/sgiani/repos/GranTED/results_old/mL/new_sensor/15/plots.png
Gran raw + search diagnostic plot saved to /home/sgiani/repos/GranTED/results_old/mL/new_sensor/15/gran_raw_with_search_diagnostic.png
Schwartz opt + search diagnostic plot saved to /home/sgiani/repos/GranTED/results_old/mL/new_sensor/15/schwartz_opt_with_search_diagnostic.png
Generating CSV report...
Saved simple CSV report to /home/sgiani/repos/GranTED/results_old/mL/new_sensor/15/report.csv
CSV report generated.
Generating PDF report...
Saved PDF report to /home/sgiani/repos/GranTED/results_old/mL/new_sensor/15/report.pdf
PDF report generated.
Full report generated in /home/sgiani/repos/GranTED/results_old/mL/new_sensor/15
Pipeline complete. Outputs in /home/sgiani/repos/GranTED/results_old/mL/new_sensor/15
Processing triplet 16 → columns 46,47
Loaded '/home/sgiani/repos/GranTED/results_old/mL/new_sensor/16/data.dat': 261 rows, skipped 2 header/comment/non-numeric lines.
Validation passed
Final config: {'V': 25.0, 'C_B': 0.1, 'titration_type': 'acid_base', 'r2_threshold': 0.95}
DEBUG preprocess: potential first 5: [177.9 174.4 170.7 167.6 164.6]
Detected acid titration (negative slope). No flip.
Preprocessing complete: Arrays extracted, params merged, type auto-detected (if acid_base).
DEBUG df:      volume  potential
0      0.00      177.9
1      0.02      174.4
2      0.04      170.7
3      0.06      167.6
4      0.08      164.6
..      ...        ...
256    5.12     -177.3
257    5.14     -181.5
258    5.16     -185.1
259    5.18     -188.3
260    5.20     -191.0

[261 rows x 2 columns]
DEBUG params: {'volume_array': array([0.  , 0.02, 0.04, 0.06, 0.08, 0.1 , 0.12, 0.14, 0.16, 0.18, 0.2 ,
       0.22, 0.24, 0.26, 0.28, 0.3 , 0.32, 0.34, 0.36, 0.38, 0.4 , 0.42,
       0.44, 0.46, 0.48, 0.5 , 0.52, 0.54, 0.56, 0.58, 0.6 , 0.62, 0.64,
       0.66, 0.68, 0.7 , 0.72, 0.74, 0.76, 0.78, 0.8 , 0.82, 0.84, 0.86,
       0.88, 0.9 , 0.92, 0.94, 0.96, 0.98, 1.  , 1.02, 1.04, 1.06, 1.08,
       1.1 , 1.12, 1.14, 1.16, 1.18, 1.2 , 1.22, 1.24, 1.26, 1.28, 1.3 ,
       1.32, 1.34, 1.36, 1.38, 1.4 , 1.42, 1.44, 1.46, 1.48, 1.5 , 1.52,
       1.54, 1.56, 1.58, 1.6 , 1.62, 1.64, 1.66, 1.68, 1.7 , 1.72, 1.74,
       1.76, 1.78, 1.8 , 1.82, 1.84, 1.86, 1.88, 1.9 , 1.92, 1.94, 1.96,
       1.98, 2.  , 2.02, 2.04, 2.06, 2.08, 2.1 , 2.12, 2.14, 2.16, 2.18,
       2.2 , 2.22, 2.24, 2.26, 2.28, 2.3 , 2.32, 2.34, 2.36, 2.38, 2.4 ,
       2.42, 2.44, 2.46, 2.48, 2.5 , 2.52, 2.54, 2.56, 2.58, 2.6 , 2.62,
       2.64, 2.66, 2.68, 2.7 , 2.72, 2.74, 2.76, 2.78, 2.8 , 2.82, 2.84,
       2.86, 2.88, 2.9 , 2.92, 2.94, 2.96, 2.98, 3.  , 3.02, 3.04, 3.06,
       3.08, 3.1 , 3.12, 3.14, 3.16, 3.18, 3.2 , 3.22, 3.24, 3.26, 3.28,
       3.3 , 3.32, 3.34, 3.36, 3.38, 3.4 , 3.42, 3.44, 3.46, 3.48, 3.5 ,
       3.52, 3.54, 3.56, 3.58, 3.6 , 3.62, 3.64, 3.66, 3.68, 3.7 , 3.72,
       3.74, 3.76, 3.78, 3.8 , 3.82, 3.84, 3.86, 3.88, 3.9 , 3.92, 3.94,
       3.96, 3.98, 4.  , 4.02, 4.04, 4.06, 4.08, 4.1 , 4.12, 4.14, 4.16,
       4.18, 4.2 , 4.22, 4.24, 4.26, 4.28, 4.3 , 4.32, 4.34, 4.36, 4.38,
       4.4 , 4.42, 4.44, 4.46, 4.48, 4.5 , 4.52, 4.54, 4.56, 4.58, 4.6 ,
       4.62, 4.64, 4.66, 4.68, 4.7 , 4.72, 4.74, 4.76, 4.78, 4.8 , 4.82,
       4.84, 4.86, 4.88, 4.9 , 4.92, 4.94, 4.96, 4.98, 5.  , 5.02, 5.04,
       5.06, 5.08, 5.1 , 5.12, 5.14, 5.16, 5.18, 5.2 ]), 'potential_array': array([ 177.9,  174.4,  170.7,  167.6,  164.6,  161.5,  158.6,  156.3,
        153.8,  151.7,  149.7,  147.8,  146. ,  144.3,  142.8,  141. ,
        139.5,  138.1,  136.7,  135.3,  134.1,  132.8,  131.8,  130.6,
        129.6,  128.5,  127.5,  126.4,  125.3,  124.6,  123.7,  122.8,
        122. ,  121.1,  120.1,  119.4,  118.6,  117.9,  117.2,  116.3,
        115.7,  114.9,  114.2,  113.6,  112.9,  112.3,  111.6,  110.9,
        110.4,  109.6,  109. ,  108.5,  107.7,  107.3,  106.6,  106. ,
        105.5,  105.1,  104.4,  103.8,  103.3,  102.8,  102.3,  101.7,
        101.3,  100.7,  100.2,   99.7,   99.2,   98.7,   98.3,   97.8,
         97.3,   96.8,   96.4,   95.8,   95.2,   94.9,   94.3,   93.9,
         93.6,   93. ,   92.6,   92.1,   91.8,   91.3,   90.9,   90.4,
         89.9,   89.4,   89.1,   88.6,   88.2,   87.9,   87.4,   86.9,
         86.5,   86.1,   85.7,   85.3,   84.9,   84.5,   84. ,   83.6,
         83.2,   82.8,   82.4,   82. ,   81.5,   81.1,   80.7,   80.4,
         79.9,   79.5,   79.1,   78.7,   78.4,   77.9,   77.5,   77.2,
         76.8,   76.3,   75.9,   75.5,   75.2,   74.8,   74.4,   74. ,
         73.6,   73.2,   72.7,   72.3,   71.9,   71.5,   71.1,   70.7,
         70.5,   69.9,   69.5,   69.1,   68.7,   68.2,   67.8,   67.4,
         67.1,   66.6,   66.2,   65.8,   65.4,   65. ,   64.6,   64. ,
         63.6,   63.2,   62.9,   62.4,   61.9,   61.6,   61.1,   60.7,
         60.3,   59.8,   59.4,   59. ,   58.5,   58. ,   57.6,   57.1,
         56.6,   56.2,   55.7,   55.3,   54.8,   54.4,   53.8,   53.3,
         52.9,   52.4,   51.8,   51.3,   50.9,   50.4,   49.9,   49.3,
         48.8,   48.3,   47.7,   47.3,   46.7,   46.1,   45.6,   45. ,
         44.5,   43.8,   43.3,   42.7,   42. ,   41.5,   40.9,   40.3,
         39.5,   38.9,   38.2,   37.6,   36.9,   36.3,   35.6,   34.8,
         34. ,   33.3,   32.6,   31.8,   31. ,   30.2,   29.4,   28.4,
         27.6,   26.7,   25.7,   24.9,   24. ,   22.9,   21.8,   20.8,
         19.7,   18.4,   17.2,   16. ,   14.8,   13.4,   12.1,   10.6,
          8.8,    7.2,    5.6,    3.8,    1.7,   -0.4,   -2.7,   -5. ,
         -7.6,  -10.5,  -13.9,  -17.8,  -21.8,  -26.9,  -32.9,  -40.1,
        -49.8,  -65.5,  -86. , -124.7, -145.6, -157.5, -165.7, -172.4,
       -177.3, -181.5, -185.1, -188.3, -191. ]), 'V': 25.0, 'C_B': 0.1, 'titration_type': 'acid_base', 'r2_threshold': 0.95, 'is_base': False}
Computing Gran/Schwartz for type: acid_base
DEBUG gran_functions: potential first 5: [177.9 174.4 170.7 167.6 164.6]
DEBUG gran_functions: pH first 5: [3.99290061 4.0520622  4.11460446 4.16700473 4.21771467]
Gran and Schwartz computed successfully.
Computing Gran/Schwartz for type: acid_base
DEBUG gran_functions: potential first 5: [177.9 174.4 170.7 167.6 164.6]
DEBUG gran_functions: pH first 5: [3.99290061 4.0520622  4.11460446 4.16700473 4.21771467]
Gran and Schwartz computed successfully.
Diagnostics forwarded: initial = 6090 opt = 6426
=== ANALYZER NESTED RESULTS ===
Gran Raw: V_eq = 4.986 mL, R² = 0.9999, k = 0.000, Zone = 210-240
Gran Opt: V_eq = 4.986 mL, R² = 0.9999, k = 0.032, Zone = 209-239
Schwartz Raw: V_eq = 4.986 mL, R² = 0.9999, k = 0.000, Zone = 210-240
Schwartz Opt: V_eq = 4.986 mL, R² = 0.9999, k = 0.032, Zone = 209-239
pH shape: (261,)
=== END ANALYZER NESTED ===
Titration curve saved to /home/sgiani/repos/GranTED/results_old/mL/new_sensor/16/titration_curve.png
Gran/Schwartz combined plot saved to /home/sgiani/repos/GranTED/results_old/mL/new_sensor/16/gran_schwartz.png
Combined overview plot saved to /home/sgiani/repos/GranTED/results_old/mL/new_sensor/16/plots.png
Gran raw + search diagnostic plot saved to /home/sgiani/repos/GranTED/results_old/mL/new_sensor/16/gran_raw_with_search_diagnostic.png
Schwartz opt + search diagnostic plot saved to /home/sgiani/repos/GranTED/results_old/mL/new_sensor/16/schwartz_opt_with_search_diagnostic.png
Generating CSV report...
Saved simple CSV report to /home/sgiani/repos/GranTED/results_old/mL/new_sensor/16/report.csv
CSV report generated.
Generating PDF report...
Saved PDF report to /home/sgiani/repos/GranTED/results_old/mL/new_sensor/16/report.pdf
PDF report generated.
Full report generated in /home/sgiani/repos/GranTED/results_old/mL/new_sensor/16
Pipeline complete. Outputs in /home/sgiani/repos/GranTED/results_old/mL/new_sensor/16
Processing triplet 17 → columns 49,50
Loaded '/home/sgiani/repos/GranTED/results_old/mL/new_sensor/17/data.dat': 263 rows, skipped 0 header/comment/non-numeric lines.
Validation passed
Final config: {'V': 25.0, 'C_B': 0.1, 'titration_type': 'acid_base', 'r2_threshold': 0.95}
DEBUG preprocess: potential first 5: [178.5 175.6 172.  169.6 165.9]
Detected acid titration (negative slope). No flip.
Preprocessing complete: Arrays extracted, params merged, type auto-detected (if acid_base).
DEBUG df:      volume  potential
0      0.00      178.5
1      0.02      175.6
2      0.04      172.0
3      0.06      169.6
4      0.08      165.9
..      ...        ...
258    5.16     -175.4
259    5.18     -180.0
260    5.20     -183.7
261    5.22     -186.9
262    5.24     -189.7

[263 rows x 2 columns]
DEBUG params: {'volume_array': array([0.  , 0.02, 0.04, 0.06, 0.08, 0.1 , 0.12, 0.14, 0.16, 0.18, 0.2 ,
       0.22, 0.24, 0.26, 0.28, 0.3 , 0.32, 0.34, 0.36, 0.38, 0.4 , 0.42,
       0.44, 0.46, 0.48, 0.5 , 0.52, 0.54, 0.56, 0.58, 0.6 , 0.62, 0.64,
       0.66, 0.68, 0.7 , 0.72, 0.74, 0.76, 0.78, 0.8 , 0.82, 0.84, 0.86,
       0.88, 0.9 , 0.92, 0.94, 0.96, 0.98, 1.  , 1.02, 1.04, 1.06, 1.08,
       1.1 , 1.12, 1.14, 1.16, 1.18, 1.2 , 1.22, 1.24, 1.26, 1.28, 1.3 ,
       1.32, 1.34, 1.36, 1.38, 1.4 , 1.42, 1.44, 1.46, 1.48, 1.5 , 1.52,
       1.54, 1.56, 1.58, 1.6 , 1.62, 1.64, 1.66, 1.68, 1.7 , 1.72, 1.74,
       1.76, 1.78, 1.8 , 1.82, 1.84, 1.86, 1.88, 1.9 , 1.92, 1.94, 1.96,
       1.98, 2.  , 2.02, 2.04, 2.06, 2.08, 2.1 , 2.12, 2.14, 2.16, 2.18,
       2.2 , 2.22, 2.24, 2.26, 2.28, 2.3 , 2.32, 2.34, 2.36, 2.38, 2.4 ,
       2.42, 2.44, 2.46, 2.48, 2.5 , 2.52, 2.54, 2.56, 2.58, 2.6 , 2.62,
       2.64, 2.66, 2.68, 2.7 , 2.72, 2.74, 2.76, 2.78, 2.8 , 2.82, 2.84,
       2.86, 2.88, 2.9 , 2.92, 2.94, 2.96, 2.98, 3.  , 3.02, 3.04, 3.06,
       3.08, 3.1 , 3.12, 3.14, 3.16, 3.18, 3.2 , 3.22, 3.24, 3.26, 3.28,
       3.3 , 3.32, 3.34, 3.36, 3.38, 3.4 , 3.42, 3.44, 3.46, 3.48, 3.5 ,
       3.52, 3.54, 3.56, 3.58, 3.6 , 3.62, 3.64, 3.66, 3.68, 3.7 , 3.72,
       3.74, 3.76, 3.78, 3.8 , 3.82, 3.84, 3.86, 3.88, 3.9 , 3.92, 3.94,
       3.96, 3.98, 4.  , 4.02, 4.04, 4.06, 4.08, 4.1 , 4.12, 4.14, 4.16,
       4.18, 4.2 , 4.22, 4.24, 4.26, 4.28, 4.3 , 4.32, 4.34, 4.36, 4.38,
       4.4 , 4.42, 4.44, 4.46, 4.48, 4.5 , 4.52, 4.54, 4.56, 4.58, 4.6 ,
       4.62, 4.64, 4.66, 4.68, 4.7 , 4.72, 4.74, 4.76, 4.78, 4.8 , 4.82,
       4.84, 4.86, 4.88, 4.9 , 4.92, 4.94, 4.96, 4.98, 5.  , 5.02, 5.04,
       5.06, 5.08, 5.1 , 5.12, 5.14, 5.16, 5.18, 5.2 , 5.22, 5.24]), 'potential_array': array([ 178.5,  175.6,  172. ,  169.6,  165.9,  163.1,  160.6,  158.1,
        155.3,  153.5,  150.8,  148.8,  147.2,  145.4,  143.9,  142.4,
        140.6,  139.7,  137.8,  136.6,  135. ,  134. ,  132.6,  131.6,
        130.5,  129.4,  128.8,  127.7,  126.5,  125.4,  124.9,  123.6,
        122.8,  121.9,  121. ,  120.3,  119.3,  118.8,  118. ,  117.1,
        116.3,  115.7,  115. ,  114.2,  113.6,  112.8,  112.3,  111.6,
        111. ,  110.2,  109.9,  109.2,  108.4,  107.9,  107.4,  106.5,
        106.3,  105.5,  104.9,  104.6,  104. ,  103.3,  103. ,  102.3,
        101.8,  101.3,  100.7,  100.3,   99.8,   99.2,   98.7,   98.4,
         97.7,   97.4,   96.8,   96.2,   95.7,   95.6,   95. ,   94.5,
         94. ,   93.6,   93.2,   92.7,   92.3,   91.9,   91.3,   91. ,
         90.4,   89.9,   89.5,   89.2,   88.8,   88.3,   87.7,   87.5,
         87.1,   86.6,   86.2,   85.8,   85.4,   84.9,   84.5,   84.2,
         83.7,   83.3,   83. ,   82.3,   82.2,   81.7,   81.3,   80.9,
         80.5,   80.1,   79.9,   79.3,   78.8,   78.4,   78.2,   77.6,
         77.2,   76.7,   76.6,   76.2,   75.6,   75.3,   74.8,   74.5,
         74. ,   73.6,   73.2,   73. ,   72.5,   72.2,   71.6,   71.3,
         70.6,   70.5,   70. ,   69.6,   69.2,   68.8,   68.4,   67.9,
         67.7,   67.1,   66.8,   66.4,   66. ,   65.5,   65.2,   64.7,
         64.1,   63.8,   63.6,   62.8,   62.6,   62.3,   61.6,   61.2,
         60.8,   60.2,   59.7,   59.4,   59. ,   58.6,   58.2,   57.6,
         57.2,   56.8,   56.2,   55.9,   55.4,   54.9,   54.4,   54. ,
         53.4,   53. ,   52.5,   51.9,   51.4,   51. ,   50.4,   50.1,
         49.5,   48.9,   48.4,   47.9,   47.4,   46.7,   46.3,   45.7,
         45.1,   44.5,   44. ,   43.5,   42.9,   42.1,   41.7,   40.8,
         40.4,   39.8,   39.3,   38.4,   37.7,   36.9,   36.5,   35.8,
         35.2,   34.3,   33.4,   32.8,   32. ,   31.4,   30.3,   29.6,
         28.6,   27.9,   27. ,   26. ,   25.2,   24. ,   23.3,   22.2,
         21.1,   20. ,   18.8,   17.6,   16.5,   15.3,   13.9,   12.5,
         11.2,    9.5,    8.3,    6.4,    4.7,    2.8,    0.7,   -1.5,
         -3.8,   -6.4,   -9.1,  -12.1,  -15. ,  -18.4,  -23.3,  -29. ,
        -34.4,  -42. ,  -52.5,  -67.5,  -84. , -119.7, -142.1, -155.3,
       -163.9, -170.6, -175.4, -180. , -183.7, -186.9, -189.7]), 'V': 25.0, 'C_B': 0.1, 'titration_type': 'acid_base', 'r2_threshold': 0.95, 'is_base': False}
Computing Gran/Schwartz for type: acid_base
DEBUG gran_functions: potential first 5: [178.5 175.6 172.  169.6 165.9]
DEBUG gran_functions: pH first 5: [3.98275862 4.03177823 4.09263016 4.13319811 4.19574037]
Gran and Schwartz computed successfully.
Computing Gran/Schwartz for type: acid_base
DEBUG gran_functions: potential first 5: [178.5 175.6 172.  169.6 165.9]
DEBUG gran_functions: pH first 5: [3.98275862 4.03177823 4.09263016 4.13319811 4.19574037]
Gran and Schwartz computed successfully.
Diagnostics forwarded: initial = 6202 opt = 6202
=== ANALYZER NESTED RESULTS ===
Gran Raw: V_eq = 5.021 mL, R² = 0.9999, k = 0.000, Zone = 214-244
Gran Opt: V_eq = 5.021 mL, R² = 0.9999, k = 0.000, Zone = 214-244
Schwartz Raw: V_eq = 5.021 mL, R² = 0.9999, k = 0.000, Zone = 214-244
Schwartz Opt: V_eq = 5.021 mL, R² = 0.9999, k = 0.000, Zone = 214-244
pH shape: (263,)
=== END ANALYZER NESTED ===
Titration curve saved to /home/sgiani/repos/GranTED/results_old/mL/new_sensor/17/titration_curve.png
Gran/Schwartz combined plot saved to /home/sgiani/repos/GranTED/results_old/mL/new_sensor/17/gran_schwartz.png
Combined overview plot saved to /home/sgiani/repos/GranTED/results_old/mL/new_sensor/17/plots.png
Gran raw + search diagnostic plot saved to /home/sgiani/repos/GranTED/results_old/mL/new_sensor/17/gran_raw_with_search_diagnostic.png
Schwartz opt + search diagnostic plot saved to /home/sgiani/repos/GranTED/results_old/mL/new_sensor/17/schwartz_opt_with_search_diagnostic.png
Generating CSV report...
Saved simple CSV report to /home/sgiani/repos/GranTED/results_old/mL/new_sensor/17/report.csv
CSV report generated.
Generating PDF report...
Saved PDF report to /home/sgiani/repos/GranTED/results_old/mL/new_sensor/17/report.pdf
PDF report generated.
Full report generated in /home/sgiani/repos/GranTED/results_old/mL/new_sensor/17
Pipeline complete. Outputs in /home/sgiani/repos/GranTED/results_old/mL/new_sensor/17
Processing triplet 18 → columns 52,53
Loaded '/home/sgiani/repos/GranTED/results_old/mL/new_sensor/18/data.dat': 262 rows, skipped 1 header/comment/non-numeric lines.
Validation passed
Final config: {'V': 25.0, 'C_B': 0.1, 'titration_type': 'acid_base', 'r2_threshold': 0.95}
DEBUG preprocess: potential first 5: [177.6 174.2 171.  168.  165. ]
Detected acid titration (negative slope). No flip.
Preprocessing complete: Arrays extracted, params merged, type auto-detected (if acid_base).
DEBUG df:      volume  potential
0      0.00      177.6
1      0.02      174.2
2      0.04      171.0
3      0.06      168.0
4      0.08      165.0
..      ...        ...
257    5.14     -176.8
258    5.16     -181.0
259    5.18     -184.6
260    5.20     -187.9
261    5.22     -190.5

[262 rows x 2 columns]
DEBUG params: {'volume_array': array([0.  , 0.02, 0.04, 0.06, 0.08, 0.1 , 0.12, 0.14, 0.16, 0.18, 0.2 ,
       0.22, 0.24, 0.26, 0.28, 0.3 , 0.32, 0.34, 0.36, 0.38, 0.4 , 0.42,
       0.44, 0.46, 0.48, 0.5 , 0.52, 0.54, 0.56, 0.58, 0.6 , 0.62, 0.64,
       0.66, 0.68, 0.7 , 0.72, 0.74, 0.76, 0.78, 0.8 , 0.82, 0.84, 0.86,
       0.88, 0.9 , 0.92, 0.94, 0.96, 0.98, 1.  , 1.02, 1.04, 1.06, 1.08,
       1.1 , 1.12, 1.14, 1.16, 1.18, 1.2 , 1.22, 1.24, 1.26, 1.28, 1.3 ,
       1.32, 1.34, 1.36, 1.38, 1.4 , 1.42, 1.44, 1.46, 1.48, 1.5 , 1.52,
       1.54, 1.56, 1.58, 1.6 , 1.62, 1.64, 1.66, 1.68, 1.7 , 1.72, 1.74,
       1.76, 1.78, 1.8 , 1.82, 1.84, 1.86, 1.88, 1.9 , 1.92, 1.94, 1.96,
       1.98, 2.  , 2.02, 2.04, 2.06, 2.08, 2.1 , 2.12, 2.14, 2.16, 2.18,
       2.2 , 2.22, 2.24, 2.26, 2.28, 2.3 , 2.32, 2.34, 2.36, 2.38, 2.4 ,
       2.42, 2.44, 2.46, 2.48, 2.5 , 2.52, 2.54, 2.56, 2.58, 2.6 , 2.62,
       2.64, 2.66, 2.68, 2.7 , 2.72, 2.74, 2.76, 2.78, 2.8 , 2.82, 2.84,
       2.86, 2.88, 2.9 , 2.92, 2.94, 2.96, 2.98, 3.  , 3.02, 3.04, 3.06,
       3.08, 3.1 , 3.12, 3.14, 3.16, 3.18, 3.2 , 3.22, 3.24, 3.26, 3.28,
       3.3 , 3.32, 3.34, 3.36, 3.38, 3.4 , 3.42, 3.44, 3.46, 3.48, 3.5 ,
       3.52, 3.54, 3.56, 3.58, 3.6 , 3.62, 3.64, 3.66, 3.68, 3.7 , 3.72,
       3.74, 3.76, 3.78, 3.8 , 3.82, 3.84, 3.86, 3.88, 3.9 , 3.92, 3.94,
       3.96, 3.98, 4.  , 4.02, 4.04, 4.06, 4.08, 4.1 , 4.12, 4.14, 4.16,
       4.18, 4.2 , 4.22, 4.24, 4.26, 4.28, 4.3 , 4.32, 4.34, 4.36, 4.38,
       4.4 , 4.42, 4.44, 4.46, 4.48, 4.5 , 4.52, 4.54, 4.56, 4.58, 4.6 ,
       4.62, 4.64, 4.66, 4.68, 4.7 , 4.72, 4.74, 4.76, 4.78, 4.8 , 4.82,
       4.84, 4.86, 4.88, 4.9 , 4.92, 4.94, 4.96, 4.98, 5.  , 5.02, 5.04,
       5.06, 5.08, 5.1 , 5.12, 5.14, 5.16, 5.18, 5.2 , 5.22]), 'potential_array': array([ 177.6,  174.2,  171. ,  168. ,  165. ,  162. ,  159.3,  156.9,
        154.4,  152.3,  150.6,  148.2,  146.3,  144.8,  142.9,  141.5,
        140.2,  138.5,  137.3,  136. ,  134.6,  133.3,  132.2,  131.2,
        130. ,  129.1,  128. ,  127.2,  126.1,  125.2,  124.5,  123.4,
        122.6,  121.5,  121. ,  120.1,  119.2,  118.4,  117.7,  117.1,
        116.4,  115.5,  114.9,  114.2,  113.6,  112.9,  112.3,  111.6,
        111. ,  110.6,  109.8,  109.3,  108.7,  108. ,  107.4,  106.8,
        106.2,  105.9,  105.3,  104.6,  104.1,  103.7,  103.2,  102.5,
        101.9,  101.5,  100.9,  100.5,   99.8,   99.3,   98.8,   98.4,
         97.9,   97.5,   96.8,   96.4,   96.1,   95.7,   95.3,   94.9,
         94.2,   93.8,   93.4,   92.9,   92.5,   92. ,   91.6,   91.3,
         90.8,   90.3,   89.9,   89.5,   89. ,   88.5,   88.1,   87.8,
         87.4,   86.9,   86.5,   86. ,   85.7,   85.1,   84.8,   84.5,
         84. ,   83.8,   83. ,   82.6,   82.2,   81.9,   81.5,   81. ,
         80.6,   80.4,   79.9,   79.7,   79.3,   78.8,   78.3,   77.9,
         77.5,   77.2,   76.7,   76.4,   75.9,   75.5,   75.2,   74.9,
         74.3,   74. ,   73.7,   73.2,   72.9,   72.3,   71.9,   71.5,
         71.2,   70.8,   70.3,   70.1,   69.5,   69.1,   68.7,   68.4,
         68. ,   67.4,   67.1,   66.7,   66.1,   65.9,   65.3,   65.1,
         64.6,   64.2,   63.7,   63.3,   62.9,   62.5,   62. ,   61.6,
         61.2,   60.7,   60.3,   59.9,   59.2,   59. ,   58.6,   58.1,
         57.5,   57.2,   56.7,   56.3,   55.8,   55.2,   54.7,   54.3,
         53.8,   53.4,   52.9,   52.3,   52. ,   51.2,   50.8,   50.2,
         49.8,   49.3,   48.7,   48.2,   47.7,   47. ,   46.4,   45.9,
         45.6,   44.9,   44.2,   43.6,   43.1,   42.4,   42. ,   41.3,
         40.6,   39.9,   39.4,   38.7,   38. ,   37.3,   36.7,   35.9,
         35.5,   34.5,   33.7,   32.9,   32.1,   31.4,   30.5,   29.7,
         28.9,   28. ,   27.2,   26.1,   25.3,   24.2,   23.1,   22.1,
         21.1,   20. ,   18.8,   17.6,   16.3,   15.1,   13.7,   12.4,
         10.9,    9.3,    7.7,    6.1,    4.5,    2.2,    0.3,   -2.1,
         -4.5,   -7.2,  -10.1,  -13.2,  -16.3,  -21.1,  -26.2,  -32. ,
        -38.3,  -49.1,  -62.2,  -86.4, -126.3, -146. , -157.9, -165.6,
       -171.9, -176.8, -181. , -184.6, -187.9, -190.5]), 'V': 25.0, 'C_B': 0.1, 'titration_type': 'acid_base', 'r2_threshold': 0.95, 'is_base': False}
Computing Gran/Schwartz for type: acid_base
DEBUG gran_functions: potential first 5: [177.6 174.2 171.  168.  165. ]
DEBUG gran_functions: pH first 5: [3.9979716  4.05544287 4.10953347 4.16024341 4.21095335]
Gran and Schwartz computed successfully.
Computing Gran/Schwartz for type: acid_base
DEBUG gran_functions: potential first 5: [177.6 174.2 171.  168.  165. ]
DEBUG gran_functions: pH first 5: [3.9979716  4.05544287 4.10953347 4.16024341 4.21095335]
Gran and Schwartz computed successfully.
Diagnostics forwarded: initial = 5950 opt = 5950
=== ANALYZER NESTED RESULTS ===
Gran Raw: V_eq = 5.008 mL, R² = 0.9999, k = 0.000, Zone = 210-240
Gran Opt: V_eq = 5.008 mL, R² = 0.9999, k = 0.000, Zone = 210-240
Schwartz Raw: V_eq = 5.008 mL, R² = 0.9999, k = 0.000, Zone = 210-240
Schwartz Opt: V_eq = 5.008 mL, R² = 0.9999, k = 0.000, Zone = 210-240
pH shape: (262,)
=== END ANALYZER NESTED ===
Titration curve saved to /home/sgiani/repos/GranTED/results_old/mL/new_sensor/18/titration_curve.png
Gran/Schwartz combined plot saved to /home/sgiani/repos/GranTED/results_old/mL/new_sensor/18/gran_schwartz.png
Combined overview plot saved to /home/sgiani/repos/GranTED/results_old/mL/new_sensor/18/plots.png
Gran raw + search diagnostic plot saved to /home/sgiani/repos/GranTED/results_old/mL/new_sensor/18/gran_raw_with_search_diagnostic.png
Schwartz opt + search diagnostic plot saved to /home/sgiani/repos/GranTED/results_old/mL/new_sensor/18/schwartz_opt_with_search_diagnostic.png
Generating CSV report...
Saved simple CSV report to /home/sgiani/repos/GranTED/results_old/mL/new_sensor/18/report.csv
CSV report generated.
Generating PDF report...
Saved PDF report to /home/sgiani/repos/GranTED/results_old/mL/new_sensor/18/report.pdf
PDF report generated.
Full report generated in /home/sgiani/repos/GranTED/results_old/mL/new_sensor/18
Pipeline complete. Outputs in /home/sgiani/repos/GranTED/results_old/mL/new_sensor/18
Processing triplet 19 → columns 55,56
Loaded '/home/sgiani/repos/GranTED/results_old/mL/new_sensor/19/data.dat': 162 rows, skipped 101 header/comment/non-numeric lines.
Validation passed
Final config: {'V': 25.0, 'C_B': 0.1, 'titration_type': 'acid_base', 'r2_threshold': 0.95}
DEBUG preprocess: potential first 5: [179.3  80.8  86.   85.5  85.1]
Detected acid titration (negative slope). No flip.
Preprocessing complete: Arrays extracted, params merged, type auto-detected (if acid_base).
DEBUG df:      volume  potential
0      0.00      179.3
1      2.00       80.8
2      2.02       86.0
3      2.04       85.5
4      2.06       85.1
..      ...        ...
157    5.12     -174.9
158    5.14     -179.3
159    5.16     -183.0
160    5.18     -186.1
161    5.20     -188.7

[162 rows x 2 columns]
DEBUG params: {'volume_array': array([0.  , 2.  , 2.02, 2.04, 2.06, 2.08, 2.1 , 2.12, 2.14, 2.16, 2.18,
       2.2 , 2.22, 2.24, 2.26, 2.28, 2.3 , 2.32, 2.34, 2.36, 2.38, 2.4 ,
       2.42, 2.44, 2.46, 2.48, 2.5 , 2.52, 2.54, 2.56, 2.58, 2.6 , 2.62,
       2.64, 2.66, 2.68, 2.7 , 2.72, 2.74, 2.76, 2.78, 2.8 , 2.82, 2.84,
       2.86, 2.88, 2.9 , 2.92, 2.94, 2.96, 2.98, 3.  , 3.02, 3.04, 3.06,
       3.08, 3.1 , 3.12, 3.14, 3.16, 3.18, 3.2 , 3.22, 3.24, 3.26, 3.28,
       3.3 , 3.32, 3.34, 3.36, 3.38, 3.4 , 3.42, 3.44, 3.46, 3.48, 3.5 ,
       3.52, 3.54, 3.56, 3.58, 3.6 , 3.62, 3.64, 3.66, 3.68, 3.7 , 3.72,
       3.74, 3.76, 3.78, 3.8 , 3.82, 3.84, 3.86, 3.88, 3.9 , 3.92, 3.94,
       3.96, 3.98, 4.  , 4.02, 4.04, 4.06, 4.08, 4.1 , 4.12, 4.14, 4.16,
       4.18, 4.2 , 4.22, 4.24, 4.26, 4.28, 4.3 , 4.32, 4.34, 4.36, 4.38,
       4.4 , 4.42, 4.44, 4.46, 4.48, 4.5 , 4.52, 4.54, 4.56, 4.58, 4.6 ,
       4.62, 4.64, 4.66, 4.68, 4.7 , 4.72, 4.74, 4.76, 4.78, 4.8 , 4.82,
       4.84, 4.86, 4.88, 4.9 , 4.92, 4.94, 4.96, 4.98, 5.  , 5.02, 5.04,
       5.06, 5.08, 5.1 , 5.12, 5.14, 5.16, 5.18, 5.2 ]), 'potential_array': array([ 179.3,   80.8,   86. ,   85.5,   85.1,   84.6,   84.4,   83.8,
         83.3,   83. ,   82.6,   82.2,   81.8,   81.5,   80.9,   80.5,
         80.1,   79.6,   79.2,   78.9,   78.5,   78.2,   77.7,   77.3,
         76.8,   76.6,   76.2,   75.7,   75.4,   74.9,   74.5,   74. ,
         73.7,   73.3,   72.8,   72.4,   72. ,   71.7,   71.6,   70.8,
         70.3,   70. ,   69.7,   69.2,   68.8,   68.4,   67.9,   67.6,
         67.2,   66.8,   66.3,   66. ,   65.5,   64.9,   64.7,   64.2,
         63.7,   63.4,   62.9,   62.5,   62. ,   61.6,   61.1,   60.7,
         60.2,   59.8,   59.4,   58.9,   58.4,   58. ,   57.5,   57. ,
         56.5,   56.2,   55.7,   55.1,   54.7,   54.2,   53.7,   53.2,
         52.6,   52.3,   51.6,   51.1,   50.6,   50.1,   49.5,   49. ,
         48.4,   48. ,   47.5,   46.8,   46.2,   45.7,   45.1,   44.6,
         43.9,   43.4,   42.8,   42.2,   41.5,   40.8,   40.2,   39.5,
         38.8,   38.3,   37.5,   36.8,   36.3,   35.4,   34.7,   33.9,
         33.2,   32.3,   31.5,   30.7,   29.8,   29. ,   28. ,   27.2,
         26.2,   25.3,   24.2,   23.2,   22.2,   21.4,   20.1,   18.7,
         17.5,   16.2,   14.8,   13.5,   12.1,   10.7,    8.9,    7.4,
          5.6,    3.5,    1.3,   -0.6,   -3.1,   -5.7,   -8.4,  -11.4,
        -15.5,  -19.2,  -24.3,  -29. ,  -36.6,  -45.6,  -57.6,  -77.4,
       -115.7, -140. , -153.2, -162.6, -169.5, -174.9, -179.3, -183. ,
       -186.1, -188.7]), 'V': 25.0, 'C_B': 0.1, 'titration_type': 'acid_base', 'r2_threshold': 0.95, 'is_base': False}
Computing Gran/Schwartz for type: acid_base
DEBUG gran_functions: potential first 5: [179.3  80.8  86.   85.5  85.1]
DEBUG gran_functions: pH first 5: [3.96923597 5.63421231 5.54631508 5.55476673 5.56152806]
Gran and Schwartz computed successfully.
Computing Gran/Schwartz for type: acid_base
DEBUG gran_functions: potential first 5: [179.3  80.8  86.   85.5  85.1]
DEBUG gran_functions: pH first 5: [3.96923597 5.63421231 5.54631508 5.55476673 5.56152806]
Gran and Schwartz computed successfully.
Diagnostics forwarded: initial = 4018 opt = 4046
=== ANALYZER NESTED RESULTS ===
Gran Raw: V_eq = 4.994 mL, R² = 0.9999, k = 0.000, Zone = 111-141
Gran Opt: V_eq = 4.993 mL, R² = 0.9999, k = 0.095, Zone = 111-141
Schwartz Raw: V_eq = 4.994 mL, R² = 0.9999, k = 0.000, Zone = 111-141
Schwartz Opt: V_eq = 4.993 mL, R² = 0.9999, k = 0.095, Zone = 111-141
pH shape: (162,)
=== END ANALYZER NESTED ===
Titration curve saved to /home/sgiani/repos/GranTED/results_old/mL/new_sensor/19/titration_curve.png
Gran/Schwartz combined plot saved to /home/sgiani/repos/GranTED/results_old/mL/new_sensor/19/gran_schwartz.png
Combined overview plot saved to /home/sgiani/repos/GranTED/results_old/mL/new_sensor/19/plots.png
Gran raw + search diagnostic plot saved to /home/sgiani/repos/GranTED/results_old/mL/new_sensor/19/gran_raw_with_search_diagnostic.png
Schwartz opt + search diagnostic plot saved to /home/sgiani/repos/GranTED/results_old/mL/new_sensor/19/schwartz_opt_with_search_diagnostic.png
Generating CSV report...
Saved simple CSV report to /home/sgiani/repos/GranTED/results_old/mL/new_sensor/19/report.csv
CSV report generated.
Generating PDF report...
Saved PDF report to /home/sgiani/repos/GranTED/results_old/mL/new_sensor/19/report.pdf
PDF report generated.
Full report generated in /home/sgiani/repos/GranTED/results_old/mL/new_sensor/19
Pipeline complete. Outputs in /home/sgiani/repos/GranTED/results_old/mL/new_sensor/19
Processing triplet 20 → columns 58,59
Loaded '/home/sgiani/repos/GranTED/results_old/mL/new_sensor/20/data.dat': 162 rows, skipped 101 header/comment/non-numeric lines.
Validation passed
Final config: {'V': 25.0, 'C_B': 0.1, 'titration_type': 'acid_base', 'r2_threshold': 0.95}
DEBUG preprocess: potential first 5: [178.1  80.2  85.5  85.   84.6]
Detected acid titration (negative slope). No flip.
Preprocessing complete: Arrays extracted, params merged, type auto-detected (if acid_base).
DEBUG df:      volume  potential
0      0.00      178.1
1      2.00       80.2
2      2.02       85.5
3      2.04       85.0
4      2.06       84.6
..      ...        ...
157    5.12     -176.2
158    5.14     -180.4
159    5.16     -184.1
160    5.18     -187.2
161    5.20     -190.0

[162 rows x 2 columns]
DEBUG params: {'volume_array': array([0.  , 2.  , 2.02, 2.04, 2.06, 2.08, 2.1 , 2.12, 2.14, 2.16, 2.18,
       2.2 , 2.22, 2.24, 2.26, 2.28, 2.3 , 2.32, 2.34, 2.36, 2.38, 2.4 ,
       2.42, 2.44, 2.46, 2.48, 2.5 , 2.52, 2.54, 2.56, 2.58, 2.6 , 2.62,
       2.64, 2.66, 2.68, 2.7 , 2.72, 2.74, 2.76, 2.78, 2.8 , 2.82, 2.84,
       2.86, 2.88, 2.9 , 2.92, 2.94, 2.96, 2.98, 3.  , 3.02, 3.04, 3.06,
       3.08, 3.1 , 3.12, 3.14, 3.16, 3.18, 3.2 , 3.22, 3.24, 3.26, 3.28,
       3.3 , 3.32, 3.34, 3.36, 3.38, 3.4 , 3.42, 3.44, 3.46, 3.48, 3.5 ,
       3.52, 3.54, 3.56, 3.58, 3.6 , 3.62, 3.64, 3.66, 3.68, 3.7 , 3.72,
       3.74, 3.76, 3.78, 3.8 , 3.82, 3.84, 3.86, 3.88, 3.9 , 3.92, 3.94,
       3.96, 3.98, 4.  , 4.02, 4.04, 4.06, 4.08, 4.1 , 4.12, 4.14, 4.16,
       4.18, 4.2 , 4.22, 4.24, 4.26, 4.28, 4.3 , 4.32, 4.34, 4.36, 4.38,
       4.4 , 4.42, 4.44, 4.46, 4.48, 4.5 , 4.52, 4.54, 4.56, 4.58, 4.6 ,
       4.62, 4.64, 4.66, 4.68, 4.7 , 4.72, 4.74, 4.76, 4.78, 4.8 , 4.82,
       4.84, 4.86, 4.88, 4.9 , 4.92, 4.94, 4.96, 4.98, 5.  , 5.02, 5.04,
       5.06, 5.08, 5.1 , 5.12, 5.14, 5.16, 5.18, 5.2 ]), 'potential_array': array([ 178.1,   80.2,   85.5,   85. ,   84.6,   84.2,   83.8,   83.4,
         82.9,   82.5,   82.1,   81.7,   81.3,   81. ,   80.5,   80.1,
         79.7,   79.3,   78.9,   78.5,   78.1,   77.8,   77.3,   76.9,
         76.6,   76.2,   75.7,   75.4,   74.9,   74.5,   74.1,   73.7,
         73.3,   73. ,   72.5,   72.1,   71.8,   71.3,   70.8,   70.5,
         70. ,   69.7,   69.2,   68.8,   68.4,   68. ,   67.5,   67.2,
         66.8,   66.4,   66. ,   65.5,   65.1,   64.6,   64.2,   63.8,
         63.5,   63. ,   62.5,   62. ,   61.7,   61.2,   60.9,   60.3,
         60. ,   59.4,   59.1,   58.6,   58.1,   57.6,   57.2,   56.7,
         56.2,   55.8,   55.3,   54.8,   54.4,   53.9,   53.4,   52.9,
         52.4,   51.9,   51.5,   50.9,   50.4,   49.9,   49.3,   48.8,
         48.3,   47.7,   47.1,   46.6,   46.1,   45.4,   44.9,   44.4,
         43.7,   43.1,   42.5,   41.9,   41.2,   40.6,   40. ,   39.4,
         38.6,   38. ,   37.2,   36.4,   35.8,   35.2,   34.4,   33.6,
         32.9,   32. ,   31.3,   30.4,   29.6,   28.7,   27.8,   26.9,
         26. ,   25. ,   24. ,   22.9,   21.9,   20.8,   19.7,   18.5,
         17.3,   16. ,   14.7,   13.2,   11.8,   10.3,    8.6,    6.9,
          5.2,    3.2,    1.1,   -1.1,   -3.6,   -6.1,   -8.9,  -12.1,
        -15.8,  -19.8,  -25.6,  -31.1,  -39.1,  -47.4,  -64. ,  -84. ,
       -121. , -143.2, -155.9, -164.7, -170.9, -176.2, -180.4, -184.1,
       -187.2, -190. ]), 'V': 25.0, 'C_B': 0.1, 'titration_type': 'acid_base', 'r2_threshold': 0.95, 'is_base': False}
Computing Gran/Schwartz for type: acid_base
DEBUG gran_functions: potential first 5: [178.1  80.2  85.5  85.   84.6]
DEBUG gran_functions: pH first 5: [3.98951995 5.64435429 5.55476673 5.56321839 5.56997972]
Gran and Schwartz computed successfully.
Computing Gran/Schwartz for type: acid_base
DEBUG gran_functions: potential first 5: [178.1  80.2  85.5  85.   84.6]
DEBUG gran_functions: pH first 5: [3.98951995 5.64435429 5.55476673 5.56321839 5.56997972]
Gran and Schwartz computed successfully.
Diagnostics forwarded: initial = 4018 opt = 4018
=== ANALYZER NESTED RESULTS ===
Gran Raw: V_eq = 4.993 mL, R² = 1.0000, k = 0.000, Zone = 114-144
Gran Opt: V_eq = 4.993 mL, R² = 1.0000, k = 0.000, Zone = 114-144
Schwartz Raw: V_eq = 4.993 mL, R² = 1.0000, k = 0.000, Zone = 114-144
Schwartz Opt: V_eq = 4.993 mL, R² = 1.0000, k = 0.000, Zone = 114-144
pH shape: (162,)
=== END ANALYZER NESTED ===
Titration curve saved to /home/sgiani/repos/GranTED/results_old/mL/new_sensor/20/titration_curve.png
Gran/Schwartz combined plot saved to /home/sgiani/repos/GranTED/results_old/mL/new_sensor/20/gran_schwartz.png
Combined overview plot saved to /home/sgiani/repos/GranTED/results_old/mL/new_sensor/20/plots.png
Gran raw + search diagnostic plot saved to /home/sgiani/repos/GranTED/results_old/mL/new_sensor/20/gran_raw_with_search_diagnostic.png
Schwartz opt + search diagnostic plot saved to /home/sgiani/repos/GranTED/results_old/mL/new_sensor/20/schwartz_opt_with_search_diagnostic.png
Generating CSV report...
Saved simple CSV report to /home/sgiani/repos/GranTED/results_old/mL/new_sensor/20/report.csv
CSV report generated.
Generating PDF report...
Saved PDF report to /home/sgiani/repos/GranTED/results_old/mL/new_sensor/20/report.pdf
PDF report generated.
Full report generated in /home/sgiani/repos/GranTED/results_old/mL/new_sensor/20
Pipeline complete. Outputs in /home/sgiani/repos/GranTED/results_old/mL/new_sensor/20
Processing triplet 21 → columns 61,62
Loaded '/home/sgiani/repos/GranTED/results_old/mL/new_sensor/21/data.dat': 174 rows, skipped 89 header/comment/non-numeric lines.
Validation passed
Final config: {'V': 25.0, 'C_B': 0.1, 'titration_type': 'acid_base', 'r2_threshold': 0.95}
DEBUG preprocess: potential first 5: [180.5  83.6  86.6  86.3  85.8]
Detected acid titration (negative slope). No flip.
Preprocessing complete: Arrays extracted, params merged, type auto-detected (if acid_base).
DEBUG df:      volume  potential
0      0.00      180.5
1      2.00       83.6
2      2.02       86.6
3      2.04       86.3
4      2.06       85.8
..      ...        ...
169    5.36     -173.4
170    5.38     -177.1
171    5.40     -180.5
172    5.42     -183.4
173    5.44     -185.9

[174 rows x 2 columns]
DEBUG params: {'volume_array': array([0.  , 2.  , 2.02, 2.04, 2.06, 2.08, 2.1 , 2.12, 2.14, 2.16, 2.18,
       2.2 , 2.22, 2.24, 2.26, 2.28, 2.3 , 2.32, 2.34, 2.36, 2.38, 2.4 ,
       2.42, 2.44, 2.46, 2.48, 2.5 , 2.52, 2.54, 2.56, 2.58, 2.6 , 2.62,
       2.64, 2.66, 2.68, 2.7 , 2.72, 2.74, 2.76, 2.78, 2.8 , 2.82, 2.84,
       2.86, 2.88, 2.9 , 2.92, 2.94, 2.96, 2.98, 3.  , 3.02, 3.04, 3.06,
       3.08, 3.1 , 3.12, 3.14, 3.16, 3.18, 3.2 , 3.22, 3.24, 3.26, 3.28,
       3.3 , 3.32, 3.34, 3.36, 3.38, 3.4 , 3.42, 3.44, 3.46, 3.48, 3.5 ,
       3.52, 3.54, 3.56, 3.58, 3.6 , 3.62, 3.64, 3.66, 3.68, 3.7 , 3.72,
       3.74, 3.76, 3.78, 3.8 , 3.82, 3.84, 3.86, 3.88, 3.9 , 3.92, 3.94,
       3.96, 3.98, 4.  , 4.02, 4.04, 4.06, 4.08, 4.1 , 4.12, 4.14, 4.16,
       4.18, 4.2 , 4.22, 4.24, 4.26, 4.28, 4.3 , 4.32, 4.34, 4.36, 4.38,
       4.4 , 4.42, 4.44, 4.46, 4.48, 4.5 , 4.52, 4.54, 4.56, 4.58, 4.6 ,
       4.62, 4.64, 4.66, 4.68, 4.7 , 4.72, 4.74, 4.76, 4.78, 4.8 , 4.82,
       4.84, 4.86, 4.88, 4.9 , 4.92, 4.94, 4.96, 4.98, 5.  , 5.02, 5.04,
       5.06, 5.08, 5.1 , 5.12, 5.14, 5.16, 5.18, 5.2 , 5.22, 5.24, 5.26,
       5.28, 5.3 , 5.32, 5.34, 5.36, 5.38, 5.4 , 5.42, 5.44]), 'potential_array': array([ 180.5,   83.6,   86.6,   86.3,   85.8,   85.4,   85.1,   84.6,
         84.2,   83.7,   83.3,   83.1,   82.6,   82.3,   81.8,   81.4,
         80.9,   80.6,   80.1,   79.9,   79.4,   79.2,   78.6,   78.1,
         77.8,   77.5,   77.1,   76.6,   76.3,   75.8,   75.5,   75.1,
         74.7,   74.3,   73.9,   73.4,   73.2,   72.7,   72.4,   71.9,
         71.5,   71.3,   70.8,   70.5,   69.9,   69.6,   69.1,   68.8,
         68.3,   68. ,   67.5,   67.2,   66.8,   66.4,   65.8,   65.5,
         65.1,   64.6,   64.2,   63.9,   63.5,   63. ,   62.7,   62.3,
         61.7,   61.4,   60.8,   60.4,   60. ,   59.5,   59.1,   58.7,
         58.2,   57.8,   57.3,   56.9,   56.6,   56. ,   55.6,   55.1,
         54.5,   54. ,   53.7,   53.1,   52.6,   52.1,   51.7,   51.3,
         50.7,   50.2,   49.6,   49.1,   48.6,   48.1,   47.5,   47. ,
         46.4,   45.8,   45.3,   44.8,   44.2,   43.5,   43. ,   42.4,
         41.9,   41.2,   40.6,   40.1,   39.3,   38.8,   38.2,   37.3,
         36.6,   36.1,   35.2,   34.5,   33.9,   33.1,   32.3,   31.5,
         30.9,   29.9,   29. ,   28.3,   27.2,   26.4,   25.5,   24.5,
         23.6,   22.5,   21.1,   20. ,   19.7,   18.1,   17.3,   15.3,
         14.4,   13. ,   11.7,   10.2,    8.6,    7. ,    5.4,    3.7,
          1.8,    0. ,   -2.3,   -4.7,   -7.1,   -9.6,  -12.5,  -15.5,
        -19.3,  -22.9,  -26.7,  -31.3,  -37. ,  -42.6,  -49.6,  -57.1,
        -63.7,  -74.8,  -88.5, -107.1, -128.5, -144.2, -155.2, -162.6,
       -168.4, -173.4, -177.1, -180.5, -183.4, -185.9]), 'V': 25.0, 'C_B': 0.1, 'titration_type': 'acid_base', 'r2_threshold': 0.95, 'is_base': False}
Computing Gran/Schwartz for type: acid_base
DEBUG gran_functions: potential first 5: [180.5  83.6  86.6  86.3  85.8]
DEBUG gran_functions: pH first 5: [3.94895199 5.58688303 5.53617309 5.54124408 5.54969574]
Gran and Schwartz computed successfully.
Computing Gran/Schwartz for type: acid_base
DEBUG gran_functions: potential first 5: [180.5  83.6  86.6  86.3  85.8]
DEBUG gran_functions: pH first 5: [3.94895199 5.58688303 5.53617309 5.54124408 5.54969574]
Gran and Schwartz computed successfully.
Diagnostics forwarded: initial = 4354 opt = 4382
=== ANALYZER NESTED RESULTS ===
Gran Raw: V_eq = 5.132 mL, R² = 0.9998, k = 0.000, Zone = 89-119
Gran Opt: V_eq = 5.122 mL, R² = 0.9998, k = 0.146, Zone = 89-119
Schwartz Raw: V_eq = 5.132 mL, R² = 0.9998, k = 0.000, Zone = 89-119
Schwartz Opt: V_eq = 5.122 mL, R² = 0.9998, k = 0.146, Zone = 89-119
pH shape: (174,)
=== END ANALYZER NESTED ===
Titration curve saved to /home/sgiani/repos/GranTED/results_old/mL/new_sensor/21/titration_curve.png
Gran/Schwartz combined plot saved to /home/sgiani/repos/GranTED/results_old/mL/new_sensor/21/gran_schwartz.png
Combined overview plot saved to /home/sgiani/repos/GranTED/results_old/mL/new_sensor/21/plots.png
Gran raw + search diagnostic plot saved to /home/sgiani/repos/GranTED/results_old/mL/new_sensor/21/gran_raw_with_search_diagnostic.png
Schwartz opt + search diagnostic plot saved to /home/sgiani/repos/GranTED/results_old/mL/new_sensor/21/schwartz_opt_with_search_diagnostic.png
Generating CSV report...
Saved simple CSV report to /home/sgiani/repos/GranTED/results_old/mL/new_sensor/21/report.csv
CSV report generated.
Generating PDF report...
Saved PDF report to /home/sgiani/repos/GranTED/results_old/mL/new_sensor/21/report.pdf
PDF report generated.
Full report generated in /home/sgiani/repos/GranTED/results_old/mL/new_sensor/21
Pipeline complete. Outputs in /home/sgiani/repos/GranTED/results_old/mL/new_sensor/21

 read y
