Schwartz Raw: V_eq = 5.017 mL, R² = 0.9998, k = 0.000, Zone = 51-100
Schwartz Opt: V_eq = 5.005 mL, R² = 0.9998, k = 0.130, Zone = 46-100
Generating plots for mode: method_development
Development mode: iterative analysis (first 5 → full)
Warning: Low R²=0.810 for zone (0, 5) (k=0.0)
Schwartz Raw: V_eq = -0.029 mL, R² = 0.8104, k = 0.000, Zone = 0-5
Schwartz Opt: V_eq = nan mL, R² = 0.9887, k = 0.159, Zone = 0-5
  Trimmed to 6 points → V_eq = nan ± nan
Warning: Low R²=0.762 for zone (0, 6) (k=0.0)
Schwartz Raw: V_eq = -0.040 mL, R² = 0.7621, k = 0.000, Zone = 0-6
Schwartz Opt: V_eq = nan mL, R² = 0.9846, k = 0.149, Zone = 0-6
  Trimmed to 7 points → V_eq = nan ± nan
Warning: Low R²=0.717 for zone (0, 7) (k=0.0)
Schwartz Raw: V_eq = -0.052 mL, R² = 0.7171, k = 0.000, Zone = 0-7
Schwartz Opt: V_eq = nan mL, R² = 0.9794, k = 0.141, Zone = 0-7
  Trimmed to 8 points → V_eq = nan ± nan
Warning: Low R²=0.671 for zone (0, 8) (k=0.0)
Schwartz Raw: V_eq = -0.063 mL, R² = 0.6707, k = 0.000, Zone = 0-8
Schwartz Opt: V_eq = nan mL, R² = 0.9764, k = 0.136, Zone = 0-8
  Trimmed to 9 points → V_eq = nan ± nan
Warning: Low R²=0.630 for zone (0, 9) (k=0.0)
Schwartz Raw: V_eq = -0.076 mL, R² = 0.6302, k = 0.000, Zone = 0-9
Schwartz Opt: V_eq = nan mL, R² = 0.9708, k = 0.131, Zone = 0-9
  Trimmed to 10 points → V_eq = nan ± nan
Warning: Low R²=0.593 for zone (0, 10) (k=0.0)
Schwartz Raw: V_eq = -0.088 mL, R² = 0.5929, k = 0.000, Zone = 0-10
Schwartz Opt: V_eq = nan mL, R² = 0.9648, k = 0.127, Zone = 0-10
  Trimmed to 11 points → V_eq = nan ± nan
Warning: Low R²=0.550 for zone (0, 11) (k=0.0)
Schwartz Raw: V_eq = -0.097 mL, R² = 0.5499, k = 0.000, Zone = 0-11
Schwartz Opt: V_eq = nan mL, R² = 0.9640, k = 0.123, Zone = 0-11
  Trimmed to 12 points → V_eq = nan ± nan
Warning: Low R²=0.515 for zone (0, 12) (k=0.0)
Schwartz Raw: V_eq = -0.108 mL, R² = 0.5152, k = 0.000, Zone = 0-12
Schwartz Opt: V_eq = nan mL, R² = 0.9589, k = 0.120, Zone = 0-12
  Trimmed to 13 points → V_eq = nan ± nan
Warning: Low R²=0.478 for zone (0, 13) (k=0.0)
Schwartz Raw: V_eq = -0.116 mL, R² = 0.4782, k = 0.000, Zone = 0-13
Schwartz Opt: V_eq = nan mL, R² = 0.9568, k = 0.117, Zone = 0-13
  Trimmed to 14 points → V_eq = nan ± nan
Warning: Low R²=0.827 for zone (np.int64(10), np.int64(15)) (k=0.0)
Warning: Low R²=0.745 for zone (np.int64(0), np.int64(15)) (k=999632809.2103145)
Schwartz Raw: V_eq = 6.774 mL, R² = 0.8268, k = 0.000, Zone = 10-15
Schwartz Opt: V_eq = 0.578 mL, R² = 0.7454, k = 999632809.210, Zone = 0-15
  Trimmed to 15 points → V_eq = 0.578 ± 0.048
Schwartz Raw: V_eq = 5.216 mL, R² = 0.9523, k = 0.000, Zone = 12-15
Schwartz Opt: V_eq = 1.407 mL, R² = 0.9971, k = 1.996, Zone = 11-16
  Trimmed to 16 points → V_eq = 1.407 ± 0.024
Schwartz Raw: V_eq = 5.216 mL, R² = 0.9523, k = 0.000, Zone = 12-15
Schwartz Opt: V_eq = 1.452 mL, R² = 0.9933, k = 1.996, Zone = 11-17
  Trimmed to 17 points → V_eq = 1.452 ± 0.032
Schwartz Raw: V_eq = 9.840 mL, R² = 1.0000, k = 0.000, Zone = 15-18
Schwartz Opt: V_eq = 9.840 mL, R² = 1.0000, k = 0.000, Zone = 15-18
  Trimmed to 18 points → V_eq = 9.840 ± 0.004
Schwartz Raw: V_eq = 5.216 mL, R² = 0.9523, k = 0.000, Zone = 12-15
Schwartz Opt: V_eq = 1.561 mL, R² = 0.9786, k = 1.996, Zone = 11-19
  Trimmed to 19 points → V_eq = 1.561 ± 0.051
Schwartz Raw: V_eq = 5.596 mL, R² = 0.9684, k = 0.000, Zone = 12-16
Schwartz Opt: V_eq = 1.756 mL, R² = 0.9793, k = 1.117, Zone = 11-20
  Trimmed to 20 points → V_eq = 1.756 ± 0.056
Warning: Low R²=0.665 for zone (np.int64(0), np.int64(21)) (k=992808189.6173596)
Schwartz Raw: V_eq = 6.041 mL, R² = 0.9679, k = 0.000, Zone = 12-17
Schwartz Opt: V_eq = 0.752 mL, R² = 0.6647, k = 992808189.617, Zone = 0-21
  Trimmed to 21 points → V_eq = 0.752 ± 0.057
Warning: Low R²=0.654 for zone (np.int64(0), np.int64(22)) (k=992808189.6173596)
Schwartz Raw: V_eq = 6.041 mL, R² = 0.9679, k = 0.000, Zone = 12-17
Schwartz Opt: V_eq = 0.780 mL, R² = 0.6535, k = 992808189.617, Zone = 0-22
  Trimmed to 22 points → V_eq = 0.780 ± 0.059
Warning: Low R²=0.643 for zone (np.int64(0), np.int64(23)) (k=992808189.6173596)
Schwartz Raw: V_eq = 6.041 mL, R² = 0.9679, k = 0.000, Zone = 12-17
Schwartz Opt: V_eq = 0.808 mL, R² = 0.6426, k = 992808189.617, Zone = 0-23
  Trimmed to 23 points → V_eq = 0.808 ± 0.060
Warning: Low R²=0.632 for zone (np.int64(0), np.int64(24)) (k=992808189.6173596)
Schwartz Raw: V_eq = 6.041 mL, R² = 0.9679, k = 0.000, Zone = 12-17
Schwartz Opt: V_eq = 0.837 mL, R² = 0.6324, k = 992808189.617, Zone = 0-24
  Trimmed to 24 points → V_eq = 0.837 ± 0.062
Warning: Low R²=0.623 for zone (np.int64(0), np.int64(25)) (k=992808189.6173596)
Schwartz Raw: V_eq = 6.041 mL, R² = 0.9679, k = 0.000, Zone = 12-17
Schwartz Opt: V_eq = 0.865 mL, R² = 0.6225, k = 992808189.617, Zone = 0-25
  Trimmed to 25 points → V_eq = 0.865 ± 0.063
Warning: Low R²=0.613 for zone (np.int64(0), np.int64(26)) (k=992808189.6173596)
Schwartz Raw: V_eq = 6.041 mL, R² = 0.9679, k = 0.000, Zone = 12-17
Schwartz Opt: V_eq = 0.893 mL, R² = 0.6131, k = 992808189.617, Zone = 0-26
  Trimmed to 26 points → V_eq = 0.893 ± 0.064
Warning: Low R²=0.604 for zone (np.int64(0), np.int64(27)) (k=992808189.6173596)
Schwartz Raw: V_eq = 6.041 mL, R² = 0.9679, k = 0.000, Zone = 12-17
Schwartz Opt: V_eq = 0.921 mL, R² = 0.6040, k = 992808189.617, Zone = 0-27
  Trimmed to 27 points → V_eq = 0.921 ± 0.066
Schwartz Raw: V_eq = 5.633 mL, R² = 0.9681, k = 0.000, Zone = 19-27
Schwartz Opt: V_eq = 2.511 mL, R² = 0.9857, k = 0.950, Zone = 15-28
  Trimmed to 28 points → V_eq = 2.511 ± 0.054
Schwartz Raw: V_eq = 5.751 mL, R² = 0.9748, k = 0.000, Zone = 19-28
Schwartz Opt: V_eq = 2.852 mL, R² = 0.9856, k = 0.600, Zone = 15-29
  Trimmed to 29 points → V_eq = 2.852 ± 0.062
Schwartz Raw: V_eq = 5.656 mL, R² = 0.9769, k = 0.000, Zone = 20-29
Schwartz Opt: V_eq = 2.789 mL, R² = 0.9832, k = 0.706, Zone = 15-30
  Trimmed to 30 points → V_eq = 2.789 ± 0.062
Schwartz Raw: V_eq = 5.719 mL, R² = 0.9820, k = 0.000, Zone = 20-30
Schwartz Opt: V_eq = 3.330 mL, R² = 0.9864, k = 0.378, Zone = 15-30
  Trimmed to 31 points → V_eq = 3.330 ± 0.069
Schwartz Raw: V_eq = 5.719 mL, R² = 0.9820, k = 0.000, Zone = 20-30
Schwartz Opt: V_eq = 3.370 mL, R² = 0.9870, k = 0.378, Zone = 15-31
  Trimmed to 32 points → V_eq = 3.370 ± 0.066
Schwartz Raw: V_eq = 5.791 mL, R² = 0.9852, k = 0.000, Zone = 19-30
Schwartz Opt: V_eq = 3.856 mL, R² = 0.9909, k = 0.224, Zone = 15-31
  Trimmed to 33 points → V_eq = 3.856 ± 0.067
Schwartz Raw: V_eq = 5.436 mL, R² = 0.9924, k = 0.000, Zone = 24-34
Schwartz Opt: V_eq = 3.688 mL, R² = 0.9929, k = 0.390, Zone = 19-34
  Trimmed to 34 points → V_eq = 3.688 ± 0.056
Schwartz Raw: V_eq = 5.377 mL, R² = 0.9938, k = 0.000, Zone = 24-35
Schwartz Opt: V_eq = 3.888 mL, R² = 0.9943, k = 0.317, Zone = 19-35
  Trimmed to 35 points → V_eq = 3.888 ± 0.052
Schwartz Raw: V_eq = 5.250 mL, R² = 0.9924, k = 0.000, Zone = 24-36
Schwartz Opt: V_eq = 3.761 mL, R² = 0.9943, k = 0.379, Zone = 19-36
  Trimmed to 36 points → V_eq = 3.761 ± 0.047
Schwartz Raw: V_eq = 5.250 mL, R² = 0.9924, k = 0.000, Zone = 24-35
Schwartz Opt: V_eq = 3.761 mL, R² = 0.9943, k = 0.379, Zone = 19-35
  Trimmed to 37 points → V_eq = 3.761 ± 0.047
Schwartz Raw: V_eq = 5.544 mL, R² = 0.9899, k = 0.000, Zone = 20-33
Schwartz Opt: V_eq = 4.230 mL, R² = 0.9932, k = 0.176, Zone = 17-35
  Trimmed to 38 points → V_eq = 4.230 ± 0.059
Schwartz Raw: V_eq = 5.544 mL, R² = 0.9899, k = 0.000, Zone = 20-33
Schwartz Opt: V_eq = 4.209 mL, R² = 0.9938, k = 0.176, Zone = 16-35
  Trimmed to 39 points → V_eq = 4.209 ± 0.055
Schwartz Raw: V_eq = 5.497 mL, R² = 0.9914, k = 0.000, Zone = 20-34
Schwartz Opt: V_eq = 4.294 mL, R² = 0.9943, k = 0.158, Zone = 16-35
  Trimmed to 40 points → V_eq = 4.294 ± 0.054
Schwartz Raw: V_eq = 5.497 mL, R² = 0.9914, k = 0.000, Zone = 20-34
Schwartz Opt: V_eq = 4.275 mL, R² = 0.9948, k = 0.158, Zone = 15-35
  Trimmed to 41 points → V_eq = 4.275 ± 0.050
Schwartz Raw: V_eq = 5.553 mL, R² = 0.9919, k = 0.000, Zone = 19-34
Schwartz Opt: V_eq = 4.391 mL, R² = 0.9953, k = 0.137, Zone = 15-35
  Trimmed to 42 points → V_eq = 4.391 ± 0.050
Schwartz Raw: V_eq = 5.553 mL, R² = 0.9919, k = 0.000, Zone = 19-34
Schwartz Opt: V_eq = 4.340 mL, R² = 0.9944, k = 0.137, Zone = 14-35
  Trimmed to 43 points → V_eq = 4.340 ± 0.053
Schwartz Raw: V_eq = 5.553 mL, R² = 0.9919, k = 0.000, Zone = 19-34
Schwartz Opt: V_eq = 4.340 mL, R² = 0.9944, k = 0.137, Zone = 14-35
  Trimmed to 44 points → V_eq = 4.340 ± 0.053
Schwartz Raw: V_eq = 5.460 mL, R² = 0.9914, k = 0.000, Zone = 19-35
Schwartz Opt: V_eq = 4.187 mL, R² = 0.9928, k = 0.155, Zone = 13-35
  Trimmed to 45 points → V_eq = 4.187 ± 0.056
Schwartz Raw: V_eq = 5.460 mL, R² = 0.9914, k = 0.000, Zone = 19-35
Schwartz Opt: V_eq = 4.187 mL, R² = 0.9928, k = 0.155, Zone = 13-35
  Trimmed to 46 points → V_eq = 4.187 ± 0.056
Schwartz Raw: V_eq = 5.393 mL, R² = 0.9915, k = 0.000, Zone = 18-35
Schwartz Opt: V_eq = 4.711 mL, R² = 0.9961, k = 0.082, Zone = 13-35
  Trimmed to 47 points → V_eq = 4.711 ± 0.048
Schwartz Raw: V_eq = 5.510 mL, R² = 0.9908, k = 0.000, Zone = 16-35
Schwartz Opt: V_eq = 4.625 mL, R² = 0.9958, k = 0.092, Zone = 13-35
  Trimmed to 48 points → V_eq = 4.625 ± 0.048
Schwartz Raw: V_eq = 5.510 mL, R² = 0.9908, k = 0.000, Zone = 16-35
Schwartz Opt: V_eq = 4.571 mL, R² = 0.9948, k = 0.092, Zone = 12-35
  Trimmed to 49 points → V_eq = 4.571 ± 0.053
Schwartz Raw: V_eq = 5.691 mL, R² = 0.9906, k = 0.000, Zone = 14-34
Schwartz Opt: V_eq = 4.825 mL, R² = 0.9962, k = 0.069, Zone = 13-35
  Trimmed to 50 points → V_eq = 4.825 ± 0.049
Schwartz Raw: V_eq = 5.691 mL, R² = 0.9906, k = 0.000, Zone = 14-34
Schwartz Opt: V_eq = 4.784 mL, R² = 0.9958, k = 0.069, Zone = 12-35
  Trimmed to 51 points → V_eq = 4.784 ± 0.050
Schwartz Raw: V_eq = 5.819 mL, R² = 0.9910, k = 0.000, Zone = 12-33
Schwartz Opt: V_eq = 5.070 mL, R² = 0.9962, k = 0.047, Zone = 11-34
  Trimmed to 52 points → V_eq = 5.070 ± 0.052
Schwartz Raw: V_eq = 5.819 mL, R² = 0.9910, k = 0.000, Zone = 12-33
Schwartz Opt: V_eq = 5.047 mL, R² = 0.9964, k = 0.047, Zone = 11-35
  Trimmed to 53 points → V_eq = 5.047 ± 0.049
Schwartz Raw: V_eq = 5.771 mL, R² = 0.9915, k = 0.000, Zone = 12-34
Schwartz Opt: V_eq = 5.036 mL, R² = 0.9965, k = 0.047, Zone = 11-35
  Trimmed to 54 points → V_eq = 5.036 ± 0.048
Schwartz Raw: V_eq = 5.771 mL, R² = 0.9915, k = 0.000, Zone = 12-34
Schwartz Opt: V_eq = 5.002 mL, R² = 0.9963, k = 0.047, Zone = 10-35
  Trimmed to 55 points → V_eq = 5.002 ± 0.049
Schwartz Raw: V_eq = 5.696 mL, R² = 0.9911, k = 0.000, Zone = 12-35
Schwartz Opt: V_eq = 4.933 mL, R² = 0.9961, k = 0.053, Zone = 10-35
  Trimmed to 56 points → V_eq = 4.933 ± 0.049
Schwartz Raw: V_eq = 5.696 mL, R² = 0.9911, k = 0.000, Zone = 12-35
Schwartz Opt: V_eq = 4.906 mL, R² = 0.9961, k = 0.053, Zone = 9-35
  Trimmed to 57 points → V_eq = 4.906 ± 0.048
Schwartz Raw: V_eq = 5.886 mL, R² = 0.9900, k = 0.000, Zone = 10-34
Schwartz Opt: V_eq = 5.120 mL, R² = 0.9968, k = 0.040, Zone = 8-34
  Trimmed to 58 points → V_eq = 5.120 ± 0.046
Schwartz Raw: V_eq = 5.886 mL, R² = 0.9900, k = 0.000, Zone = 10-34
Schwartz Opt: V_eq = 5.120 mL, R² = 0.9968, k = 0.040, Zone = 8-34
  Trimmed to 59 points → V_eq = 5.120 ± 0.046
Schwartz Raw: V_eq = 5.808 mL, R² = 0.9895, k = 0.000, Zone = 10-35
Schwartz Opt: V_eq = 5.041 mL, R² = 0.9969, k = 0.044, Zone = 8-35
  Trimmed to 60 points → V_eq = 5.041 ± 0.044
Schwartz Raw: V_eq = 5.105 mL, R² = 0.9903, k = 0.000, Zone = 37-61
Schwartz Opt: V_eq = 4.452 mL, R² = 0.9918, k = 0.663, Zone = 30-61
  Trimmed to 61 points → V_eq = 4.452 ± 0.038
Schwartz Raw: V_eq = 5.104 mL, R² = 0.9915, k = 0.000, Zone = 37-62
Schwartz Opt: V_eq = 4.557 mL, R² = 0.9929, k = 0.557, Zone = 31-62
  Trimmed to 62 points → V_eq = 4.557 ± 0.036
Schwartz Raw: V_eq = 5.098 mL, R² = 0.9924, k = 0.000, Zone = 37-62
Schwartz Opt: V_eq = 4.613 mL, R² = 0.9936, k = 0.494, Zone = 31-63
  Trimmed to 63 points → V_eq = 4.613 ± 0.034
Schwartz Raw: V_eq = 5.096 mL, R² = 0.9932, k = 0.000, Zone = 37-63
Schwartz Opt: V_eq = 4.669 mL, R² = 0.9942, k = 0.432, Zone = 31-63
  Trimmed to 64 points → V_eq = 4.669 ± 0.033
Schwartz Raw: V_eq = 5.089 mL, R² = 0.9932, k = 0.000, Zone = 38-64
Schwartz Opt: V_eq = 4.648 mL, R² = 0.9942, k = 0.477, Zone = 31-64
  Trimmed to 65 points → V_eq = 4.648 ± 0.031
Schwartz Raw: V_eq = 5.092 mL, R² = 0.9939, k = 0.000, Zone = 38-65
Schwartz Opt: V_eq = 4.703 mL, R² = 0.9946, k = 0.401, Zone = 31-64
  Trimmed to 66 points → V_eq = 4.703 ± 0.031
Schwartz Raw: V_eq = 5.081 mL, R² = 0.9941, k = 0.000, Zone = 39-66
Schwartz Opt: V_eq = 4.725 mL, R² = 0.9948, k = 0.389, Zone = 31-65
  Trimmed to 67 points → V_eq = 4.725 ± 0.030
Schwartz Raw: V_eq = 5.077 mL, R² = 0.9946, k = 0.000, Zone = 39-67
Schwartz Opt: V_eq = 4.754 mL, R² = 0.9950, k = 0.351, Zone = 31-65
  Trimmed to 68 points → V_eq = 4.754 ± 0.030
Schwartz Raw: V_eq = 5.063 mL, R² = 0.9949, k = 0.000, Zone = 40-68
Schwartz Opt: V_eq = 4.789 mL, R² = 0.9954, k = 0.318, Zone = 31-66
  Trimmed to 69 points → V_eq = 4.789 ± 0.028
Schwartz Raw: V_eq = 5.059 mL, R² = 0.9954, k = 0.000, Zone = 40-69
Schwartz Opt: V_eq = 4.870 mL, R² = 0.9969, k = 0.293, Zone = 37-70
  Trimmed to 70 points → V_eq = 4.870 ± 0.023
Schwartz Raw: V_eq = 5.047 mL, R² = 0.9957, k = 0.000, Zone = 41-70
Schwartz Opt: V_eq = 4.883 mL, R² = 0.9960, k = 0.213, Zone = 31-67
  Trimmed to 71 points → V_eq = 4.883 ± 0.027
Schwartz Raw: V_eq = 5.045 mL, R² = 0.9961, k = 0.000, Zone = 41-71
Schwartz Opt: V_eq = 4.935 mL, R² = 0.9974, k = 0.196, Zone = 37-72
  Trimmed to 72 points → V_eq = 4.935 ± 0.020
Schwartz Raw: V_eq = 5.019 mL, R² = 0.9974, k = 0.000, Zone = 43-73
Schwartz Opt: V_eq = 5.019 mL, R² = 0.9974, k = 0.000, Zone = 43-73
  Trimmed to 73 points → V_eq = 5.019 ± 0.021
Schwartz Raw: V_eq = 5.006 mL, R² = 0.9974, k = 0.000, Zone = 43-74
Schwartz Opt: V_eq = 5.006 mL, R² = 0.9974, k = 0.000, Zone = 43-74
  Trimmed to 74 points → V_eq = 5.006 ± 0.020
Schwartz Raw: V_eq = 5.011 mL, R² = 0.9976, k = 0.000, Zone = 43-74
Schwartz Opt: V_eq = 5.011 mL, R² = 0.9976, k = 0.000, Zone = 43-74
  Trimmed to 75 points → V_eq = 5.011 ± 0.019
Schwartz Raw: V_eq = 5.014 mL, R² = 0.9978, k = 0.000, Zone = 43-75
Schwartz Opt: V_eq = 5.014 mL, R² = 0.9978, k = 0.000, Zone = 43-75
  Trimmed to 76 points → V_eq = 5.014 ± 0.018
Schwartz Raw: V_eq = 5.042 mL, R² = 0.9992, k = 0.000, Zone = 46-77
Schwartz Opt: V_eq = 5.002 mL, R² = 0.9977, k = 0.089, Zone = 39-76
  Trimmed to 77 points → V_eq = 5.002 ± 0.018
Schwartz Raw: V_eq = 5.021 mL, R² = 0.9980, k = 0.000, Zone = 44-77
Schwartz Opt: V_eq = 5.021 mL, R² = 0.9980, k = 0.000, Zone = 44-77
  Trimmed to 78 points → V_eq = 5.021 ± 0.016
Schwartz Raw: V_eq = 5.042 mL, R² = 0.9993, k = 0.000, Zone = 46-79
Schwartz Opt: V_eq = 5.006 mL, R² = 0.9978, k = 0.070, Zone = 41-78
  Trimmed to 79 points → V_eq = 5.006 ± 0.016
Schwartz Raw: V_eq = 5.041 mL, R² = 0.9994, k = 0.000, Zone = 46-80
Schwartz Opt: V_eq = 4.993 mL, R² = 0.9983, k = 0.068, Zone = 43-80
  Trimmed to 80 points → V_eq = 4.993 ± 0.014
Schwartz Raw: V_eq = 5.045 mL, R² = 0.9995, k = 0.000, Zone = 47-81
Schwartz Opt: V_eq = 4.972 mL, R² = 0.9982, k = 0.152, Zone = 37-77
  Trimmed to 81 points → V_eq = 4.972 ± 0.015
Schwartz Raw: V_eq = 5.043 mL, R² = 0.9995, k = 0.000, Zone = 47-82
Schwartz Opt: V_eq = 4.977 mL, R² = 0.9982, k = 0.148, Zone = 41-81
  Trimmed to 82 points → V_eq = 4.977 ± 0.014
Schwartz Raw: V_eq = 5.042 mL, R² = 0.9996, k = 0.000, Zone = 47-82
Schwartz Opt: V_eq = 4.982 mL, R² = 0.9983, k = 0.140, Zone = 41-82
  Trimmed to 83 points → V_eq = 4.982 ± 0.013
Schwartz Raw: V_eq = 5.041 mL, R² = 0.9996, k = 0.000, Zone = 47-83
Schwartz Opt: V_eq = 4.977 mL, R² = 0.9986, k = 0.136, Zone = 43-84
  Trimmed to 84 points → V_eq = 4.977 ± 0.012
Schwartz Raw: V_eq = 5.038 mL, R² = 0.9996, k = 0.000, Zone = 48-84
Schwartz Opt: V_eq = 4.979 mL, R² = 0.9987, k = 0.134, Zone = 43-85
  Trimmed to 85 points → V_eq = 4.979 ± 0.011
Schwartz Raw: V_eq = 5.036 mL, R² = 0.9996, k = 0.000, Zone = 48-85
Schwartz Opt: V_eq = 4.980 mL, R² = 0.9987, k = 0.136, Zone = 43-85
  Trimmed to 86 points → V_eq = 4.980 ± 0.010
Schwartz Raw: V_eq = 5.034 mL, R² = 0.9996, k = 0.000, Zone = 49-86
Schwartz Opt: V_eq = 4.987 mL, R² = 0.9988, k = 0.133, Zone = 44-86
  Trimmed to 87 points → V_eq = 4.987 ± 0.010
Schwartz Raw: V_eq = 5.033 mL, R² = 0.9996, k = 0.000, Zone = 49-87
Schwartz Opt: V_eq = 4.989 mL, R² = 0.9989, k = 0.131, Zone = 44-87
  Trimmed to 88 points → V_eq = 4.989 ± 0.009
Schwartz Raw: V_eq = 5.031 mL, R² = 0.9997, k = 0.000, Zone = 50-88
Schwartz Opt: V_eq = 5.002 mL, R² = 0.9997, k = 0.130, Zone = 46-89
  Trimmed to 89 points → V_eq = 5.002 ± 0.005
Schwartz Raw: V_eq = 5.030 mL, R² = 0.9997, k = 0.000, Zone = 50-89
Schwartz Opt: V_eq = 5.002 mL, R² = 0.9997, k = 0.132, Zone = 46-90
  Trimmed to 90 points → V_eq = 5.002 ± 0.005
Schwartz Raw: V_eq = 5.026 mL, R² = 0.9997, k = 0.000, Zone = 52-91
Schwartz Opt: V_eq = 5.007 mL, R² = 0.9998, k = 0.124, Zone = 47-91
  Trimmed to 91 points → V_eq = 5.007 ± 0.004
Schwartz Raw: V_eq = 5.025 mL, R² = 0.9997, k = 0.000, Zone = 52-92
Schwartz Opt: V_eq = 5.006 mL, R² = 0.9998, k = 0.127, Zone = 47-92
  Trimmed to 92 points → V_eq = 5.006 ± 0.003
Schwartz Raw: V_eq = 5.023 mL, R² = 0.9997, k = 0.000, Zone = 52-92
Schwartz Opt: V_eq = 5.005 mL, R² = 0.9998, k = 0.130, Zone = 47-92
  Trimmed to 93 points → V_eq = 5.005 ± 0.003
Schwartz Raw: V_eq = 5.022 mL, R² = 0.9997, k = 0.000, Zone = 52-93
Schwartz Opt: V_eq = 5.006 mL, R² = 0.9998, k = 0.129, Zone = 47-93
  Trimmed to 94 points → V_eq = 5.006 ± 0.003
Schwartz Raw: V_eq = 5.019 mL, R² = 0.9997, k = 0.000, Zone = 54-95
Schwartz Opt: V_eq = 5.007 mL, R² = 0.9998, k = 0.119, Zone = 48-94
  Trimmed to 95 points → V_eq = 5.007 ± 0.003
Schwartz Raw: V_eq = 5.018 mL, R² = 0.9997, k = 0.000, Zone = 54-96
Schwartz Opt: V_eq = 5.007 mL, R² = 0.9999, k = 0.121, Zone = 47-94
  Trimmed to 96 points → V_eq = 5.007 ± 0.003
Schwartz Raw: V_eq = 5.018 mL, R² = 0.9998, k = 0.000, Zone = 54-96
Schwartz Opt: V_eq = 5.007 mL, R² = 0.9999, k = 0.121, Zone = 47-94
  Trimmed to 97 points → V_eq = 5.007 ± 0.003
Schwartz Raw: V_eq = 5.016 mL, R² = 0.9998, k = 0.000, Zone = 54-97
Schwartz Opt: V_eq = 5.006 mL, R² = 0.9999, k = 0.125, Zone = 48-96
  Trimmed to 98 points → V_eq = 5.006 ± 0.003
Schwartz Raw: V_eq = 5.014 mL, R² = 0.9998, k = 0.000, Zone = 56-99
Schwartz Opt: V_eq = 5.009 mL, R² = 0.9999, k = 0.100, Zone = 48-96
  Trimmed to 99 points → V_eq = 5.009 ± 0.003
Schwartz Raw: V_eq = 5.014 mL, R² = 0.9998, k = 0.000, Zone = 56-100
Schwartz Opt: V_eq = 5.010 mL, R² = 0.9999, k = 0.097, Zone = 48-96
  Trimmed to 100 points → V_eq = 5.010 ± 0.003
Schwartz Raw: V_eq = 5.014 mL, R² = 0.9998, k = 0.000, Zone = 56-100
Schwartz Opt: V_eq = 5.011 mL, R² = 0.9999, k = 0.089, Zone = 47-96
  Trimmed to 101 points → V_eq = 5.011 ± 0.003
Schwartz Raw: V_eq = 5.015 mL, R² = 0.9998, k = 0.000, Zone = 55-100
Schwartz Opt: V_eq = 5.007 mL, R² = 0.9999, k = 0.116, Zone = 47-97
  Trimmed to 102 points → V_eq = 5.007 ± 0.003
Schwartz Raw: V_eq = 5.015 mL, R² = 0.9998, k = 0.000, Zone = 55-100
Schwartz Opt: V_eq = 5.007 mL, R² = 0.9999, k = 0.116, Zone = 47-97
  Trimmed to 103 points → V_eq = 5.007 ± 0.003
Schwartz Raw: V_eq = 5.015 mL, R² = 0.9998, k = 0.000, Zone = 54-100
Schwartz Opt: V_eq = 5.007 mL, R² = 0.9999, k = 0.112, Zone = 48-98
  Trimmed to 104 points → V_eq = 5.007 ± 0.002
Schwartz Raw: V_eq = 5.015 mL, R² = 0.9998, k = 0.000, Zone = 54-100
Schwartz Opt: V_eq = 5.007 mL, R² = 0.9999, k = 0.112, Zone = 47-98
  Trimmed to 105 points → V_eq = 5.007 ± 0.002
Schwartz Raw: V_eq = 5.016 mL, R² = 0.9998, k = 0.000, Zone = 53-100
Schwartz Opt: V_eq = 5.006 mL, R² = 0.9999, k = 0.123, Zone = 47-99
  Trimmed to 106 points → V_eq = 5.006 ± 0.002
Schwartz Raw: V_eq = 5.016 mL, R² = 0.9998, k = 0.000, Zone = 53-100
Schwartz Opt: V_eq = 5.006 mL, R² = 0.9999, k = 0.123, Zone = 47-99
  Trimmed to 107 points → V_eq = 5.006 ± 0.002
Schwartz Raw: V_eq = 5.016 mL, R² = 0.9998, k = 0.000, Zone = 52-100
Schwartz Opt: V_eq = 5.007 mL, R² = 0.9999, k = 0.120, Zone = 47-100
  Trimmed to 108 points → V_eq = 5.007 ± 0.002
Schwartz Raw: V_eq = 5.016 mL, R² = 0.9998, k = 0.000, Zone = 52-100
Schwartz Opt: V_eq = 5.007 mL, R² = 0.9999, k = 0.120, Zone = 47-100
  Trimmed to 109 points → V_eq = 5.007 ± 0.002
Schwartz Raw: V_eq = 5.017 mL, R² = 0.9998, k = 0.000, Zone = 51-100
Schwartz Opt: V_eq = 5.005 mL, R² = 0.9998, k = 0.130, Zone = 46-100
  Trimmed to 110 points → V_eq = 5.005 ± 0.003
Schwartz Raw: V_eq = 5.017 mL, R² = 0.9998, k = 0.000, Zone = 51-100
Schwartz Opt: V_eq = 5.005 mL, R² = 0.9998, k = 0.130, Zone = 46-100
  Trimmed to 111 points → V_eq = 5.005 ± 0.003
Development summary plot (volume-aligned x-axis) saved: output/development_convergence_volume.png
