5
Loaded 5 points from 'data_5.dat'.
   volume  potential
0   0.000      183.2
1   0.020      182.6
2   0.040      181.8
3   0.090      179.5
4   0.215      174.4
Final config: {'V': 25.0, 'C_B': 0.1, 'r2_threshold': 0.95, 'titration_type': 'weak_acid'}
Preprocessing complete. Ready for analysis.
Preprocessed data ready. Final params: {'volume': array([0.   , 0.02 , 0.04 , 0.09 , 0.215]), 'potential': array([183.2, 182.6, 181.8, 179.5, 174.4]), 'V': 25.0, 'C_B': 0.1, 'r2_threshold': 0.95, 'titration_type': 'weak_acid'}
Using weak_acid_g1 with k=0.0
Computed Gran function for weak_acid with default k=0.0
Gran functions computed.
Using weak_acid_g1 with k=0.0
Computed Gran function for weak_acid with default k=0.0
Low noise (std_dg1=1.76e-05 <= 0.001). No smoothing.
Warning: No negative derivative. Using full range.
Raw Zone (initial): indices 0-4, R²=0.9977, V_eq=-0.002 mL over 4 points
Low noise (std_dg1=2.24e-12 <= 0.001). No smoothing.
Warning: No negative derivative. Using full range.
Opt Zone (final): k5=-6.897, R²=0.9977, V_eq=-0.002 mL over 4 points
Gran analysis complete with separate raw/opt Zones.
Analysis complete.
Titration curve saved to ./results/screening/5/titration_curve.png
Gran plot (separate raw/opt Zones) saved to ./results/screening/5/gran_functions.png
No screened k data available. Skipping plot.
All visualizations saved to ./results/screening/5
Visualizations generated.
CSV report saved to results/screening/5/gran_results.csv
PDF report saved to results/screening/5/gran_report.pdf
Method JSON saved to results/screening/5/method.json
Full report generated in ./results/screening/5
Full workflow complete. Results in ./results/screening/5
6
Loaded 6 points from 'data_6.dat'.
   volume  potential
0   0.000      183.2
1   0.020      182.6
2   0.040      181.8
3   0.090      179.5
4   0.215      174.4
Final config: {'V': 25.0, 'C_B': 0.1, 'r2_threshold': 0.95, 'titration_type': 'weak_acid'}
Preprocessing complete. Ready for analysis.
Preprocessed data ready. Final params: {'volume': array([0.   , 0.02 , 0.04 , 0.09 , 0.215, 0.415]), 'potential': array([183.2, 182.6, 181.8, 179.5, 174.4, 166.3]), 'V': 25.0, 'C_B': 0.1, 'r2_threshold': 0.95, 'titration_type': 'weak_acid'}
Using weak_acid_g1 with k=0.0
Computed Gran function for weak_acid with default k=0.0
Gran functions computed.
Using weak_acid_g1 with k=0.0
Computed Gran function for weak_acid with default k=0.0
Low noise (std_dg1=3.08e-05 <= 0.001). No smoothing.
Warning: No negative derivative. Using full range.
Raw Zone (initial): indices 0-5, R²=0.9901, V_eq=-0.010 mL over 5 points
High noise (std_dg1=2.15e+02 > 0.001). Smoothing.
Warning: No negative derivative. Using full range.
Opt Zone (final): k5=6.844, R²=0.9901, V_eq=-0.010 mL over 5 points
Gran analysis complete with separate raw/opt Zones.
Analysis complete.
Titration curve saved to ./results/screening/6/titration_curve.png
Gran plot (separate raw/opt Zones) saved to ./results/screening/6/gran_functions.png
No screened k data available. Skipping plot.
All visualizations saved to ./results/screening/6
Visualizations generated.
CSV report saved to results/screening/6/gran_results.csv
PDF report saved to results/screening/6/gran_report.pdf
Method JSON saved to results/screening/6/method.json
Full report generated in ./results/screening/6
Full workflow complete. Results in ./results/screening/6
7
Loaded 7 points from 'data_7.dat'.
   volume  potential
0   0.000      183.2
1   0.020      182.6
2   0.040      181.8
3   0.090      179.5
4   0.215      174.4
Final config: {'V': 25.0, 'C_B': 0.1, 'r2_threshold': 0.95, 'titration_type': 'weak_acid'}
Preprocessing complete. Ready for analysis.
Preprocessed data ready. Final params: {'volume': array([0.   , 0.02 , 0.04 , 0.09 , 0.215, 0.415, 0.615]), 'potential': array([183.2, 182.6, 181.8, 179.5, 174.4, 166.3, 158.5]), 'V': 25.0, 'C_B': 0.1, 'r2_threshold': 0.95, 'titration_type': 'weak_acid'}
Using weak_acid_g1 with k=0.0
Computed Gran function for weak_acid with default k=0.0
Gran functions computed.
Using weak_acid_g1 with k=0.0
Computed Gran function for weak_acid with default k=0.0
Low noise (std_dg1=4.16e-05 <= 0.001). No smoothing.
Warning: No negative derivative. Using full range.
Raw Zone (initial): indices 0-6, R²=0.9594, V_eq=-0.033 mL over 6 points
High noise (std_dg1=3.67e-03 > 0.001). Smoothing.
Warning: No negative derivative. Using full range.
Opt Zone (final): k5=1.945, R²=0.9594, V_eq=-0.033 mL over 6 points
Gran analysis complete with separate raw/opt Zones.
Analysis complete.
Titration curve saved to ./results/screening/7/titration_curve.png
Gran plot (separate raw/opt Zones) saved to ./results/screening/7/gran_functions.png
No screened k data available. Skipping plot.
All visualizations saved to ./results/screening/7
Visualizations generated.
CSV report saved to results/screening/7/gran_results.csv
PDF report saved to results/screening/7/gran_report.pdf
Method JSON saved to results/screening/7/method.json
Full report generated in ./results/screening/7
Full workflow complete. Results in ./results/screening/7
8
Loaded 8 points from 'data_8.dat'.
   volume  potential
0   0.000      183.2
1   0.020      182.6
2   0.040      181.8
3   0.090      179.5
4   0.215      174.4
Final config: {'V': 25.0, 'C_B': 0.1, 'r2_threshold': 0.95, 'titration_type': 'weak_acid'}
Preprocessing complete. Ready for analysis.
Preprocessed data ready. Final params: {'volume': array([0.   , 0.02 , 0.04 , 0.09 , 0.215, 0.415, 0.615, 0.815]), 'potential': array([183.2, 182.6, 181.8, 179.5, 174.4, 166.3, 158.5, 152.2]), 'V': 25.0, 'C_B': 0.1, 'r2_threshold': 0.95, 'titration_type': 'weak_acid'}
Using weak_acid_g1 with k=0.0
Computed Gran function for weak_acid with default k=0.0
Gran functions computed.
Using weak_acid_g1 with k=0.0
Computed Gran function for weak_acid with default k=0.0
Low noise (std_dg1=4.62e-05 <= 0.001). No smoothing.
Warning: No negative derivative. Using full range.
Raw Zone (initial): indices 0-7, R²=0.9150, V_eq=-0.071 mL over 7 points
Low noise (std_dg1=1.62e-04 <= 0.001). No smoothing.
Warning: No negative derivative. Using full range.
Opt Zone (final): k5=0.544, R²=0.9150, V_eq=-0.071 mL over 7 points
Gran analysis complete with separate raw/opt Zones.
Analysis complete.
Titration curve saved to ./results/screening/8/titration_curve.png
Gran plot (separate raw/opt Zones) saved to ./results/screening/8/gran_functions.png
No screened k data available. Skipping plot.
All visualizations saved to ./results/screening/8
Visualizations generated.
CSV report saved to results/screening/8/gran_results.csv
PDF report saved to results/screening/8/gran_report.pdf
Method JSON saved to results/screening/8/method.json
Full report generated in ./results/screening/8
Full workflow complete. Results in ./results/screening/8
9
Loaded 9 points from 'data_9.dat'.
   volume  potential
0   0.000      183.2
1   0.020      182.6
2   0.040      181.8
3   0.090      179.5
4   0.215      174.4
Final config: {'V': 25.0, 'C_B': 0.1, 'r2_threshold': 0.95, 'titration_type': 'weak_acid'}
Preprocessing complete. Ready for analysis.
Preprocessed data ready. Final params: {'volume': array([0.   , 0.02 , 0.04 , 0.09 , 0.215, 0.415, 0.615, 0.815, 1.015]), 'potential': array([183.2, 182.6, 181.8, 179.5, 174.4, 166.3, 158.5, 152.2, 146.3]), 'V': 25.0, 'C_B': 0.1, 'r2_threshold': 0.95, 'titration_type': 'weak_acid'}
Using weak_acid_g1 with k=0.0
Computed Gran function for weak_acid with default k=0.0
Gran functions computed.
Using weak_acid_g1 with k=0.0
Computed Gran function for weak_acid with default k=0.0
Low noise (std_dg1=4.92e-05 <= 0.001). No smoothing.
No low-var negative segments found. Falling back to full negative region.
Raw Zone (initial): indices 8-9, R²=0.0000, V_eq=nan mL over 1 points
High noise (std_dg1=4.92e+05 > 0.001). Smoothing.
No low-var negative segments found. Falling back to full negative region.
Opt Zone (final): k5=10.000, R²=0.0000, V_eq=nan mL over 1 points
Gran analysis complete with separate raw/opt Zones.
Analysis complete.
Titration curve saved to ./results/screening/9/titration_curve.png
Gran plot (separate raw/opt Zones) saved to ./results/screening/9/gran_functions.png
No screened k data available. Skipping plot.
All visualizations saved to ./results/screening/9
Visualizations generated.
CSV report saved to results/screening/9/gran_results.csv
PDF report saved to results/screening/9/gran_report.pdf
Method JSON saved to results/screening/9/method.json
Full report generated in ./results/screening/9
Full workflow complete. Results in ./results/screening/9
10
Loaded 10 points from 'data_10.dat'.
   volume  potential
0   0.000      183.2
1   0.020      182.6
2   0.040      181.8
3   0.090      179.5
4   0.215      174.4
Final config: {'V': 25.0, 'C_B': 0.1, 'r2_threshold': 0.95, 'titration_type': 'weak_acid'}
Preprocessing complete. Ready for analysis.
Preprocessed data ready. Final params: {'volume': array([0.   , 0.02 , 0.04 , 0.09 , 0.215, 0.415, 0.615, 0.815, 1.015,
       1.215]), 'potential': array([183.2, 182.6, 181.8, 179.5, 174.4, 166.3, 158.5, 152.2, 146.3,
       140.9]), 'V': 25.0, 'C_B': 0.1, 'r2_threshold': 0.95, 'titration_type': 'weak_acid'}
Using weak_acid_g1 with k=0.0
Computed Gran function for weak_acid with default k=0.0
Gran functions computed.
Using weak_acid_g1 with k=0.0
Computed Gran function for weak_acid with default k=0.0
Low noise (std_dg1=5.07e-05 <= 0.001). No smoothing.
No low-var negative segments found. Falling back to full negative region.
Raw Zone (initial): indices 8-10, R²=1.0000, V_eq=7.712 mL over 2 points
High noise (std_dg1=5.07e+05 > 0.001). Smoothing.
No low-var negative segments found. Falling back to full negative region.
Opt Zone (final): k5=10.000, R²=1.0000, V_eq=7.712 mL over 2 points
Gran analysis complete with separate raw/opt Zones.
Analysis complete.
Titration curve saved to ./results/screening/10/titration_curve.png
Gran plot (separate raw/opt Zones) saved to ./results/screening/10/gran_functions.png
No screened k data available. Skipping plot.
All visualizations saved to ./results/screening/10
Visualizations generated.
CSV report saved to results/screening/10/gran_results.csv
PDF report saved to results/screening/10/gran_report.pdf
Method JSON saved to results/screening/10/method.json
Full report generated in ./results/screening/10
Full workflow complete. Results in ./results/screening/10
11
Loaded 11 points from 'data_11.dat'.
   volume  potential
0   0.000      183.2
1   0.020      182.6
2   0.040      181.8
3   0.090      179.5
4   0.215      174.4
Final config: {'V': 25.0, 'C_B': 0.1, 'r2_threshold': 0.95, 'titration_type': 'weak_acid'}
Preprocessing complete. Ready for analysis.
Preprocessed data ready. Final params: {'volume': array([0.   , 0.02 , 0.04 , 0.09 , 0.215, 0.415, 0.615, 0.815, 1.015,
       1.215, 1.415]), 'potential': array([183.2, 182.6, 181.8, 179.5, 174.4, 166.3, 158.5, 152.2, 146.3,
       140.9, 136.2]), 'V': 25.0, 'C_B': 0.1, 'r2_threshold': 0.95, 'titration_type': 'weak_acid'}
Using weak_acid_g1 with k=0.0
Computed Gran function for weak_acid with default k=0.0
Gran functions computed.
Using weak_acid_g1 with k=0.0
Computed Gran function for weak_acid with default k=0.0
Low noise (std_dg1=5.11e-05 <= 0.001). No smoothing.
No low-var negative segments found. Falling back to full negative region.
Raw Zone (initial): indices 8-11, R²=1.0000, V_eq=7.788 mL over 3 points
Low noise (std_dg1=1.88e-10 <= 0.001). No smoothing.
No low-var negative segments found. Falling back to full negative region.
Opt Zone (final): k5=-5.433, R²=1.0000, V_eq=7.788 mL over 3 points
Gran analysis complete with separate raw/opt Zones.
Analysis complete.
Titration curve saved to ./results/screening/11/titration_curve.png
Gran plot (separate raw/opt Zones) saved to ./results/screening/11/gran_functions.png
No screened k data available. Skipping plot.
All visualizations saved to ./results/screening/11
Visualizations generated.
CSV report saved to results/screening/11/gran_results.csv
PDF report saved to results/screening/11/gran_report.pdf
Method JSON saved to results/screening/11/method.json
Full report generated in ./results/screening/11
Full workflow complete. Results in ./results/screening/11
12
Loaded 12 points from 'data_12.dat'.
   volume  potential
0   0.000      183.2
1   0.020      182.6
2   0.040      181.8
3   0.090      179.5
4   0.215      174.4
Final config: {'V': 25.0, 'C_B': 0.1, 'r2_threshold': 0.95, 'titration_type': 'weak_acid'}
Preprocessing complete. Ready for analysis.
Preprocessed data ready. Final params: {'volume': array([0.   , 0.02 , 0.04 , 0.09 , 0.215, 0.415, 0.615, 0.815, 1.015,
       1.215, 1.415, 1.615]), 'potential': array([183.2, 182.6, 181.8, 179.5, 174.4, 166.3, 158.5, 152.2, 146.3,
       140.9, 136.2, 131.4]), 'V': 25.0, 'C_B': 0.1, 'r2_threshold': 0.95, 'titration_type': 'weak_acid'}
Using weak_acid_g1 with k=0.0
Computed Gran function for weak_acid with default k=0.0
Gran functions computed.
Using weak_acid_g1 with k=0.0
Computed Gran function for weak_acid with default k=0.0
Low noise (std_dg1=5.14e-05 <= 0.001). No smoothing.
No low-var negative segments found. Falling back to full negative region.
Raw Zone (initial): indices 8-12, R²=0.9808, V_eq=6.649 mL over 4 points
High noise (std_dg1=2.07e+00 > 0.001). Smoothing.
No low-var negative segments found. Falling back to full negative region.
Opt Zone (final): k5=4.604, R²=0.9808, V_eq=6.649 mL over 4 points
Gran analysis complete with separate raw/opt Zones.
Analysis complete.
Titration curve saved to ./results/screening/12/titration_curve.png
Gran plot (separate raw/opt Zones) saved to ./results/screening/12/gran_functions.png
No screened k data available. Skipping plot.
All visualizations saved to ./results/screening/12
Visualizations generated.
CSV report saved to results/screening/12/gran_results.csv
PDF report saved to results/screening/12/gran_report.pdf
Method JSON saved to results/screening/12/method.json
Full report generated in ./results/screening/12
Full workflow complete. Results in ./results/screening/12
13
Loaded 13 points from 'data_13.dat'.
   volume  potential
0   0.000      183.2
1   0.020      182.6
2   0.040      181.8
3   0.090      179.5
4   0.215      174.4
Final config: {'V': 25.0, 'C_B': 0.1, 'r2_threshold': 0.95, 'titration_type': 'weak_acid'}
Preprocessing complete. Ready for analysis.
Preprocessed data ready. Final params: {'volume': array([0.   , 0.02 , 0.04 , 0.09 , 0.215, 0.415, 0.615, 0.815, 1.015,
       1.215, 1.415, 1.615, 1.815]), 'potential': array([183.2, 182.6, 181.8, 179.5, 174.4, 166.3, 158.5, 152.2, 146.3,
       140.9, 136.2, 131.4, 127. ]), 'V': 25.0, 'C_B': 0.1, 'r2_threshold': 0.95, 'titration_type': 'weak_acid'}
Using weak_acid_g1 with k=0.0
Computed Gran function for weak_acid with default k=0.0
Gran functions computed.
Using weak_acid_g1 with k=0.0
Computed Gran function for weak_acid with default k=0.0
Low noise (std_dg1=5.12e-05 <= 0.001). No smoothing.
No low-var negative segments found. Falling back to full negative region.
Raw Zone (initial): indices 8-13, R²=0.9840, V_eq=6.157 mL over 5 points
High noise (std_dg1=6.80e-01 > 0.001). Smoothing.
No low-var negative segments found. Falling back to full negative region.
Opt Zone (final): k5=4.123, R²=0.9840, V_eq=6.157 mL over 5 points
Gran analysis complete with separate raw/opt Zones.
Analysis complete.
Titration curve saved to ./results/screening/13/titration_curve.png
Gran plot (separate raw/opt Zones) saved to ./results/screening/13/gran_functions.png
No screened k data available. Skipping plot.
All visualizations saved to ./results/screening/13
Visualizations generated.
CSV report saved to results/screening/13/gran_results.csv
PDF report saved to results/screening/13/gran_report.pdf
Method JSON saved to results/screening/13/method.json
Full report generated in ./results/screening/13
Full workflow complete. Results in ./results/screening/13
14
Loaded 14 points from 'data_14.dat'.
   volume  potential
0   0.000      183.2
1   0.020      182.6
2   0.040      181.8
3   0.090      179.5
4   0.215      174.4
Final config: {'V': 25.0, 'C_B': 0.1, 'r2_threshold': 0.95, 'titration_type': 'weak_acid'}
Preprocessing complete. Ready for analysis.
Preprocessed data ready. Final params: {'volume': array([0.   , 0.02 , 0.04 , 0.09 , 0.215, 0.415, 0.615, 0.815, 1.015,
       1.215, 1.415, 1.615, 1.815, 2.015]), 'potential': array([183.2, 182.6, 181.8, 179.5, 174.4, 166.3, 158.5, 152.2, 146.3,
       140.9, 136.2, 131.4, 127. , 122.4]), 'V': 25.0, 'C_B': 0.1, 'r2_threshold': 0.95, 'titration_type': 'weak_acid'}
Using weak_acid_g1 with k=0.0
Computed Gran function for weak_acid with default k=0.0
Gran functions computed.
Using weak_acid_g1 with k=0.0
Computed Gran function for weak_acid with default k=0.0
Low noise (std_dg1=5.10e-05 <= 0.001). No smoothing.
Identified 'the Zone': indices 8-11, R²=1.000 (Case: Case 1, Score: 102.14)
Raw Zone (initial): indices 8-11, R²=1.0000, V_eq=7.788 mL over 3 points
Low noise (std_dg1=1.88e-10 <= 0.001). No smoothing.
Identified 'the Zone': indices 8-11, R²=1.000 (Case: Case 1, Score: 102.14)
Opt Zone (final): k5=-5.433, R²=1.0000, V_eq=7.788 mL over 3 points
Gran analysis complete with separate raw/opt Zones.
Analysis complete.
Titration curve saved to ./results/screening/14/titration_curve.png
Gran plot (separate raw/opt Zones) saved to ./results/screening/14/gran_functions.png
No screened k data available. Skipping plot.
All visualizations saved to ./results/screening/14
Visualizations generated.
CSV report saved to results/screening/14/gran_results.csv
PDF report saved to results/screening/14/gran_report.pdf
Method JSON saved to results/screening/14/method.json
Full report generated in ./results/screening/14
Full workflow complete. Results in ./results/screening/14
15
Loaded 15 points from 'data_15.dat'.
   volume  potential
0   0.000      183.2
1   0.020      182.6
2   0.040      181.8
3   0.090      179.5
4   0.215      174.4
Final config: {'V': 25.0, 'C_B': 0.1, 'r2_threshold': 0.95, 'titration_type': 'weak_acid'}
Preprocessing complete. Ready for analysis.
Preprocessed data ready. Final params: {'volume': array([0.   , 0.02 , 0.04 , 0.09 , 0.215, 0.415, 0.615, 0.815, 1.015,
       1.215, 1.415, 1.615, 1.815, 2.015, 2.215]), 'potential': array([183.2, 182.6, 181.8, 179.5, 174.4, 166.3, 158.5, 152.2, 146.3,
       140.9, 136.2, 131.4, 127. , 122.4, 118.1]), 'V': 25.0, 'C_B': 0.1, 'r2_threshold': 0.95, 'titration_type': 'weak_acid'}
Using weak_acid_g1 with k=0.0
Computed Gran function for weak_acid with default k=0.0
Gran functions computed.
Using weak_acid_g1 with k=0.0
Computed Gran function for weak_acid with default k=0.0
Low noise (std_dg1=5.04e-05 <= 0.001). No smoothing.
Identified 'the Zone': indices 8-11, R²=1.000 (Case: Case 1, Score: 102.00)
Raw Zone (initial): indices 8-11, R²=1.0000, V_eq=7.788 mL over 3 points
Low noise (std_dg1=1.86e-10 <= 0.001). No smoothing.
Identified 'the Zone': indices 8-11, R²=1.000 (Case: Case 1, Score: 102.00)
Opt Zone (final): k5=-5.433, R²=1.0000, V_eq=7.788 mL over 3 points
Gran analysis complete with separate raw/opt Zones.
Analysis complete.
Titration curve saved to ./results/screening/15/titration_curve.png
Gran plot (separate raw/opt Zones) saved to ./results/screening/15/gran_functions.png
No screened k data available. Skipping plot.
All visualizations saved to ./results/screening/15
Visualizations generated.
CSV report saved to results/screening/15/gran_results.csv
PDF report saved to results/screening/15/gran_report.pdf
Method JSON saved to results/screening/15/method.json
Full report generated in ./results/screening/15
Full workflow complete. Results in ./results/screening/15
16
Loaded 16 points from 'data_16.dat'.
   volume  potential
0   0.000      183.2
1   0.020      182.6
2   0.040      181.8
3   0.090      179.5
4   0.215      174.4
Final config: {'V': 25.0, 'C_B': 0.1, 'r2_threshold': 0.95, 'titration_type': 'weak_acid'}
Preprocessing complete. Ready for analysis.
Preprocessed data ready. Final params: {'volume': array([0.   , 0.02 , 0.04 , 0.09 , 0.215, 0.415, 0.615, 0.815, 1.015,
       1.215, 1.415, 1.615, 1.815, 2.015, 2.215, 2.415]), 'potential': array([183.2, 182.6, 181.8, 179.5, 174.4, 166.3, 158.5, 152.2, 146.3,
       140.9, 136.2, 131.4, 127. , 122.4, 118.1, 113.5]), 'V': 25.0, 'C_B': 0.1, 'r2_threshold': 0.95, 'titration_type': 'weak_acid'}
Using weak_acid_g1 with k=0.0
Computed Gran function for weak_acid with default k=0.0
Gran functions computed.
Using weak_acid_g1 with k=0.0
Computed Gran function for weak_acid with default k=0.0
Low noise (std_dg1=4.99e-05 <= 0.001). No smoothing.
Identified 'the Zone': indices 12-16, R²=0.999 (Case: Case 1, Score: 102.41)
Raw Zone (initial): indices 12-16, R²=0.9991, V_eq=4.653 mL over 4 points
Low noise (std_dg1=1.38e-05 <= 0.001). No smoothing.
Identified 'the Zone': indices 12-16, R²=0.999 (Case: Case 1, Score: 102.41)
Opt Zone (final): k5=-0.557, R²=0.9991, V_eq=4.653 mL over 4 points
Gran analysis complete with separate raw/opt Zones.
Analysis complete.
Titration curve saved to ./results/screening/16/titration_curve.png
Gran plot (separate raw/opt Zones) saved to ./results/screening/16/gran_functions.png
No screened k data available. Skipping plot.
All visualizations saved to ./results/screening/16
Visualizations generated.
CSV report saved to results/screening/16/gran_results.csv
PDF report saved to results/screening/16/gran_report.pdf
Method JSON saved to results/screening/16/method.json
Full report generated in ./results/screening/16
Full workflow complete. Results in ./results/screening/16
17
Loaded 17 points from 'data_17.dat'.
   volume  potential
0   0.000      183.2
1   0.020      182.6
2   0.040      181.8
3   0.090      179.5
4   0.215      174.4
Final config: {'V': 25.0, 'C_B': 0.1, 'r2_threshold': 0.95, 'titration_type': 'weak_acid'}
Preprocessing complete. Ready for analysis.
Preprocessed data ready. Final params: {'volume': array([0.   , 0.02 , 0.04 , 0.09 , 0.215, 0.415, 0.615, 0.815, 1.015,
       1.215, 1.415, 1.615, 1.815, 2.015, 2.215, 2.415, 2.615]), 'potential': array([183.2, 182.6, 181.8, 179.5, 174.4, 166.3, 158.5, 152.2, 146.3,
       140.9, 136.2, 131.4, 127. , 122.4, 118.1, 113.5, 108.8]), 'V': 25.0, 'C_B': 0.1, 'r2_threshold': 0.95, 'titration_type': 'weak_acid'}
Using weak_acid_g1 with k=0.0
Computed Gran function for weak_acid with default k=0.0
Gran functions computed.
Using weak_acid_g1 with k=0.0
Computed Gran function for weak_acid with default k=0.0
Low noise (std_dg1=4.94e-05 <= 0.001). No smoothing.
Identified 'the Zone': indices 12-16, R²=0.999 (Case: Case 1, Score: 102.27)
Raw Zone (initial): indices 12-16, R²=0.9991, V_eq=4.653 mL over 4 points
Low noise (std_dg1=1.37e-05 <= 0.001). No smoothing.
Identified 'the Zone': indices 12-16, R²=0.999 (Case: Case 1, Score: 102.27)
Opt Zone (final): k5=-0.557, R²=0.9991, V_eq=4.653 mL over 4 points
Gran analysis complete with separate raw/opt Zones.
Analysis complete.
Titration curve saved to ./results/screening/17/titration_curve.png
Gran plot (separate raw/opt Zones) saved to ./results/screening/17/gran_functions.png
No screened k data available. Skipping plot.
All visualizations saved to ./results/screening/17
Visualizations generated.
CSV report saved to results/screening/17/gran_results.csv
PDF report saved to results/screening/17/gran_report.pdf
Method JSON saved to results/screening/17/method.json
Full report generated in ./results/screening/17
Full workflow complete. Results in ./results/screening/17
18
Loaded 18 points from 'data_18.dat'.
   volume  potential
0   0.000      183.2
1   0.020      182.6
2   0.040      181.8
3   0.090      179.5
4   0.215      174.4
Final config: {'V': 25.0, 'C_B': 0.1, 'r2_threshold': 0.95, 'titration_type': 'weak_acid'}
Preprocessing complete. Ready for analysis.
Preprocessed data ready. Final params: {'volume': array([0.   , 0.02 , 0.04 , 0.09 , 0.215, 0.415, 0.615, 0.815, 1.015,
       1.215, 1.415, 1.615, 1.815, 2.015, 2.215, 2.415, 2.615, 2.815]), 'potential': array([183.2, 182.6, 181.8, 179.5, 174.4, 166.3, 158.5, 152.2, 146.3,
       140.9, 136.2, 131.4, 127. , 122.4, 118.1, 113.5, 108.8, 103.9]), 'V': 25.0, 'C_B': 0.1, 'r2_threshold': 0.95, 'titration_type': 'weak_acid'}
Using weak_acid_g1 with k=0.0
Computed Gran function for weak_acid with default k=0.0
Gran functions computed.
Using weak_acid_g1 with k=0.0
Computed Gran function for weak_acid with default k=0.0
Low noise (std_dg1=4.88e-05 <= 0.001). No smoothing.
Identified 'the Zone': indices 12-17, R²=0.999 (Case: Case 1, Score: 102.68)
Raw Zone (initial): indices 12-17, R²=0.9990, V_eq=4.589 mL over 5 points
Low noise (std_dg1=1.16e-05 <= 0.001). No smoothing.
Identified 'the Zone': indices 12-17, R²=0.999 (Case: Case 1, Score: 102.68)
Opt Zone (final): k5=-0.622, R²=0.9990, V_eq=4.589 mL over 5 points
Gran analysis complete with separate raw/opt Zones.
Analysis complete.
Titration curve saved to ./results/screening/18/titration_curve.png
Gran plot (separate raw/opt Zones) saved to ./results/screening/18/gran_functions.png
No screened k data available. Skipping plot.
All visualizations saved to ./results/screening/18
Visualizations generated.
CSV report saved to results/screening/18/gran_results.csv
PDF report saved to results/screening/18/gran_report.pdf
Method JSON saved to results/screening/18/method.json
Full report generated in ./results/screening/18
Full workflow complete. Results in ./results/screening/18
19
Loaded 19 points from 'data_19.dat'.
   volume  potential
0   0.000      183.2
1   0.020      182.6
2   0.040      181.8
3   0.090      179.5
4   0.215      174.4
Final config: {'V': 25.0, 'C_B': 0.1, 'r2_threshold': 0.95, 'titration_type': 'weak_acid'}
Preprocessing complete. Ready for analysis.
Preprocessed data ready. Final params: {'volume': array([0.   , 0.02 , 0.04 , 0.09 , 0.215, 0.415, 0.615, 0.815, 1.015,
       1.215, 1.415, 1.615, 1.815, 2.015, 2.215, 2.415, 2.615, 2.815,
       3.015]), 'potential': array([183.2, 182.6, 181.8, 179.5, 174.4, 166.3, 158.5, 152.2, 146.3,
       140.9, 136.2, 131.4, 127. , 122.4, 118.1, 113.5, 108.8, 103.9,
        98.5]), 'V': 25.0, 'C_B': 0.1, 'r2_threshold': 0.95, 'titration_type': 'weak_acid'}
Using weak_acid_g1 with k=0.0
Computed Gran function for weak_acid with default k=0.0
Gran functions computed.
Using weak_acid_g1 with k=0.0
Computed Gran function for weak_acid with default k=0.0
Low noise (std_dg1=4.82e-05 <= 0.001). No smoothing.
Identified 'the Zone': indices 14-19, R²=1.000 (Case: Case 1, Score: 102.60)
Raw Zone (initial): indices 14-19, R²=0.9997, V_eq=4.415 mL over 5 points
High noise (std_dg1=6.50e+01 > 0.001). Smoothing.
Identified 'the Zone': indices 14-19, R²=1.000 (Case: Case 1, Score: 103.92)
Opt Zone (final): k5=6.130, R²=0.9997, V_eq=4.415 mL over 5 points
Gran analysis complete with separate raw/opt Zones.
Analysis complete.
Titration curve saved to ./results/screening/19/titration_curve.png
Gran plot (separate raw/opt Zones) saved to ./results/screening/19/gran_functions.png
No screened k data available. Skipping plot.
All visualizations saved to ./results/screening/19
Visualizations generated.
CSV report saved to results/screening/19/gran_results.csv
PDF report saved to results/screening/19/gran_report.pdf
Method JSON saved to results/screening/19/method.json
Full report generated in ./results/screening/19
Full workflow complete. Results in ./results/screening/19
20
Loaded 20 points from 'data_20.dat'.
   volume  potential
0   0.000      183.2
1   0.020      182.6
2   0.040      181.8
3   0.090      179.5
4   0.215      174.4
Final config: {'V': 25.0, 'C_B': 0.1, 'r2_threshold': 0.95, 'titration_type': 'weak_acid'}
Preprocessing complete. Ready for analysis.
Preprocessed data ready. Final params: {'volume': array([0.   , 0.02 , 0.04 , 0.09 , 0.215, 0.415, 0.615, 0.815, 1.015,
       1.215, 1.415, 1.615, 1.815, 2.015, 2.215, 2.415, 2.615, 2.815,
       3.015, 3.215]), 'potential': array([183.2, 182.6, 181.8, 179.5, 174.4, 166.3, 158.5, 152.2, 146.3,
       140.9, 136.2, 131.4, 127. , 122.4, 118.1, 113.5, 108.8, 103.9,
        98.5,  93. ]), 'V': 25.0, 'C_B': 0.1, 'r2_threshold': 0.95, 'titration_type': 'weak_acid'}
Using weak_acid_g1 with k=0.0
Computed Gran function for weak_acid with default k=0.0
Gran functions computed.
Using weak_acid_g1 with k=0.0
Computed Gran function for weak_acid with default k=0.0
Low noise (std_dg1=4.75e-05 <= 0.001). No smoothing.
Identified 'the Zone': indices 14-20, R²=1.000 (Case: Case 1, Score: 102.98)
Raw Zone (initial): indices 14-20, R²=0.9998, V_eq=4.415 mL over 6 points
Low noise (std_dg1=1.27e-07 <= 0.001). No smoothing.
Identified 'the Zone': indices 14-20, R²=1.000 (Case: Case 1, Score: 102.98)
Opt Zone (final): k5=-2.574, R²=0.9998, V_eq=4.415 mL over 6 points
Gran analysis complete with separate raw/opt Zones.
Analysis complete.
Titration curve saved to ./results/screening/20/titration_curve.png
Gran plot (separate raw/opt Zones) saved to ./results/screening/20/gran_functions.png
No screened k data available. Skipping plot.
All visualizations saved to ./results/screening/20
Visualizations generated.
CSV report saved to results/screening/20/gran_results.csv
PDF report saved to results/screening/20/gran_report.pdf
Method JSON saved to results/screening/20/method.json
Full report generated in ./results/screening/20
Full workflow complete. Results in ./results/screening/20
21
Loaded 21 points from 'data_21.dat'.
   volume  potential
0   0.000      183.2
1   0.020      182.6
2   0.040      181.8
3   0.090      179.5
4   0.215      174.4
Final config: {'V': 25.0, 'C_B': 0.1, 'r2_threshold': 0.95, 'titration_type': 'weak_acid'}
Preprocessing complete. Ready for analysis.
Preprocessed data ready. Final params: {'volume': array([0.   , 0.02 , 0.04 , 0.09 , 0.215, 0.415, 0.615, 0.815, 1.015,
       1.215, 1.415, 1.615, 1.815, 2.015, 2.215, 2.415, 2.615, 2.815,
       3.015, 3.215, 3.415]), 'potential': array([183.2, 182.6, 181.8, 179.5, 174.4, 166.3, 158.5, 152.2, 146.3,
       140.9, 136.2, 131.4, 127. , 122.4, 118.1, 113.5, 108.8, 103.9,
        98.5,  93. ,  86.4]), 'V': 25.0, 'C_B': 0.1, 'r2_threshold': 0.95, 'titration_type': 'weak_acid'}
Using weak_acid_g1 with k=0.0
Computed Gran function for weak_acid with default k=0.0
Gran functions computed.
Using weak_acid_g1 with k=0.0
Computed Gran function for weak_acid with default k=0.0
Low noise (std_dg1=4.69e-05 <= 0.001). No smoothing.
Identified 'the Zone': indices 14-20, R²=1.000 (Case: Case 1, Score: 102.84)
Raw Zone (initial): indices 14-20, R²=0.9998, V_eq=4.415 mL over 6 points
Low noise (std_dg1=1.25e-07 <= 0.001). No smoothing.
Identified 'the Zone': indices 14-20, R²=1.000 (Case: Case 1, Score: 102.84)
Opt Zone (final): k5=-2.574, R²=0.9998, V_eq=4.415 mL over 6 points
Gran analysis complete with separate raw/opt Zones.
Analysis complete.
Titration curve saved to ./results/screening/21/titration_curve.png
Gran plot (separate raw/opt Zones) saved to ./results/screening/21/gran_functions.png
No screened k data available. Skipping plot.
All visualizations saved to ./results/screening/21
Visualizations generated.
CSV report saved to results/screening/21/gran_results.csv
PDF report saved to results/screening/21/gran_report.pdf
Method JSON saved to results/screening/21/method.json
Full report generated in ./results/screening/21
Full workflow complete. Results in ./results/screening/21
22
Loaded 22 points from 'data_22.dat'.
   volume  potential
0   0.000      183.2
1   0.020      182.6
2   0.040      181.8
3   0.090      179.5
4   0.215      174.4
Final config: {'V': 25.0, 'C_B': 0.1, 'r2_threshold': 0.95, 'titration_type': 'weak_acid'}
Preprocessing complete. Ready for analysis.
Preprocessed data ready. Final params: {'volume': array([0.   , 0.02 , 0.04 , 0.09 , 0.215, 0.415, 0.615, 0.815, 1.015,
       1.215, 1.415, 1.615, 1.815, 2.015, 2.215, 2.415, 2.615, 2.815,
       3.015, 3.215, 3.415, 3.615]), 'potential': array([183.2, 182.6, 181.8, 179.5, 174.4, 166.3, 158.5, 152.2, 146.3,
       140.9, 136.2, 131.4, 127. , 122.4, 118.1, 113.5, 108.8, 103.9,
        98.5,  93. ,  86.4,  78.4]), 'V': 25.0, 'C_B': 0.1, 'r2_threshold': 0.95, 'titration_type': 'weak_acid'}
Using weak_acid_g1 with k=0.0
Computed Gran function for weak_acid with default k=0.0
Gran functions computed.
Using weak_acid_g1 with k=0.0
Computed Gran function for weak_acid with default k=0.0
Low noise (std_dg1=4.63e-05 <= 0.001). No smoothing.
Identified 'the Zone': indices 14-21, R²=1.000 (Case: Case 1, Score: 103.16)
Raw Zone (initial): indices 14-21, R²=0.9998, V_eq=4.401 mL over 7 points
Low noise (std_dg1=4.17e-05 <= 0.001). No smoothing.
Identified 'the Zone': indices 14-21, R²=1.000 (Case: Case 1, Score: 103.16)
Opt Zone (final): k5=-0.045, R²=0.9998, V_eq=4.401 mL over 7 points
Gran analysis complete with separate raw/opt Zones.
Analysis complete.
Titration curve saved to ./results/screening/22/titration_curve.png
Gran plot (separate raw/opt Zones) saved to ./results/screening/22/gran_functions.png
No screened k data available. Skipping plot.
All visualizations saved to ./results/screening/22
Visualizations generated.
CSV report saved to results/screening/22/gran_results.csv
PDF report saved to results/screening/22/gran_report.pdf
Method JSON saved to results/screening/22/method.json
Full report generated in ./results/screening/22
Full workflow complete. Results in ./results/screening/22
23
Loaded 23 points from 'data_23.dat'.
   volume  potential
0   0.000      183.2
1   0.020      182.6
2   0.040      181.8
3   0.090      179.5
4   0.215      174.4
Final config: {'V': 25.0, 'C_B': 0.1, 'r2_threshold': 0.95, 'titration_type': 'weak_acid'}
Preprocessing complete. Ready for analysis.
Preprocessed data ready. Final params: {'volume': array([0.    , 0.02  , 0.04  , 0.09  , 0.215 , 0.415 , 0.615 , 0.815 ,
       1.015 , 1.215 , 1.415 , 1.615 , 1.815 , 2.015 , 2.215 , 2.415 ,
       2.615 , 2.815 , 3.015 , 3.215 , 3.415 , 3.615 , 3.8145]), 'potential': array([183.2, 182.6, 181.8, 179.5, 174.4, 166.3, 158.5, 152.2, 146.3,
       140.9, 136.2, 131.4, 127. , 122.4, 118.1, 113.5, 108.8, 103.9,
        98.5,  93. ,  86.4,  78.4,  69.1]), 'V': 25.0, 'C_B': 0.1, 'r2_threshold': 0.95, 'titration_type': 'weak_acid'}
Using weak_acid_g1 with k=0.0
Computed Gran function for weak_acid with default k=0.0
Gran functions computed.
Using weak_acid_g1 with k=0.0
Computed Gran function for weak_acid with default k=0.0
Low noise (std_dg1=4.57e-05 <= 0.001). No smoothing.
Identified 'the Zone': indices 14-21, R²=1.000 (Case: Case 1, Score: 103.02)
Raw Zone (initial): indices 14-21, R²=0.9998, V_eq=4.401 mL over 7 points
Low noise (std_dg1=4.11e-05 <= 0.001). No smoothing.
Identified 'the Zone': indices 14-21, R²=1.000 (Case: Case 1, Score: 103.02)
Opt Zone (final): k5=-0.045, R²=0.9998, V_eq=4.401 mL over 7 points
Gran analysis complete with separate raw/opt Zones.
Analysis complete.
Titration curve saved to ./results/screening/23/titration_curve.png
Gran plot (separate raw/opt Zones) saved to ./results/screening/23/gran_functions.png
No screened k data available. Skipping plot.
All visualizations saved to ./results/screening/23
Visualizations generated.
CSV report saved to results/screening/23/gran_results.csv
PDF report saved to results/screening/23/gran_report.pdf
Method JSON saved to results/screening/23/method.json
Full report generated in ./results/screening/23
Full workflow complete. Results in ./results/screening/23
24
Loaded 24 points from 'data_24.dat'.
   volume  potential
0   0.000      183.2
1   0.020      182.6
2   0.040      181.8
3   0.090      179.5
4   0.215      174.4
Final config: {'V': 25.0, 'C_B': 0.1, 'r2_threshold': 0.95, 'titration_type': 'weak_acid'}
Preprocessing complete. Ready for analysis.
Preprocessed data ready. Final params: {'volume': array([0.    , 0.02  , 0.04  , 0.09  , 0.215 , 0.415 , 0.615 , 0.815 ,
       1.015 , 1.215 , 1.415 , 1.615 , 1.815 , 2.015 , 2.215 , 2.415 ,
       2.615 , 2.815 , 3.015 , 3.215 , 3.415 , 3.615 , 3.8145, 3.961 ]), 'potential': array([183.2, 182.6, 181.8, 179.5, 174.4, 166.3, 158.5, 152.2, 146.3,
       140.9, 136.2, 131.4, 127. , 122.4, 118.1, 113.5, 108.8, 103.9,
        98.5,  93. ,  86.4,  78.4,  69.1,  59.4]), 'V': 25.0, 'C_B': 0.1, 'r2_threshold': 0.95, 'titration_type': 'weak_acid'}
Using weak_acid_g1 with k=0.0
Computed Gran function for weak_acid with default k=0.0
Gran functions computed.
Using weak_acid_g1 with k=0.0
Computed Gran function for weak_acid with default k=0.0
Low noise (std_dg1=4.51e-05 <= 0.001). No smoothing.
Identified 'the Zone': indices 16-24, R²=1.000 (Case: Case 1, Score: 103.31)
Raw Zone (initial): indices 16-24, R²=0.9998, V_eq=4.351 mL over 8 points
Low noise (std_dg1=1.91e-14 <= 0.001). No smoothing.
Identified 'the Zone': indices 16-24, R²=1.000 (Case: Case 1, Score: 103.31)
Opt Zone (final): k5=-9.373, R²=0.9998, V_eq=4.351 mL over 8 points
Gran analysis complete with separate raw/opt Zones.
Analysis complete.
Titration curve saved to ./results/screening/24/titration_curve.png
Gran plot (separate raw/opt Zones) saved to ./results/screening/24/gran_functions.png
No screened k data available. Skipping plot.
All visualizations saved to ./results/screening/24
Visualizations generated.
CSV report saved to results/screening/24/gran_results.csv
PDF report saved to results/screening/24/gran_report.pdf
Method JSON saved to results/screening/24/method.json
Full report generated in ./results/screening/24
Full workflow complete. Results in ./results/screening/24
25
Loaded 25 points from 'data_25.dat'.
   volume  potential
0   0.000      183.2
1   0.020      182.6
2   0.040      181.8
3   0.090      179.5
4   0.215      174.4
Final config: {'V': 25.0, 'C_B': 0.1, 'r2_threshold': 0.95, 'titration_type': 'weak_acid'}
Preprocessing complete. Ready for analysis.
Preprocessed data ready. Final params: {'volume': array([0.    , 0.02  , 0.04  , 0.09  , 0.215 , 0.415 , 0.615 , 0.815 ,
       1.015 , 1.215 , 1.415 , 1.615 , 1.815 , 2.015 , 2.215 , 2.415 ,
       2.615 , 2.815 , 3.015 , 3.215 , 3.415 , 3.615 , 3.8145, 3.961 ,
       4.0475]), 'potential': array([183.2, 182.6, 181.8, 179.5, 174.4, 166.3, 158.5, 152.2, 146.3,
       140.9, 136.2, 131.4, 127. , 122.4, 118.1, 113.5, 108.8, 103.9,
        98.5,  93. ,  86.4,  78.4,  69.1,  59.4,  51.2]), 'V': 25.0, 'C_B': 0.1, 'r2_threshold': 0.95, 'titration_type': 'weak_acid'}
Using weak_acid_g1 with k=0.0
Computed Gran function for weak_acid with default k=0.0
Gran functions computed.
Using weak_acid_g1 with k=0.0
Computed Gran function for weak_acid with default k=0.0
Low noise (std_dg1=4.45e-05 <= 0.001). No smoothing.
Identified 'the Zone': indices 16-24, R²=1.000 (Case: Case 1, Score: 103.18)
Raw Zone (initial): indices 16-24, R²=0.9998, V_eq=4.351 mL over 8 points
Low noise (std_dg1=1.89e-14 <= 0.001). No smoothing.
Identified 'the Zone': indices 16-24, R²=1.000 (Case: Case 1, Score: 103.18)
Opt Zone (final): k5=-9.373, R²=0.9998, V_eq=4.351 mL over 8 points
Gran analysis complete with separate raw/opt Zones.
Analysis complete.
Titration curve saved to ./results/screening/25/titration_curve.png
Gran plot (separate raw/opt Zones) saved to ./results/screening/25/gran_functions.png
No screened k data available. Skipping plot.
All visualizations saved to ./results/screening/25
Visualizations generated.
CSV report saved to results/screening/25/gran_results.csv
PDF report saved to results/screening/25/gran_report.pdf
Method JSON saved to results/screening/25/method.json
Full report generated in ./results/screening/25
Full workflow complete. Results in ./results/screening/25
26
Loaded 26 points from 'data_26.dat'.
   volume  potential
0   0.000      183.2
1   0.020      182.6
2   0.040      181.8
3   0.090      179.5
4   0.215      174.4
Final config: {'V': 25.0, 'C_B': 0.1, 'r2_threshold': 0.95, 'titration_type': 'weak_acid'}
Preprocessing complete. Ready for analysis.
Preprocessed data ready. Final params: {'volume': array([0.    , 0.02  , 0.04  , 0.09  , 0.215 , 0.415 , 0.615 , 0.815 ,
       1.015 , 1.215 , 1.415 , 1.615 , 1.815 , 2.015 , 2.215 , 2.415 ,
       2.615 , 2.815 , 3.015 , 3.215 , 3.415 , 3.615 , 3.8145, 3.961 ,
       4.0475, 4.106 ]), 'potential': array([183.2, 182.6, 181.8, 179.5, 174.4, 166.3, 158.5, 152.2, 146.3,
       140.9, 136.2, 131.4, 127. , 122.4, 118.1, 113.5, 108.8, 103.9,
        98.5,  93. ,  86.4,  78.4,  69.1,  59.4,  51.2,  44.7]), 'V': 25.0, 'C_B': 0.1, 'r2_threshold': 0.95, 'titration_type': 'weak_acid'}
Using weak_acid_g1 with k=0.0
Computed Gran function for weak_acid with default k=0.0
Gran functions computed.
Using weak_acid_g1 with k=0.0
Computed Gran function for weak_acid with default k=0.0
Low noise (std_dg1=4.40e-05 <= 0.001). No smoothing.
Identified 'the Zone': indices 15-24, R²=1.000 (Case: Case 1, Score: 103.43)
Raw Zone (initial): indices 15-24, R²=0.9997, V_eq=4.357 mL over 9 points
Low noise (std_dg1=4.40e-05 <= 0.001). No smoothing.
Identified 'the Zone': indices 15-24, R²=1.000 (Case: Case 1, Score: 103.43)
Opt Zone (final): k5=-0.000, R²=0.9997, V_eq=4.357 mL over 9 points
Gran analysis complete with separate raw/opt Zones.
Analysis complete.
Titration curve saved to ./results/screening/26/titration_curve.png
Gran plot (separate raw/opt Zones) saved to ./results/screening/26/gran_functions.png
No screened k data available. Skipping plot.
All visualizations saved to ./results/screening/26
Visualizations generated.
CSV report saved to results/screening/26/gran_results.csv
PDF report saved to results/screening/26/gran_report.pdf
Method JSON saved to results/screening/26/method.json
Full report generated in ./results/screening/26
Full workflow complete. Results in ./results/screening/26
27
Loaded 27 points from 'data_27.dat'.
   volume  potential
0   0.000      183.2
1   0.020      182.6
2   0.040      181.8
3   0.090      179.5
4   0.215      174.4
Final config: {'V': 25.0, 'C_B': 0.1, 'r2_threshold': 0.95, 'titration_type': 'weak_acid'}
Preprocessing complete. Ready for analysis.
Preprocessed data ready. Final params: {'volume': array([0.    , 0.02  , 0.04  , 0.09  , 0.215 , 0.415 , 0.615 , 0.815 ,
       1.015 , 1.215 , 1.415 , 1.615 , 1.815 , 2.015 , 2.215 , 2.415 ,
       2.615 , 2.815 , 3.015 , 3.215 , 3.415 , 3.615 , 3.8145, 3.961 ,
       4.0475, 4.106 , 4.1675]), 'potential': array([183.2, 182.6, 181.8, 179.5, 174.4, 166.3, 158.5, 152.2, 146.3,
       140.9, 136.2, 131.4, 127. , 122.4, 118.1, 113.5, 108.8, 103.9,
        98.5,  93. ,  86.4,  78.4,  69.1,  59.4,  51.2,  44.7,  35. ]), 'V': 25.0, 'C_B': 0.1, 'r2_threshold': 0.95, 'titration_type': 'weak_acid'}
Using weak_acid_g1 with k=0.0
Computed Gran function for weak_acid with default k=0.0
Gran functions computed.
Using weak_acid_g1 with k=0.0
Computed Gran function for weak_acid with default k=0.0
Low noise (std_dg1=4.34e-05 <= 0.001). No smoothing.
Identified 'the Zone': indices 15-24, R²=1.000 (Case: Case 1, Score: 103.31)
Raw Zone (initial): indices 15-24, R²=0.9997, V_eq=4.357 mL over 9 points
Low noise (std_dg1=4.34e-05 <= 0.001). No smoothing.
Identified 'the Zone': indices 15-24, R²=1.000 (Case: Case 1, Score: 103.31)
Opt Zone (final): k5=-0.000, R²=0.9997, V_eq=4.357 mL over 9 points
Gran analysis complete with separate raw/opt Zones.
Analysis complete.
Titration curve saved to ./results/screening/27/titration_curve.png
Gran plot (separate raw/opt Zones) saved to ./results/screening/27/gran_functions.png
No screened k data available. Skipping plot.
All visualizations saved to ./results/screening/27
Visualizations generated.
CSV report saved to results/screening/27/gran_results.csv
PDF report saved to results/screening/27/gran_report.pdf
Method JSON saved to results/screening/27/method.json
Full report generated in ./results/screening/27
Full workflow complete. Results in ./results/screening/27
28
Loaded 28 points from 'data_28.dat'.
   volume  potential
0   0.000      183.2
1   0.020      182.6
2   0.040      181.8
3   0.090      179.5
4   0.215      174.4
Final config: {'V': 25.0, 'C_B': 0.1, 'r2_threshold': 0.95, 'titration_type': 'weak_acid'}
Preprocessing complete. Ready for analysis.
Preprocessed data ready. Final params: {'volume': array([0.    , 0.02  , 0.04  , 0.09  , 0.215 , 0.415 , 0.615 , 0.815 ,
       1.015 , 1.215 , 1.415 , 1.615 , 1.815 , 2.015 , 2.215 , 2.415 ,
       2.615 , 2.815 , 3.015 , 3.215 , 3.415 , 3.615 , 3.8145, 3.961 ,
       4.0475, 4.106 , 4.1675, 4.2035]), 'potential': array([183.2, 182.6, 181.8, 179.5, 174.4, 166.3, 158.5, 152.2, 146.3,
       140.9, 136.2, 131.4, 127. , 122.4, 118.1, 113.5, 108.8, 103.9,
        98.5,  93. ,  86.4,  78.4,  69.1,  59.4,  51.2,  44.7,  35. ,
        27.7]), 'V': 25.0, 'C_B': 0.1, 'r2_threshold': 0.95, 'titration_type': 'weak_acid'}
Using weak_acid_g1 with k=0.0
Computed Gran function for weak_acid with default k=0.0
Gran functions computed.
Using weak_acid_g1 with k=0.0
Computed Gran function for weak_acid with default k=0.0
Low noise (std_dg1=4.29e-05 <= 0.001). No smoothing.
Identified 'the Zone': indices 16-26, R²=1.000 (Case: Case 1, Score: 103.54)
Raw Zone (initial): indices 16-26, R²=0.9997, V_eq=4.338 mL over 10 points
High noise (std_dg1=2.60e-03 > 0.001). Smoothing.
Identified 'the Zone': indices 15-25, R²=1.000 (Case: Case 1, Score: 103.55)
Opt Zone (final): k5=1.782, R²=0.9997, V_eq=4.348 mL over 10 points
Gran analysis complete with separate raw/opt Zones.
Analysis complete.
Titration curve saved to ./results/screening/28/titration_curve.png
Gran plot (separate raw/opt Zones) saved to ./results/screening/28/gran_functions.png
No screened k data available. Skipping plot.
All visualizations saved to ./results/screening/28
Visualizations generated.
CSV report saved to results/screening/28/gran_results.csv
PDF report saved to results/screening/28/gran_report.pdf
Method JSON saved to results/screening/28/method.json
Full report generated in ./results/screening/28
Full workflow complete. Results in ./results/screening/28
29
Loaded 29 points from 'data_29.dat'.
   volume  potential
0   0.000      183.2
1   0.020      182.6
2   0.040      181.8
3   0.090      179.5
4   0.215      174.4
Final config: {'V': 25.0, 'C_B': 0.1, 'r2_threshold': 0.95, 'titration_type': 'weak_acid'}
Preprocessing complete. Ready for analysis.
Preprocessed data ready. Final params: {'volume': array([0.    , 0.02  , 0.04  , 0.09  , 0.215 , 0.415 , 0.615 , 0.815 ,
       1.015 , 1.215 , 1.415 , 1.615 , 1.815 , 2.015 , 2.215 , 2.415 ,
       2.615 , 2.815 , 3.015 , 3.215 , 3.415 , 3.615 , 3.8145, 3.961 ,
       4.0475, 4.106 , 4.1675, 4.2035, 4.2335]), 'potential': array([183.2, 182.6, 181.8, 179.5, 174.4, 166.3, 158.5, 152.2, 146.3,
       140.9, 136.2, 131.4, 127. , 122.4, 118.1, 113.5, 108.8, 103.9,
        98.5,  93. ,  86.4,  78.4,  69.1,  59.4,  51.2,  44.7,  35. ,
        27.7,  17.7]), 'V': 25.0, 'C_B': 0.1, 'r2_threshold': 0.95, 'titration_type': 'weak_acid'}
Using weak_acid_g1 with k=0.0
Computed Gran function for weak_acid with default k=0.0
Gran functions computed.
Using weak_acid_g1 with k=0.0
Computed Gran function for weak_acid with default k=0.0
Low noise (std_dg1=4.24e-05 <= 0.001). No smoothing.
Identified 'the Zone': indices 19-29, R²=1.000 (Case: Case 1, Score: 103.42)
Raw Zone (initial): indices 19-29, R²=0.9997, V_eq=4.319 mL over 10 points
High noise (std_dg1=8.06e+00 > 0.001). Smoothing.
Identified 'the Zone': indices 18-28, R²=1.000 (Case: Case 1, Score: 103.63)
Opt Zone (final): k5=5.279, R²=0.9997, V_eq=4.326 mL over 10 points
Gran analysis complete with separate raw/opt Zones.
Analysis complete.
Titration curve saved to ./results/screening/29/titration_curve.png
Gran plot (separate raw/opt Zones) saved to ./results/screening/29/gran_functions.png
No screened k data available. Skipping plot.
All visualizations saved to ./results/screening/29
Visualizations generated.
CSV report saved to results/screening/29/gran_results.csv
PDF report saved to results/screening/29/gran_report.pdf
Method JSON saved to results/screening/29/method.json
Full report generated in ./results/screening/29
Full workflow complete. Results in ./results/screening/29
30
Loaded 30 points from 'data_30.dat'.
   volume  potential
0   0.000      183.2
1   0.020      182.6
2   0.040      181.8
3   0.090      179.5
4   0.215      174.4
Final config: {'V': 25.0, 'C_B': 0.1, 'r2_threshold': 0.95, 'titration_type': 'weak_acid'}
Preprocessing complete. Ready for analysis.
Preprocessed data ready. Final params: {'volume': array([0.    , 0.02  , 0.04  , 0.09  , 0.215 , 0.415 , 0.615 , 0.815 ,
       1.015 , 1.215 , 1.415 , 1.615 , 1.815 , 2.015 , 2.215 , 2.415 ,
       2.615 , 2.815 , 3.015 , 3.215 , 3.415 , 3.615 , 3.8145, 3.961 ,
       4.0475, 4.106 , 4.1675, 4.2035, 4.2335, 4.2535]), 'potential': array([183.2, 182.6, 181.8, 179.5, 174.4, 166.3, 158.5, 152.2, 146.3,
       140.9, 136.2, 131.4, 127. , 122.4, 118.1, 113.5, 108.8, 103.9,
        98.5,  93. ,  86.4,  78.4,  69.1,  59.4,  51.2,  44.7,  35. ,
        27.7,  17.7,  11. ]), 'V': 25.0, 'C_B': 0.1, 'r2_threshold': 0.95, 'titration_type': 'weak_acid'}
Using weak_acid_g1 with k=0.0
Computed Gran function for weak_acid with default k=0.0
Gran functions computed.
Using weak_acid_g1 with k=0.0
Computed Gran function for weak_acid with default k=0.0
Low noise (std_dg1=4.18e-05 <= 0.001). No smoothing.
Identified 'the Zone': indices 19-30, R²=1.000 (Case: Case 1, Score: 103.64)
Raw Zone (initial): indices 19-30, R²=0.9998, V_eq=4.318 mL over 11 points
Low noise (std_dg1=1.82e-07 <= 0.001). No smoothing.
Identified 'the Zone': indices 19-30, R²=1.000 (Case: Case 1, Score: 103.64)
Opt Zone (final): k5=-2.361, R²=0.9998, V_eq=4.318 mL over 11 points
Gran analysis complete with separate raw/opt Zones.
Analysis complete.
Titration curve saved to ./results/screening/30/titration_curve.png
Gran plot (separate raw/opt Zones) saved to ./results/screening/30/gran_functions.png
No screened k data available. Skipping plot.
All visualizations saved to ./results/screening/30
Visualizations generated.
CSV report saved to results/screening/30/gran_results.csv
PDF report saved to results/screening/30/gran_report.pdf
Method JSON saved to results/screening/30/method.json
Full report generated in ./results/screening/30
Full workflow complete. Results in ./results/screening/30
31
Loaded 31 points from 'data_31.dat'.
   volume  potential
0   0.000      183.2
1   0.020      182.6
2   0.040      181.8
3   0.090      179.5
4   0.215      174.4
Final config: {'V': 25.0, 'C_B': 0.1, 'r2_threshold': 0.95, 'titration_type': 'weak_acid'}
Preprocessing complete. Ready for analysis.
Preprocessed data ready. Final params: {'volume': array([0.    , 0.02  , 0.04  , 0.09  , 0.215 , 0.415 , 0.615 , 0.815 ,
       1.015 , 1.215 , 1.415 , 1.615 , 1.815 , 2.015 , 2.215 , 2.415 ,
       2.615 , 2.815 , 3.015 , 3.215 , 3.415 , 3.615 , 3.8145, 3.961 ,
       4.0475, 4.106 , 4.1675, 4.2035, 4.2335, 4.2535, 4.277 ]), 'potential': array([183.2, 182.6, 181.8, 179.5, 174.4, 166.3, 158.5, 152.2, 146.3,
       140.9, 136.2, 131.4, 127. , 122.4, 118.1, 113.5, 108.8, 103.9,
        98.5,  93. ,  86.4,  78.4,  69.1,  59.4,  51.2,  44.7,  35. ,
        27.7,  17.7,  11. ,  -0.7]), 'V': 25.0, 'C_B': 0.1, 'r2_threshold': 0.95, 'titration_type': 'weak_acid'}
Using weak_acid_g1 with k=0.0
Computed Gran function for weak_acid with default k=0.0
Gran functions computed.
Using weak_acid_g1 with k=0.0
Computed Gran function for weak_acid with default k=0.0
Low noise (std_dg1=4.13e-05 <= 0.001). No smoothing.
Identified 'the Zone': indices 19-30, R²=1.000 (Case: Case 1, Score: 103.52)
Raw Zone (initial): indices 19-30, R²=0.9998, V_eq=4.318 mL over 11 points
Low noise (std_dg1=1.80e-07 <= 0.001). No smoothing.
Identified 'the Zone': indices 19-30, R²=1.000 (Case: Case 1, Score: 103.52)
Opt Zone (final): k5=-2.361, R²=0.9998, V_eq=4.318 mL over 11 points
Gran analysis complete with separate raw/opt Zones.
Analysis complete.
Titration curve saved to ./results/screening/31/titration_curve.png
Gran plot (separate raw/opt Zones) saved to ./results/screening/31/gran_functions.png
No screened k data available. Skipping plot.
All visualizations saved to ./results/screening/31
Visualizations generated.
CSV report saved to results/screening/31/gran_results.csv
PDF report saved to results/screening/31/gran_report.pdf
Method JSON saved to results/screening/31/method.json
Full report generated in ./results/screening/31
Full workflow complete. Results in ./results/screening/31
32
Loaded 32 points from 'data_32.dat'.
   volume  potential
0   0.000      183.2
1   0.020      182.6
2   0.040      181.8
3   0.090      179.5
4   0.215      174.4
Final config: {'V': 25.0, 'C_B': 0.1, 'r2_threshold': 0.95, 'titration_type': 'weak_acid'}
Preprocessing complete. Ready for analysis.
Preprocessed data ready. Final params: {'volume': array([0.    , 0.02  , 0.04  , 0.09  , 0.215 , 0.415 , 0.615 , 0.815 ,
       1.015 , 1.215 , 1.415 , 1.615 , 1.815 , 2.015 , 2.215 , 2.415 ,
       2.615 , 2.815 , 3.015 , 3.215 , 3.415 , 3.615 , 3.8145, 3.961 ,
       4.0475, 4.106 , 4.1675, 4.2035, 4.2335, 4.2535, 4.277 , 4.297 ]), 'potential': array([183.2, 182.6, 181.8, 179.5, 174.4, 166.3, 158.5, 152.2, 146.3,
       140.9, 136.2, 131.4, 127. , 122.4, 118.1, 113.5, 108.8, 103.9,
        98.5,  93. ,  86.4,  78.4,  69.1,  59.4,  51.2,  44.7,  35. ,
        27.7,  17.7,  11. ,  -0.7, -26.3]), 'V': 25.0, 'C_B': 0.1, 'r2_threshold': 0.95, 'titration_type': 'weak_acid'}
Using weak_acid_g1 with k=0.0
Computed Gran function for weak_acid with default k=0.0
Gran functions computed.
Using weak_acid_g1 with k=0.0
Computed Gran function for weak_acid with default k=0.0
Low noise (std_dg1=4.09e-05 <= 0.001). No smoothing.
Identified 'the Zone': indices 19-31, R²=1.000 (Case: Case 1, Score: 103.73)
Raw Zone (initial): indices 19-31, R²=0.9998, V_eq=4.317 mL over 12 points
Low noise (std_dg1=1.78e-07 <= 0.001). No smoothing.
Identified 'the Zone': indices 19-31, R²=1.000 (Case: Case 1, Score: 103.73)
Opt Zone (final): k5=-2.361, R²=0.9998, V_eq=4.317 mL over 12 points
Gran analysis complete with separate raw/opt Zones.
Analysis complete.
Titration curve saved to ./results/screening/32/titration_curve.png
Gran plot (separate raw/opt Zones) saved to ./results/screening/32/gran_functions.png
No screened k data available. Skipping plot.
All visualizations saved to ./results/screening/32
Visualizations generated.
CSV report saved to results/screening/32/gran_results.csv
PDF report saved to results/screening/32/gran_report.pdf
Method JSON saved to results/screening/32/method.json
Full report generated in ./results/screening/32
Full workflow complete. Results in ./results/screening/32
33
Loaded 33 points from 'data_33.dat'.
   volume  potential
0   0.000      183.2
1   0.020      182.6
2   0.040      181.8
3   0.090      179.5
4   0.215      174.4
Final config: {'V': 25.0, 'C_B': 0.1, 'r2_threshold': 0.95, 'titration_type': 'weak_acid'}
Preprocessing complete. Ready for analysis.
Preprocessed data ready. Final params: {'volume': array([0.    , 0.02  , 0.04  , 0.09  , 0.215 , 0.415 , 0.615 , 0.815 ,
       1.015 , 1.215 , 1.415 , 1.615 , 1.815 , 2.015 , 2.215 , 2.415 ,
       2.615 , 2.815 , 3.015 , 3.215 , 3.415 , 3.615 , 3.8145, 3.961 ,
       4.0475, 4.106 , 4.1675, 4.2035, 4.2335, 4.2535, 4.277 , 4.297 ,
       4.317 ]), 'potential': array([183.2, 182.6, 181.8, 179.5, 174.4, 166.3, 158.5, 152.2, 146.3,
       140.9, 136.2, 131.4, 127. , 122.4, 118.1, 113.5, 108.8, 103.9,
        98.5,  93. ,  86.4,  78.4,  69.1,  59.4,  51.2,  44.7,  35. ,
        27.7,  17.7,  11. ,  -0.7, -26.3, -93.4]), 'V': 25.0, 'C_B': 0.1, 'r2_threshold': 0.95, 'titration_type': 'weak_acid'}
Using weak_acid_g1 with k=0.0
Computed Gran function for weak_acid with default k=0.0
Gran functions computed.
Using weak_acid_g1 with k=0.0
Computed Gran function for weak_acid with default k=0.0
Low noise (std_dg1=4.03e-05 <= 0.001). No smoothing.
Identified 'the Zone': indices 19-31, R²=1.000 (Case: Case 1, Score: 103.61)
Raw Zone (initial): indices 19-31, R²=0.9998, V_eq=4.317 mL over 12 points
Low noise (std_dg1=1.76e-07 <= 0.001). No smoothing.
Identified 'the Zone': indices 19-31, R²=1.000 (Case: Case 1, Score: 103.61)
Opt Zone (final): k5=-2.361, R²=0.9998, V_eq=4.317 mL over 12 points
Gran analysis complete with separate raw/opt Zones.
Analysis complete.
Titration curve saved to ./results/screening/33/titration_curve.png
Gran plot (separate raw/opt Zones) saved to ./results/screening/33/gran_functions.png
No screened k data available. Skipping plot.
All visualizations saved to ./results/screening/33
Visualizations generated.
CSV report saved to results/screening/33/gran_results.csv
PDF report saved to results/screening/33/gran_report.pdf
Method JSON saved to results/screening/33/method.json
Full report generated in ./results/screening/33
Full workflow complete. Results in ./results/screening/33
34
Loaded 34 points from 'data_34.dat'.
   volume  potential
0   0.000      183.2
1   0.020      182.6
2   0.040      181.8
3   0.090      179.5
4   0.215      174.4
Final config: {'V': 25.0, 'C_B': 0.1, 'r2_threshold': 0.95, 'titration_type': 'weak_acid'}
Preprocessing complete. Ready for analysis.
Preprocessed data ready. Final params: {'volume': array([0.    , 0.02  , 0.04  , 0.09  , 0.215 , 0.415 , 0.615 , 0.815 ,
       1.015 , 1.215 , 1.415 , 1.615 , 1.815 , 2.015 , 2.215 , 2.415 ,
       2.615 , 2.815 , 3.015 , 3.215 , 3.415 , 3.615 , 3.8145, 3.961 ,
       4.0475, 4.106 , 4.1675, 4.2035, 4.2335, 4.2535, 4.277 , 4.297 ,
       4.317 , 4.337 ]), 'potential': array([ 183.2,  182.6,  181.8,  179.5,  174.4,  166.3,  158.5,  152.2,
        146.3,  140.9,  136.2,  131.4,  127. ,  122.4,  118.1,  113.5,
        108.8,  103.9,   98.5,   93. ,   86.4,   78.4,   69.1,   59.4,
         51.2,   44.7,   35. ,   27.7,   17.7,   11. ,   -0.7,  -26.3,
        -93.4, -127.4]), 'V': 25.0, 'C_B': 0.1, 'r2_threshold': 0.95, 'titration_type': 'weak_acid'}
Using weak_acid_g1 with k=0.0
Computed Gran function for weak_acid with default k=0.0
Gran functions computed.
Using weak_acid_g1 with k=0.0
Computed Gran function for weak_acid with default k=0.0
Low noise (std_dg1=3.97e-05 <= 0.001). No smoothing.
Identified 'the Zone': indices 19-32, R²=1.000 (Case: Case 1, Score: 103.80)
Raw Zone (initial): indices 19-32, R²=0.9998, V_eq=4.316 mL over 13 points
Low noise (std_dg1=3.29e-12 <= 0.001). No smoothing.
Identified 'the Zone': indices 19-32, R²=1.000 (Case: Case 1, Score: 103.80)
Opt Zone (final): k5=-7.082, R²=0.9998, V_eq=4.316 mL over 13 points
Gran analysis complete with separate raw/opt Zones.
Analysis complete.
Titration curve saved to ./results/screening/34/titration_curve.png
Gran plot (separate raw/opt Zones) saved to ./results/screening/34/gran_functions.png
No screened k data available. Skipping plot.
All visualizations saved to ./results/screening/34
Visualizations generated.
CSV report saved to results/screening/34/gran_results.csv
PDF report saved to results/screening/34/gran_report.pdf
Method JSON saved to results/screening/34/method.json
Full report generated in ./results/screening/34
Full workflow complete. Results in ./results/screening/34
35
Loaded 35 points from 'data_35.dat'.
   volume  potential
0   0.000      183.2
1   0.020      182.6
2   0.040      181.8
3   0.090      179.5
4   0.215      174.4
Final config: {'V': 25.0, 'C_B': 0.1, 'r2_threshold': 0.95, 'titration_type': 'weak_acid'}
Preprocessing complete. Ready for analysis.
Preprocessed data ready. Final params: {'volume': array([0.    , 0.02  , 0.04  , 0.09  , 0.215 , 0.415 , 0.615 , 0.815 ,
       1.015 , 1.215 , 1.415 , 1.615 , 1.815 , 2.015 , 2.215 , 2.415 ,
       2.615 , 2.815 , 3.015 , 3.215 , 3.415 , 3.615 , 3.8145, 3.961 ,
       4.0475, 4.106 , 4.1675, 4.2035, 4.2335, 4.2535, 4.277 , 4.297 ,
       4.317 , 4.337 , 4.357 ]), 'potential': array([ 183.2,  182.6,  181.8,  179.5,  174.4,  166.3,  158.5,  152.2,
        146.3,  140.9,  136.2,  131.4,  127. ,  122.4,  118.1,  113.5,
        108.8,  103.9,   98.5,   93. ,   86.4,   78.4,   69.1,   59.4,
         51.2,   44.7,   35. ,   27.7,   17.7,   11. ,   -0.7,  -26.3,
        -93.4, -127.4, -142.2]), 'V': 25.0, 'C_B': 0.1, 'r2_threshold': 0.95, 'titration_type': 'weak_acid'}
Using weak_acid_g1 with k=0.0
Computed Gran function for weak_acid with default k=0.0
Gran functions computed.
Using weak_acid_g1 with k=0.0
Computed Gran function for weak_acid with default k=0.0
Low noise (std_dg1=3.92e-05 <= 0.001). No smoothing.
Identified 'the Zone': indices 19-32, R²=1.000 (Case: Case 1, Score: 103.69)
Raw Zone (initial): indices 19-32, R²=0.9998, V_eq=4.316 mL over 13 points
Low noise (std_dg1=3.24e-12 <= 0.001). No smoothing.
Identified 'the Zone': indices 19-32, R²=1.000 (Case: Case 1, Score: 103.69)
Opt Zone (final): k5=-7.082, R²=0.9998, V_eq=4.316 mL over 13 points
Gran analysis complete with separate raw/opt Zones.
Analysis complete.
Titration curve saved to ./results/screening/35/titration_curve.png
Gran plot (separate raw/opt Zones) saved to ./results/screening/35/gran_functions.png
No screened k data available. Skipping plot.
All visualizations saved to ./results/screening/35
Visualizations generated.
CSV report saved to results/screening/35/gran_results.csv
PDF report saved to results/screening/35/gran_report.pdf
Method JSON saved to results/screening/35/method.json
Full report generated in ./results/screening/35
Full workflow complete. Results in ./results/screening/35
36
Loaded 36 points from 'data_36.dat'.
   volume  potential
0   0.000      183.2
1   0.020      182.6
2   0.040      181.8
3   0.090      179.5
4   0.215      174.4
Final config: {'V': 25.0, 'C_B': 0.1, 'r2_threshold': 0.95, 'titration_type': 'weak_acid'}
Preprocessing complete. Ready for analysis.
Preprocessed data ready. Final params: {'volume': array([0.    , 0.02  , 0.04  , 0.09  , 0.215 , 0.415 , 0.615 , 0.815 ,
       1.015 , 1.215 , 1.415 , 1.615 , 1.815 , 2.015 , 2.215 , 2.415 ,
       2.615 , 2.815 , 3.015 , 3.215 , 3.415 , 3.615 , 3.8145, 3.961 ,
       4.0475, 4.106 , 4.1675, 4.2035, 4.2335, 4.2535, 4.277 , 4.297 ,
       4.317 , 4.337 , 4.357 , 4.382 ]), 'potential': array([ 183.2,  182.6,  181.8,  179.5,  174.4,  166.3,  158.5,  152.2,
        146.3,  140.9,  136.2,  131.4,  127. ,  122.4,  118.1,  113.5,
        108.8,  103.9,   98.5,   93. ,   86.4,   78.4,   69.1,   59.4,
         51.2,   44.7,   35. ,   27.7,   17.7,   11. ,   -0.7,  -26.3,
        -93.4, -127.4, -142.2, -153.4]), 'V': 25.0, 'C_B': 0.1, 'r2_threshold': 0.95, 'titration_type': 'weak_acid'}
Using weak_acid_g1 with k=0.0
Computed Gran function for weak_acid with default k=0.0
Gran functions computed.
Using weak_acid_g1 with k=0.0
Computed Gran function for weak_acid with default k=0.0
Low noise (std_dg1=3.87e-05 <= 0.001). No smoothing.
Identified 'the Zone': indices 19-33, R²=1.000 (Case: Case 1, Score: 103.87)
Raw Zone (initial): indices 19-33, R²=0.9998, V_eq=4.317 mL over 14 points
High noise (std_dg1=1.95e+00 > 0.001). Smoothing.
Identified 'the Zone': indices 18-31, R²=1.000 (Case: Case 1, Score: 103.63)
Opt fallback to raw Zone (to avoid shrinkage): R²=0.9998, points=14
Opt Zone (final): k5=4.702, R²=0.9998, V_eq=4.317 mL over 14 points
Gran analysis complete with separate raw/opt Zones.
Analysis complete.
Titration curve saved to ./results/screening/36/titration_curve.png
Gran plot (separate raw/opt Zones) saved to ./results/screening/36/gran_functions.png
No screened k data available. Skipping plot.
All visualizations saved to ./results/screening/36
Visualizations generated.
CSV report saved to results/screening/36/gran_results.csv
PDF report saved to results/screening/36/gran_report.pdf
Method JSON saved to results/screening/36/method.json
Full report generated in ./results/screening/36
Full workflow complete. Results in ./results/screening/36
37
Loaded 37 points from 'data_37.dat'.
   volume  potential
0   0.000      183.2
1   0.020      182.6
2   0.040      181.8
3   0.090      179.5
4   0.215      174.4
Final config: {'V': 25.0, 'C_B': 0.1, 'r2_threshold': 0.95, 'titration_type': 'weak_acid'}
Preprocessing complete. Ready for analysis.
Preprocessed data ready. Final params: {'volume': array([0.    , 0.02  , 0.04  , 0.09  , 0.215 , 0.415 , 0.615 , 0.815 ,
       1.015 , 1.215 , 1.415 , 1.615 , 1.815 , 2.015 , 2.215 , 2.415 ,
       2.615 , 2.815 , 3.015 , 3.215 , 3.415 , 3.615 , 3.8145, 3.961 ,
       4.0475, 4.106 , 4.1675, 4.2035, 4.2335, 4.2535, 4.277 , 4.297 ,
       4.317 , 4.337 , 4.357 , 4.382 , 4.411 ]), 'potential': array([ 183.2,  182.6,  181.8,  179.5,  174.4,  166.3,  158.5,  152.2,
        146.3,  140.9,  136.2,  131.4,  127. ,  122.4,  118.1,  113.5,
        108.8,  103.9,   98.5,   93. ,   86.4,   78.4,   69.1,   59.4,
         51.2,   44.7,   35. ,   27.7,   17.7,   11. ,   -0.7,  -26.3,
        -93.4, -127.4, -142.2, -153.4, -162.6]), 'V': 25.0, 'C_B': 0.1, 'r2_threshold': 0.95, 'titration_type': 'weak_acid'}
Using weak_acid_g1 with k=0.0
Computed Gran function for weak_acid with default k=0.0
Gran functions computed.
Using weak_acid_g1 with k=0.0
Computed Gran function for weak_acid with default k=0.0
Low noise (std_dg1=3.82e-05 <= 0.001). No smoothing.
Identified 'the Zone': indices 19-33, R²=1.000 (Case: Case 1, Score: 103.76)
Raw Zone (initial): indices 19-33, R²=0.9998, V_eq=4.317 mL over 14 points
High noise (std_dg1=1.92e+00 > 0.001). Smoothing.
Identified 'the Zone': indices 18-31, R²=1.000 (Case: Case 1, Score: 103.54)
Opt fallback to raw Zone (to avoid shrinkage): R²=0.9998, points=14
Opt Zone (final): k5=4.702, R²=0.9998, V_eq=4.317 mL over 14 points
Gran analysis complete with separate raw/opt Zones.
Analysis complete.
Titration curve saved to ./results/screening/37/titration_curve.png
Gran plot (separate raw/opt Zones) saved to ./results/screening/37/gran_functions.png
No screened k data available. Skipping plot.
All visualizations saved to ./results/screening/37
Visualizations generated.
CSV report saved to results/screening/37/gran_results.csv
PDF report saved to results/screening/37/gran_report.pdf
Method JSON saved to results/screening/37/method.json
Full report generated in ./results/screening/37
Full workflow complete. Results in ./results/screening/37
38
Loaded 38 points from 'data_38.dat'.
   volume  potential
0   0.000      183.2
1   0.020      182.6
2   0.040      181.8
3   0.090      179.5
4   0.215      174.4
Final config: {'V': 25.0, 'C_B': 0.1, 'r2_threshold': 0.95, 'titration_type': 'weak_acid'}
Preprocessing complete. Ready for analysis.
Preprocessed data ready. Final params: {'volume': array([0.    , 0.02  , 0.04  , 0.09  , 0.215 , 0.415 , 0.615 , 0.815 ,
       1.015 , 1.215 , 1.415 , 1.615 , 1.815 , 2.015 , 2.215 , 2.415 ,
       2.615 , 2.815 , 3.015 , 3.215 , 3.415 , 3.615 , 3.8145, 3.961 ,
       4.0475, 4.106 , 4.1675, 4.2035, 4.2335, 4.2535, 4.277 , 4.297 ,
       4.317 , 4.337 , 4.357 , 4.382 , 4.411 , 4.447 ]), 'potential': array([ 183.2,  182.6,  181.8,  179.5,  174.4,  166.3,  158.5,  152.2,
        146.3,  140.9,  136.2,  131.4,  127. ,  122.4,  118.1,  113.5,
        108.8,  103.9,   98.5,   93. ,   86.4,   78.4,   69.1,   59.4,
         51.2,   44.7,   35. ,   27.7,   17.7,   11. ,   -0.7,  -26.3,
        -93.4, -127.4, -142.2, -153.4, -162.6, -169.9]), 'V': 25.0, 'C_B': 0.1, 'r2_threshold': 0.95, 'titration_type': 'weak_acid'}
Using weak_acid_g1 with k=0.0
Computed Gran function for weak_acid with default k=0.0
Gran functions computed.
Using weak_acid_g1 with k=0.0
Computed Gran function for weak_acid with default k=0.0
Low noise (std_dg1=3.77e-05 <= 0.001). No smoothing.
Identified 'the Zone': indices 17-32, R²=1.000 (Case: Case 1, Score: 103.91)
Raw Zone (initial): indices 17-32, R²=0.9997, V_eq=4.321 mL over 15 points
High noise (std_dg1=8.26e+00 > 0.001). Smoothing.
Identified 'the Zone': indices 18-32, R²=1.000 (Case: Case 1, Score: 103.89)
Opt fallback to raw Zone (to avoid shrinkage): R²=0.9997, points=15
Opt Zone (final): k5=5.341, R²=0.9997, V_eq=4.321 mL over 15 points
Gran analysis complete with separate raw/opt Zones.
Analysis complete.
Titration curve saved to ./results/screening/38/titration_curve.png
Gran plot (separate raw/opt Zones) saved to ./results/screening/38/gran_functions.png
No screened k data available. Skipping plot.
All visualizations saved to ./results/screening/38
Visualizations generated.
CSV report saved to results/screening/38/gran_results.csv
PDF report saved to results/screening/38/gran_report.pdf
Method JSON saved to results/screening/38/method.json
Full report generated in ./results/screening/38
Full workflow complete. Results in ./results/screening/38
39
Loaded 39 points from 'data_39.dat'.
   volume  potential
0   0.000      183.2
1   0.020      182.6
2   0.040      181.8
3   0.090      179.5
4   0.215      174.4
Final config: {'V': 25.0, 'C_B': 0.1, 'r2_threshold': 0.95, 'titration_type': 'weak_acid'}
Preprocessing complete. Ready for analysis.
Preprocessed data ready. Final params: {'volume': array([0.    , 0.02  , 0.04  , 0.09  , 0.215 , 0.415 , 0.615 , 0.815 ,
       1.015 , 1.215 , 1.415 , 1.615 , 1.815 , 2.015 , 2.215 , 2.415 ,
       2.615 , 2.815 , 3.015 , 3.215 , 3.415 , 3.615 , 3.8145, 3.961 ,
       4.0475, 4.106 , 4.1675, 4.2035, 4.2335, 4.2535, 4.277 , 4.297 ,
       4.317 , 4.337 , 4.357 , 4.382 , 4.411 , 4.447 , 4.5075]), 'potential': array([ 183.2,  182.6,  181.8,  179.5,  174.4,  166.3,  158.5,  152.2,
        146.3,  140.9,  136.2,  131.4,  127. ,  122.4,  118.1,  113.5,
        108.8,  103.9,   98.5,   93. ,   86.4,   78.4,   69.1,   59.4,
         51.2,   44.7,   35. ,   27.7,   17.7,   11. ,   -0.7,  -26.3,
        -93.4, -127.4, -142.2, -153.4, -162.6, -169.9, -179.7]), 'V': 25.0, 'C_B': 0.1, 'r2_threshold': 0.95, 'titration_type': 'weak_acid'}
Using weak_acid_g1 with k=0.0
Computed Gran function for weak_acid with default k=0.0
Gran functions computed.
Using weak_acid_g1 with k=0.0
Computed Gran function for weak_acid with default k=0.0
Low noise (std_dg1=3.72e-05 <= 0.001). No smoothing.
Identified 'the Zone': indices 17-32, R²=1.000 (Case: Case 1, Score: 103.81)
Raw Zone (initial): indices 17-32, R²=0.9997, V_eq=4.321 mL over 15 points
High noise (std_dg1=8.16e+00 > 0.001). Smoothing.
Identified 'the Zone': indices 16-31, R²=1.000 (Case: Case 1, Score: 104.05)
Opt Zone (final): k5=5.341, R²=0.9997, V_eq=4.324 mL over 15 points
Gran analysis complete with separate raw/opt Zones.
Analysis complete.
Titration curve saved to ./results/screening/39/titration_curve.png
Gran plot (separate raw/opt Zones) saved to ./results/screening/39/gran_functions.png
No screened k data available. Skipping plot.
All visualizations saved to ./results/screening/39
Visualizations generated.
CSV report saved to results/screening/39/gran_results.csv
PDF report saved to results/screening/39/gran_report.pdf
Method JSON saved to results/screening/39/method.json
Full report generated in ./results/screening/39
Full workflow complete. Results in ./results/screening/39
40
Loaded 40 points from 'data_40.dat'.
   volume  potential
0   0.000      183.2
1   0.020      182.6
2   0.040      181.8
3   0.090      179.5
4   0.215      174.4
Final config: {'V': 25.0, 'C_B': 0.1, 'r2_threshold': 0.95, 'titration_type': 'weak_acid'}
Preprocessing complete. Ready for analysis.
Preprocessed data ready. Final params: {'volume': array([0.    , 0.02  , 0.04  , 0.09  , 0.215 , 0.415 , 0.615 , 0.815 ,
       1.015 , 1.215 , 1.415 , 1.615 , 1.815 , 2.015 , 2.215 , 2.415 ,
       2.615 , 2.815 , 3.015 , 3.215 , 3.415 , 3.615 , 3.8145, 3.961 ,
       4.0475, 4.106 , 4.1675, 4.2035, 4.2335, 4.2535, 4.277 , 4.297 ,
       4.317 , 4.337 , 4.357 , 4.382 , 4.411 , 4.447 , 4.5075, 4.5705]), 'potential': array([ 183.2,  182.6,  181.8,  179.5,  174.4,  166.3,  158.5,  152.2,
        146.3,  140.9,  136.2,  131.4,  127. ,  122.4,  118.1,  113.5,
        108.8,  103.9,   98.5,   93. ,   86.4,   78.4,   69.1,   59.4,
         51.2,   44.7,   35. ,   27.7,   17.7,   11. ,   -0.7,  -26.3,
        -93.4, -127.4, -142.2, -153.4, -162.6, -169.9, -179.7, -187.2]), 'V': 25.0, 'C_B': 0.1, 'r2_threshold': 0.95, 'titration_type': 'weak_acid'}
Using weak_acid_g1 with k=0.0
Computed Gran function for weak_acid with default k=0.0
Gran functions computed.
Using weak_acid_g1 with k=0.0
Computed Gran function for weak_acid with default k=0.0
Low noise (std_dg1=3.68e-05 <= 0.001). No smoothing.
Identified 'the Zone': indices 17-32, R²=1.000 (Case: Case 1, Score: 103.72)
Raw Zone (initial): indices 17-32, R²=0.9997, V_eq=4.321 mL over 15 points
High noise (std_dg1=8.06e+00 > 0.001). Smoothing.
Identified 'the Zone': indices 16-31, R²=1.000 (Case: Case 1, Score: 103.96)
Opt Zone (final): k5=5.341, R²=0.9997, V_eq=4.324 mL over 15 points
Gran analysis complete with separate raw/opt Zones.
Analysis complete.
Titration curve saved to ./results/screening/40/titration_curve.png
Gran plot (separate raw/opt Zones) saved to ./results/screening/40/gran_functions.png
No screened k data available. Skipping plot.
All visualizations saved to ./results/screening/40
Visualizations generated.
CSV report saved to results/screening/40/gran_results.csv
PDF report saved to results/screening/40/gran_report.pdf
Method JSON saved to results/screening/40/method.json
Full report generated in ./results/screening/40
Full workflow complete. Results in ./results/screening/40
41
Loaded 41 points from 'data_41.dat'.
   volume  potential
0   0.000      183.2
1   0.020      182.6
2   0.040      181.8
3   0.090      179.5
4   0.215      174.4
Final config: {'V': 25.0, 'C_B': 0.1, 'r2_threshold': 0.95, 'titration_type': 'weak_acid'}
Preprocessing complete. Ready for analysis.
Preprocessed data ready. Final params: {'volume': array([0.    , 0.02  , 0.04  , 0.09  , 0.215 , 0.415 , 0.615 , 0.815 ,
       1.015 , 1.215 , 1.415 , 1.615 , 1.815 , 2.015 , 2.215 , 2.415 ,
       2.615 , 2.815 , 3.015 , 3.215 , 3.415 , 3.615 , 3.8145, 3.961 ,
       4.0475, 4.106 , 4.1675, 4.2035, 4.2335, 4.2535, 4.277 , 4.297 ,
       4.317 , 4.337 , 4.357 , 4.382 , 4.411 , 4.447 , 4.5075, 4.5705,
       4.661 ]), 'potential': array([ 183.2,  182.6,  181.8,  179.5,  174.4,  166.3,  158.5,  152.2,
        146.3,  140.9,  136.2,  131.4,  127. ,  122.4,  118.1,  113.5,
        108.8,  103.9,   98.5,   93. ,   86.4,   78.4,   69.1,   59.4,
         51.2,   44.7,   35. ,   27.7,   17.7,   11. ,   -0.7,  -26.3,
        -93.4, -127.4, -142.2, -153.4, -162.6, -169.9, -179.7, -187.2,
       -195.2]), 'V': 25.0, 'C_B': 0.1, 'r2_threshold': 0.95, 'titration_type': 'weak_acid'}
Using weak_acid_g1 with k=0.0
Computed Gran function for weak_acid with default k=0.0
Gran functions computed.
Using weak_acid_g1 with k=0.0
Computed Gran function for weak_acid with default k=0.0
Low noise (std_dg1=3.63e-05 <= 0.001). No smoothing.
Identified 'the Zone': indices 17-32, R²=1.000 (Case: Case 1, Score: 103.63)
Raw Zone (initial): indices 17-32, R²=0.9997, V_eq=4.321 mL over 15 points
High noise (std_dg1=7.97e+00 > 0.001). Smoothing.
Identified 'the Zone': indices 16-31, R²=1.000 (Case: Case 1, Score: 103.86)
Opt Zone (final): k5=5.341, R²=0.9997, V_eq=4.324 mL over 15 points
Gran analysis complete with separate raw/opt Zones.
Analysis complete.
Titration curve saved to ./results/screening/41/titration_curve.png
Gran plot (separate raw/opt Zones) saved to ./results/screening/41/gran_functions.png
No screened k data available. Skipping plot.
All visualizations saved to ./results/screening/41
Visualizations generated.
CSV report saved to results/screening/41/gran_results.csv
PDF report saved to results/screening/41/gran_report.pdf
Method JSON saved to results/screening/41/method.json
Full report generated in ./results/screening/41
Full workflow complete. Results in ./results/screening/41
