Found 7 triplets
Processing triplet 1 → columns 1,2
Loaded '/home/sgiani/repos/GranTED/results/mL/01mL/1/data.dat': 42 rows, skipped 0 header/comment/non-numeric lines.
Validation passed
Final config: {'V': 25.0, 'C_B': 0.1, 'titration_type': 'acid_base', 'r2_threshold': 0.95}
DEBUG preprocess: potential first 5: [-9.5 -6.2 -6.9 -7.9 -8.8]
Detected acid titration (negative slope). No flip.
Preprocessing complete: Arrays extracted, params merged, type auto-detected (if acid_base).
DEBUG df:     volume  potential
0      2.0       -9.5
1      2.1       -6.2
2      2.2       -6.9
3      2.3       -7.9
4      2.4       -8.8
5      2.5       -9.7
6      2.6      -10.9
7      2.7      -11.7
8      2.8      -12.6
9      2.9      -13.8
10     3.0      -14.8
11     3.1      -16.1
12     3.2      -17.0
13     3.3      -18.2
14     3.4      -19.6
15     3.5      -20.5
16     3.6      -21.8
17     3.7      -23.2
18     3.8      -24.7
19     3.9      -26.4
20     4.0      -28.0
21     4.1      -29.9
22     4.2      -31.5
23     4.3      -33.7
24     4.4      -36.4
25     4.5      -39.1
26     4.6      -41.9
27     4.7      -45.6
28     4.8      -50.4
29     4.9      -56.3
30     5.0      -65.1
31     5.1      -80.9
32     5.2     -162.6
33     5.3     -186.4
34     5.4     -194.9
35     5.5     -199.7
36     5.6     -202.8
37     5.7     -205.1
38     5.8     -207.1
39     5.9     -208.5
40     6.0     -209.7
41     6.1     -210.8
DEBUG params: {'volume_array': array([2. , 2.1, 2.2, 2.3, 2.4, 2.5, 2.6, 2.7, 2.8, 2.9, 3. , 3.1, 3.2,
       3.3, 3.4, 3.5, 3.6, 3.7, 3.8, 3.9, 4. , 4.1, 4.2, 4.3, 4.4, 4.5,
       4.6, 4.7, 4.8, 4.9, 5. , 5.1, 5.2, 5.3, 5.4, 5.5, 5.6, 5.7, 5.8,
       5.9, 6. , 6.1]), 'potential_array': array([  -9.5,   -6.2,   -6.9,   -7.9,   -8.8,   -9.7,  -10.9,  -11.7,
        -12.6,  -13.8,  -14.8,  -16.1,  -17. ,  -18.2,  -19.6,  -20.5,
        -21.8,  -23.2,  -24.7,  -26.4,  -28. ,  -29.9,  -31.5,  -33.7,
        -36.4,  -39.1,  -41.9,  -45.6,  -50.4,  -56.3,  -65.1,  -80.9,
       -162.6, -186.4, -194.9, -199.7, -202.8, -205.1, -207.1, -208.5,
       -209.7, -210.8]), 'V': 25.0, 'C_B': 0.1, 'titration_type': 'acid_base', 'r2_threshold': 0.95, 'is_base': False}
Computing Gran/Schwartz for type: acid_base
DEBUG gran_functions: potential first 5: [-9.5 -6.2 -6.9 -7.9 -8.8]
DEBUG gran_functions: pH first 5: [7.16058147 7.10480054 7.11663286 7.13353617 7.14874915]
Gran and Schwartz computed successfully.
Computing Gran/Schwartz for type: acid_base
DEBUG gran_functions: potential first 5: [-9.5 -6.2 -6.9 -7.9 -8.8]
DEBUG gran_functions: pH first 5: [7.16058147 7.10480054 7.11663286 7.13353617 7.14874915]
Gran and Schwartz computed successfully.
=== ANALYZER NESTED RESULTS ===
Gran Raw: V_eq = 6.448 mL, R² = 0.9954, k = 0.000, Zone = 16-23
Gran Opt: V_eq = 5.720 mL, R² = 0.9996, k = 15.048, Zone = 2-22
Schwartz Raw: V_eq = 6.448 mL, R² = 0.9954, k = 0.000, Zone = 16-23
Schwartz Opt: V_eq = 5.720 mL, R² = 0.9996, k = 15.048, Zone = 2-22
pH shape: (42,)
=== END ANALYZER NESTED ===
Titration curve saved to /home/sgiani/repos/GranTED/results/mL/01mL/1/titration_curve.png
Gran/Schwartz combined plot saved to /home/sgiani/repos/GranTED/results/mL/01mL/1/gran_schwartz.png
Combined overview plot saved to /home/sgiani/repos/GranTED/results/mL/01mL/1/plots.png
All visualizations saved to /home/sgiani/repos/GranTED/results/mL/01mL/1
Generating CSV report...
Saved simple CSV report to /home/sgiani/repos/GranTED/results/mL/01mL/1/report.csv
CSV report generated.
Generating PDF report...
Saved PDF report to /home/sgiani/repos/GranTED/results/mL/01mL/1/report.pdf
PDF report generated.
Full report generated in /home/sgiani/repos/GranTED/results/mL/01mL/1
Pipeline complete. Outputs in /home/sgiani/repos/GranTED/results/mL/01mL/1
Processing triplet 2 → columns 4,5
Loaded '/home/sgiani/repos/GranTED/results/mL/01mL/2/data.dat': 41 rows, skipped 1 header/comment/non-numeric lines.
Validation passed
Final config: {'V': 25.0, 'C_B': 0.1, 'titration_type': 'acid_base', 'r2_threshold': 0.95}
DEBUG preprocess: potential first 5: [-2.7 -2.5 -3.7 -5.  -5.9]
Detected acid titration (negative slope). No flip.
Preprocessing complete: Arrays extracted, params merged, type auto-detected (if acid_base).
DEBUG df:     volume  potential
0      2.0       -2.7
1      2.1       -2.5
2      2.2       -3.7
3      2.3       -5.0
4      2.4       -5.9
5      2.5       -7.3
6      2.6       -8.1
7      2.7       -9.5
8      2.8      -10.5
9      2.9      -11.2
10     3.0      -12.9
11     3.1      -13.9
12     3.2      -15.2
13     3.3      -16.4
14     3.4      -17.8
15     3.5      -19.2
16     3.6      -20.7
17     3.7      -22.1
18     3.8      -23.9
19     3.9      -25.4
20     4.0      -27.4
21     4.1      -29.2
22     4.2      -31.5
23     4.3      -34.0
24     4.4      -36.5
25     4.5      -39.7
26     4.6      -43.4
27     4.7      -47.5
28     4.8      -53.5
29     4.9      -61.4
30     5.0      -75.8
31     5.1     -142.7
32     5.2     -181.2
33     5.3     -189.1
34     5.4     -193.4
35     5.5     -197.4
36     5.6     -200.4
37     5.7     -202.6
38     5.8     -204.6
39     5.9     -205.9
40     6.0     -207.3
DEBUG params: {'volume_array': array([2. , 2.1, 2.2, 2.3, 2.4, 2.5, 2.6, 2.7, 2.8, 2.9, 3. , 3.1, 3.2,
       3.3, 3.4, 3.5, 3.6, 3.7, 3.8, 3.9, 4. , 4.1, 4.2, 4.3, 4.4, 4.5,
       4.6, 4.7, 4.8, 4.9, 5. , 5.1, 5.2, 5.3, 5.4, 5.5, 5.6, 5.7, 5.8,
       5.9, 6. ]), 'potential_array': array([  -2.7,   -2.5,   -3.7,   -5. ,   -5.9,   -7.3,   -8.1,   -9.5,
        -10.5,  -11.2,  -12.9,  -13.9,  -15.2,  -16.4,  -17.8,  -19.2,
        -20.7,  -22.1,  -23.9,  -25.4,  -27.4,  -29.2,  -31.5,  -34. ,
        -36.5,  -39.7,  -43.4,  -47.5,  -53.5,  -61.4,  -75.8, -142.7,
       -181.2, -189.1, -193.4, -197.4, -200.4, -202.6, -204.6, -205.9,
       -207.3]), 'V': 25.0, 'C_B': 0.1, 'titration_type': 'acid_base', 'r2_threshold': 0.95, 'is_base': False}
Computing Gran/Schwartz for type: acid_base
DEBUG gran_functions: potential first 5: [-2.7 -2.5 -3.7 -5.  -5.9]
DEBUG gran_functions: pH first 5: [7.04563895 7.04225828 7.06254226 7.08451657 7.09972955]
Gran and Schwartz computed successfully.
Computing Gran/Schwartz for type: acid_base
DEBUG gran_functions: potential first 5: [-2.7 -2.5 -3.7 -5.  -5.9]
DEBUG gran_functions: pH first 5: [7.04563895 7.04225828 7.06254226 7.08451657 7.09972955]
Gran and Schwartz computed successfully.
=== ANALYZER NESTED RESULTS ===
Gran Raw: V_eq = 5.352 mL, R² = 0.9704, k = 0.000, Zone = 17-35
Gran Opt: V_eq = 5.331 mL, R² = 0.9996, k = 67.040, Zone = 7-27
Schwartz Raw: V_eq = 5.352 mL, R² = 0.9704, k = 0.000, Zone = 17-35
Schwartz Opt: V_eq = 5.331 mL, R² = 0.9996, k = 67.040, Zone = 7-27
pH shape: (41,)
=== END ANALYZER NESTED ===
Titration curve saved to /home/sgiani/repos/GranTED/results/mL/01mL/2/titration_curve.png
Gran/Schwartz combined plot saved to /home/sgiani/repos/GranTED/results/mL/01mL/2/gran_schwartz.png
Combined overview plot saved to /home/sgiani/repos/GranTED/results/mL/01mL/2/plots.png
All visualizations saved to /home/sgiani/repos/GranTED/results/mL/01mL/2
Generating CSV report...
Saved simple CSV report to /home/sgiani/repos/GranTED/results/mL/01mL/2/report.csv
CSV report generated.
Generating PDF report...
Saved PDF report to /home/sgiani/repos/GranTED/results/mL/01mL/2/report.pdf
PDF report generated.
Full report generated in /home/sgiani/repos/GranTED/results/mL/01mL/2
Pipeline complete. Outputs in /home/sgiani/repos/GranTED/results/mL/01mL/2
Processing triplet 3 → columns 7,8
Loaded '/home/sgiani/repos/GranTED/results/mL/01mL/3/data.dat': 41 rows, skipped 1 header/comment/non-numeric lines.
Validation passed
Final config: {'V': 25.0, 'C_B': 0.1, 'titration_type': 'acid_base', 'r2_threshold': 0.95}
DEBUG preprocess: potential first 5: [ 3.1  2.2  0.9 -0.7 -1.8]
Detected acid titration (negative slope). No flip.
Preprocessing complete: Arrays extracted, params merged, type auto-detected (if acid_base).
DEBUG df:     volume  potential
0      2.0        3.1
1      2.1        2.2
2      2.2        0.9
3      2.3       -0.7
4      2.4       -1.8
5      2.5       -2.7
6      2.6       -4.0
7      2.7       -5.3
8      2.8       -6.5
9      2.9       -7.7
10     3.0       -8.9
11     3.1      -10.3
12     3.2      -11.7
13     3.3      -12.9
14     3.4      -13.9
15     3.5      -15.8
16     3.6      -17.3
17     3.7      -18.9
18     3.8      -20.8
19     3.9      -22.5
20     4.0      -24.5
21     4.1      -26.7
22     4.2      -28.7
23     4.3      -31.3
24     4.4      -34.3
25     4.5      -37.4
26     4.6      -41.2
27     4.7      -45.7
28     4.8      -52.3
29     4.9      -61.1
30     5.0      -77.2
31     5.1     -139.2
32     5.2     -180.1
33     5.3     -191.6
34     5.4     -194.8
35     5.5     -198.6
36     5.6     -201.5
37     5.7     -203.9
38     5.8     -205.9
39     5.9     -207.5
40     6.0     -209.0
DEBUG params: {'volume_array': array([2. , 2.1, 2.2, 2.3, 2.4, 2.5, 2.6, 2.7, 2.8, 2.9, 3. , 3.1, 3.2,
       3.3, 3.4, 3.5, 3.6, 3.7, 3.8, 3.9, 4. , 4.1, 4.2, 4.3, 4.4, 4.5,
       4.6, 4.7, 4.8, 4.9, 5. , 5.1, 5.2, 5.3, 5.4, 5.5, 5.6, 5.7, 5.8,
       5.9, 6. ]), 'potential_array': array([   3.1,    2.2,    0.9,   -0.7,   -1.8,   -2.7,   -4. ,   -5.3,
         -6.5,   -7.7,   -8.9,  -10.3,  -11.7,  -12.9,  -13.9,  -15.8,
        -17.3,  -18.9,  -20.8,  -22.5,  -24.5,  -26.7,  -28.7,  -31.3,
        -34.3,  -37.4,  -41.2,  -45.7,  -52.3,  -61.1,  -77.2, -139.2,
       -180.1, -191.6, -194.8, -198.6, -201.5, -203.9, -205.9, -207.5,
       -209. ]), 'V': 25.0, 'C_B': 0.1, 'titration_type': 'acid_base', 'r2_threshold': 0.95, 'is_base': False}
Computing Gran/Schwartz for type: acid_base
DEBUG gran_functions: potential first 5: [ 3.1  2.2  0.9 -0.7 -1.8]
DEBUG gran_functions: pH first 5: [6.94759973 6.96281271 6.98478702 7.01183232 7.03042596]
Gran and Schwartz computed successfully.
Computing Gran/Schwartz for type: acid_base
DEBUG gran_functions: potential first 5: [ 3.1  2.2  0.9 -0.7 -1.8]
DEBUG gran_functions: pH first 5: [6.94759973 6.96281271 6.98478702 7.01183232 7.03042596]
Gran and Schwartz computed successfully.
=== ANALYZER NESTED RESULTS ===
Gran Raw: V_eq = 5.325 mL, R² = 0.9748, k = 0.000, Zone = 15-34
Gran Opt: V_eq = 5.228 mL, R² = 0.9995, k = 383.263, Zone = 8-28
Schwartz Raw: V_eq = 5.325 mL, R² = 0.9748, k = 0.000, Zone = 15-34
Schwartz Opt: V_eq = 5.228 mL, R² = 0.9995, k = 383.263, Zone = 8-28
pH shape: (41,)
=== END ANALYZER NESTED ===
Titration curve saved to /home/sgiani/repos/GranTED/results/mL/01mL/3/titration_curve.png
Gran/Schwartz combined plot saved to /home/sgiani/repos/GranTED/results/mL/01mL/3/gran_schwartz.png
Combined overview plot saved to /home/sgiani/repos/GranTED/results/mL/01mL/3/plots.png
All visualizations saved to /home/sgiani/repos/GranTED/results/mL/01mL/3
Generating CSV report...
Saved simple CSV report to /home/sgiani/repos/GranTED/results/mL/01mL/3/report.csv
CSV report generated.
Generating PDF report...
Saved PDF report to /home/sgiani/repos/GranTED/results/mL/01mL/3/report.pdf
PDF report generated.
Full report generated in /home/sgiani/repos/GranTED/results/mL/01mL/3
Pipeline complete. Outputs in /home/sgiani/repos/GranTED/results/mL/01mL/3
Processing triplet 4 → columns 10,11
Loaded '/home/sgiani/repos/GranTED/results/mL/01mL/4/data.dat': 41 rows, skipped 1 header/comment/non-numeric lines.
Validation passed
Final config: {'V': 25.0, 'C_B': 0.1, 'titration_type': 'acid_base', 'r2_threshold': 0.95}
DEBUG preprocess: potential first 5: [ 3.5  3.4  1.9  0.6 -0.7]
Detected acid titration (negative slope). No flip.
Preprocessing complete: Arrays extracted, params merged, type auto-detected (if acid_base).
DEBUG df:     volume  potential
0      2.0        3.5
1      2.1        3.4
2      2.2        1.9
3      2.3        0.6
4      2.4       -0.7
5      2.5       -2.1
6      2.6       -3.2
7      2.7       -4.1
8      2.8       -5.5
9      2.9       -6.9
10     3.0       -8.0
11     3.1       -9.2
12     3.2      -10.9
13     3.3      -12.1
14     3.4      -13.8
15     3.5      -15.4
16     3.6      -16.4
17     3.7      -18.3
18     3.8      -20.1
19     3.9      -21.9
20     4.0      -24.1
21     4.1      -26.0
22     4.2      -28.4
23     4.3      -31.3
24     4.4      -34.0
25     4.5      -37.5
26     4.6      -41.4
27     4.7      -47.2
28     4.8      -54.2
29     4.9      -65.0
30     5.0      -91.1
31     5.1     -176.3
32     5.2     -190.9
33     5.3     -197.3
34     5.4     -201.1
35     5.5     -203.9
36     5.6     -205.8
37     5.7     -206.2
38     5.8     -207.6
39     5.9     -209.0
40     6.0     -210.2
DEBUG params: {'volume_array': array([2. , 2.1, 2.2, 2.3, 2.4, 2.5, 2.6, 2.7, 2.8, 2.9, 3. , 3.1, 3.2,
       3.3, 3.4, 3.5, 3.6, 3.7, 3.8, 3.9, 4. , 4.1, 4.2, 4.3, 4.4, 4.5,
       4.6, 4.7, 4.8, 4.9, 5. , 5.1, 5.2, 5.3, 5.4, 5.5, 5.6, 5.7, 5.8,
       5.9, 6. ]), 'potential_array': array([   3.5,    3.4,    1.9,    0.6,   -0.7,   -2.1,   -3.2,   -4.1,
         -5.5,   -6.9,   -8. ,   -9.2,  -10.9,  -12.1,  -13.8,  -15.4,
        -16.4,  -18.3,  -20.1,  -21.9,  -24.1,  -26. ,  -28.4,  -31.3,
        -34. ,  -37.5,  -41.4,  -47.2,  -54.2,  -65. ,  -91.1, -176.3,
       -190.9, -197.3, -201.1, -203.9, -205.8, -206.2, -207.6, -209. ,
       -210.2]), 'V': 25.0, 'C_B': 0.1, 'titration_type': 'acid_base', 'r2_threshold': 0.95, 'is_base': False}
Computing Gran/Schwartz for type: acid_base
DEBUG gran_functions: potential first 5: [ 3.5  3.4  1.9  0.6 -0.7]
DEBUG gran_functions: pH first 5: [6.9408384  6.94252874 6.96788371 6.98985801 7.01183232]
Gran and Schwartz computed successfully.
Computing Gran/Schwartz for type: acid_base
DEBUG gran_functions: potential first 5: [ 3.5  3.4  1.9  0.6 -0.7]
DEBUG gran_functions: pH first 5: [6.9408384  6.94252874 6.96788371 6.98985801 7.01183232]
Gran and Schwartz computed successfully.
=== ANALYZER NESTED RESULTS ===
Gran Raw: V_eq = 5.290 mL, R² = 0.9744, k = 0.000, Zone = 15-34
Gran Opt: V_eq = 5.207 mL, R² = 0.9993, k = 55.488, Zone = 8-28
Schwartz Raw: V_eq = 5.290 mL, R² = 0.9744, k = 0.000, Zone = 15-34
Schwartz Opt: V_eq = 5.207 mL, R² = 0.9993, k = 55.488, Zone = 8-28
pH shape: (41,)
=== END ANALYZER NESTED ===
Titration curve saved to /home/sgiani/repos/GranTED/results/mL/01mL/4/titration_curve.png
Gran/Schwartz combined plot saved to /home/sgiani/repos/GranTED/results/mL/01mL/4/gran_schwartz.png
Combined overview plot saved to /home/sgiani/repos/GranTED/results/mL/01mL/4/plots.png
All visualizations saved to /home/sgiani/repos/GranTED/results/mL/01mL/4
Generating CSV report...
Saved simple CSV report to /home/sgiani/repos/GranTED/results/mL/01mL/4/report.csv
CSV report generated.
Generating PDF report...
Saved PDF report to /home/sgiani/repos/GranTED/results/mL/01mL/4/report.pdf
PDF report generated.
Full report generated in /home/sgiani/repos/GranTED/results/mL/01mL/4
Pipeline complete. Outputs in /home/sgiani/repos/GranTED/results/mL/01mL/4
Processing triplet 5 → columns 13,14
Loaded '/home/sgiani/repos/GranTED/results/mL/01mL/5/data.dat': 41 rows, skipped 1 header/comment/non-numeric lines.
Validation passed
Final config: {'V': 25.0, 'C_B': 0.1, 'titration_type': 'acid_base', 'r2_threshold': 0.95}
DEBUG preprocess: potential first 5: [ 2.   0.6 -0.5 -1.7 -3.2]
Detected acid titration (negative slope). No flip.
Preprocessing complete: Arrays extracted, params merged, type auto-detected (if acid_base).
DEBUG df:     volume  potential
0      2.0        2.0
1      2.1        0.6
2      2.2       -0.5
3      2.3       -1.7
4      2.4       -3.2
5      2.5       -4.5
6      2.6       -5.4
7      2.7       -6.7
8      2.8       -7.9
9      2.9       -9.1
10     3.0      -10.5
11     3.1      -11.7
12     3.2      -13.0
13     3.3      -14.3
14     3.4      -15.8
15     3.5      -17.2
16     3.6      -18.8
17     3.7      -20.5
18     3.8      -22.1
19     3.9      -23.9
20     4.0      -26.0
21     4.1      -28.1
22     4.2      -30.5
23     4.3      -33.3
24     4.4      -36.3
25     4.5      -39.7
26     4.6      -43.9
27     4.7      -49.2
28     4.8      -56.2
29     4.9      -67.9
30     5.0      -98.8
31     5.1     -176.1
32     5.2     -184.3
33     5.3     -190.3
34     5.4     -194.5
35     5.5     -197.6
36     5.6     -199.9
37     5.7     -201.8
38     5.8     -203.5
39     5.9     -204.9
40     6.0     -206.1
DEBUG params: {'volume_array': array([2. , 2.1, 2.2, 2.3, 2.4, 2.5, 2.6, 2.7, 2.8, 2.9, 3. , 3.1, 3.2,
       3.3, 3.4, 3.5, 3.6, 3.7, 3.8, 3.9, 4. , 4.1, 4.2, 4.3, 4.4, 4.5,
       4.6, 4.7, 4.8, 4.9, 5. , 5.1, 5.2, 5.3, 5.4, 5.5, 5.6, 5.7, 5.8,
       5.9, 6. ]), 'potential_array': array([   2. ,    0.6,   -0.5,   -1.7,   -3.2,   -4.5,   -5.4,   -6.7,
         -7.9,   -9.1,  -10.5,  -11.7,  -13. ,  -14.3,  -15.8,  -17.2,
        -18.8,  -20.5,  -22.1,  -23.9,  -26. ,  -28.1,  -30.5,  -33.3,
        -36.3,  -39.7,  -43.9,  -49.2,  -56.2,  -67.9,  -98.8, -176.1,
       -184.3, -190.3, -194.5, -197.6, -199.9, -201.8, -203.5, -204.9,
       -206.1]), 'V': 25.0, 'C_B': 0.1, 'titration_type': 'acid_base', 'r2_threshold': 0.95, 'is_base': False}
Computing Gran/Schwartz for type: acid_base
DEBUG gran_functions: potential first 5: [ 2.   0.6 -0.5 -1.7 -3.2]
DEBUG gran_functions: pH first 5: [6.96619337 6.98985801 7.00845166 7.02873563 7.0540906 ]
Gran and Schwartz computed successfully.
Computing Gran/Schwartz for type: acid_base
DEBUG gran_functions: potential first 5: [ 2.   0.6 -0.5 -1.7 -3.2]
DEBUG gran_functions: pH first 5: [6.96619337 6.98985801 7.00845166 7.02873563 7.0540906 ]
Gran and Schwartz computed successfully.
=== ANALYZER NESTED RESULTS ===
Gran Raw: V_eq = 5.299 mL, R² = 0.9720, k = 0.000, Zone = 14-34
Gran Opt: V_eq = 5.210 mL, R² = 0.9996, k = 87.196, Zone = 7-27
Schwartz Raw: V_eq = 5.299 mL, R² = 0.9720, k = 0.000, Zone = 14-34
Schwartz Opt: V_eq = 5.210 mL, R² = 0.9996, k = 87.196, Zone = 7-27
pH shape: (41,)
=== END ANALYZER NESTED ===
Titration curve saved to /home/sgiani/repos/GranTED/results/mL/01mL/5/titration_curve.png
Gran/Schwartz combined plot saved to /home/sgiani/repos/GranTED/results/mL/01mL/5/gran_schwartz.png
Combined overview plot saved to /home/sgiani/repos/GranTED/results/mL/01mL/5/plots.png
All visualizations saved to /home/sgiani/repos/GranTED/results/mL/01mL/5
Generating CSV report...
Saved simple CSV report to /home/sgiani/repos/GranTED/results/mL/01mL/5/report.csv
CSV report generated.
Generating PDF report...
Saved PDF report to /home/sgiani/repos/GranTED/results/mL/01mL/5/report.pdf
PDF report generated.
Full report generated in /home/sgiani/repos/GranTED/results/mL/01mL/5
Pipeline complete. Outputs in /home/sgiani/repos/GranTED/results/mL/01mL/5
Processing triplet 6 → columns 16,17
Loaded '/home/sgiani/repos/GranTED/results/mL/01mL/6/data.dat': 41 rows, skipped 1 header/comment/non-numeric lines.
Validation passed
Final config: {'V': 25.0, 'C_B': 0.1, 'titration_type': 'acid_base', 'r2_threshold': 0.95}
DEBUG preprocess: potential first 5: [ 1.8  0.6 -0.5 -2.3 -3.3]
Detected acid titration (negative slope). No flip.
Preprocessing complete: Arrays extracted, params merged, type auto-detected (if acid_base).
DEBUG df:     volume  potential
0      2.0        1.8
1      2.1        0.6
2      2.2       -0.5
3      2.3       -2.3
4      2.4       -3.3
5      2.5       -4.3
6      2.6       -5.8
7      2.7       -7.0
8      2.8       -8.3
9      2.9       -9.2
10     3.0      -10.7
11     3.1      -11.8
12     3.2      -13.5
13     3.3      -14.7
14     3.4      -15.9
15     3.5      -17.6
16     3.6      -19.2
17     3.7      -20.5
18     3.8      -22.4
19     3.9      -24.4
20     4.0      -26.3
21     4.1      -28.3
22     4.2      -30.6
23     4.3      -33.2
24     4.4      -36.2
25     4.5      -39.7
26     4.6      -43.8
27     4.7      -49.2
28     4.8      -55.7
29     4.9      -68.4
30     5.0     -104.7
31     5.1     -177.6
32     5.2     -189.5
33     5.3     -190.6
34     5.4     -194.5
35     5.5     -197.6
36     5.6     -200.0
37     5.7     -202.0
38     5.8     -203.4
39     5.9     -204.8
40     6.0     -205.9
DEBUG params: {'volume_array': array([2. , 2.1, 2.2, 2.3, 2.4, 2.5, 2.6, 2.7, 2.8, 2.9, 3. , 3.1, 3.2,
       3.3, 3.4, 3.5, 3.6, 3.7, 3.8, 3.9, 4. , 4.1, 4.2, 4.3, 4.4, 4.5,
       4.6, 4.7, 4.8, 4.9, 5. , 5.1, 5.2, 5.3, 5.4, 5.5, 5.6, 5.7, 5.8,
       5.9, 6. ]), 'potential_array': array([   1.8,    0.6,   -0.5,   -2.3,   -3.3,   -4.3,   -5.8,   -7. ,
         -8.3,   -9.2,  -10.7,  -11.8,  -13.5,  -14.7,  -15.9,  -17.6,
        -19.2,  -20.5,  -22.4,  -24.4,  -26.3,  -28.3,  -30.6,  -33.2,
        -36.2,  -39.7,  -43.8,  -49.2,  -55.7,  -68.4, -104.7, -177.6,
       -189.5, -190.6, -194.5, -197.6, -200. , -202. , -203.4, -204.8,
       -205.9]), 'V': 25.0, 'C_B': 0.1, 'titration_type': 'acid_base', 'r2_threshold': 0.95, 'is_base': False}
Computing Gran/Schwartz for type: acid_base
DEBUG gran_functions: potential first 5: [ 1.8  0.6 -0.5 -2.3 -3.3]
DEBUG gran_functions: pH first 5: [6.96957404 6.98985801 7.00845166 7.03887762 7.05578093]
Gran and Schwartz computed successfully.
Computing Gran/Schwartz for type: acid_base
DEBUG gran_functions: potential first 5: [ 1.8  0.6 -0.5 -2.3 -3.3]
DEBUG gran_functions: pH first 5: [6.96957404 6.98985801 7.00845166 7.03887762 7.05578093]
Gran and Schwartz computed successfully.
=== ANALYZER NESTED RESULTS ===
Gran Raw: V_eq = 5.288 mL, R² = 0.9705, k = 0.000, Zone = 15-34
Gran Opt: V_eq = 5.398 mL, R² = 0.9670, k = -359.724, Zone = 0-40
Schwartz Raw: V_eq = 5.288 mL, R² = 0.9705, k = 0.000, Zone = 15-34
Schwartz Opt: V_eq = 5.398 mL, R² = 0.9670, k = -359.724, Zone = 0-40
pH shape: (41,)
=== END ANALYZER NESTED ===
Titration curve saved to /home/sgiani/repos/GranTED/results/mL/01mL/6/titration_curve.png
Gran/Schwartz combined plot saved to /home/sgiani/repos/GranTED/results/mL/01mL/6/gran_schwartz.png
Combined overview plot saved to /home/sgiani/repos/GranTED/results/mL/01mL/6/plots.png
All visualizations saved to /home/sgiani/repos/GranTED/results/mL/01mL/6
Generating CSV report...
Saved simple CSV report to /home/sgiani/repos/GranTED/results/mL/01mL/6/report.csv
CSV report generated.
Generating PDF report...
Saved PDF report to /home/sgiani/repos/GranTED/results/mL/01mL/6/report.pdf
PDF report generated.
Full report generated in /home/sgiani/repos/GranTED/results/mL/01mL/6
Pipeline complete. Outputs in /home/sgiani/repos/GranTED/results/mL/01mL/6
Processing triplet 7 → columns 19,20
Loaded '/home/sgiani/repos/GranTED/results/mL/01mL/7/data.dat': 41 rows, skipped 1 header/comment/non-numeric lines.
Validation passed
Final config: {'V': 25.0, 'C_B': 0.1, 'titration_type': 'acid_base', 'r2_threshold': 0.95}
DEBUG preprocess: potential first 5: [ 1.7  0.7 -0.5 -1.8 -3. ]
Detected acid titration (negative slope). No flip.
Preprocessing complete: Arrays extracted, params merged, type auto-detected (if acid_base).
DEBUG df:     volume  potential
0      2.0        1.7
1      2.1        0.7
2      2.2       -0.5
3      2.3       -1.8
4      2.4       -3.0
5      2.5       -4.3
6      2.6       -5.5
7      2.7       -6.8
8      2.8       -7.9
9      2.9       -9.0
10     3.0      -10.5
11     3.1      -11.6
12     3.2      -13.2
13     3.3      -14.3
14     3.4      -15.6
15     3.5      -17.2
16     3.6      -18.6
17     3.7      -20.3
18     3.8      -22.1
19     3.9      -23.8
20     4.0      -25.9
21     4.1      -27.8
22     4.2      -30.3
23     4.3      -32.9
24     4.4      -35.7
25     4.5      -39.3
26     4.6      -43.5
27     4.7      -48.8
28     4.8      -56.1
29     4.9      -68.3
30     5.0     -105.9
31     5.1     -176.5
32     5.2     -183.7
33     5.3     -190.0
34     5.4     -193.9
35     5.5     -197.1
36     5.6     -199.4
37     5.7     -201.1
38     5.8     -202.7
39     5.9     -203.9
40     6.0     -205.2
DEBUG params: {'volume_array': array([2. , 2.1, 2.2, 2.3, 2.4, 2.5, 2.6, 2.7, 2.8, 2.9, 3. , 3.1, 3.2,
       3.3, 3.4, 3.5, 3.6, 3.7, 3.8, 3.9, 4. , 4.1, 4.2, 4.3, 4.4, 4.5,
       4.6, 4.7, 4.8, 4.9, 5. , 5.1, 5.2, 5.3, 5.4, 5.5, 5.6, 5.7, 5.8,
       5.9, 6. ]), 'potential_array': array([   1.7,    0.7,   -0.5,   -1.8,   -3. ,   -4.3,   -5.5,   -6.8,
         -7.9,   -9. ,  -10.5,  -11.6,  -13.2,  -14.3,  -15.6,  -17.2,
        -18.6,  -20.3,  -22.1,  -23.8,  -25.9,  -27.8,  -30.3,  -32.9,
        -35.7,  -39.3,  -43.5,  -48.8,  -56.1,  -68.3, -105.9, -176.5,
       -183.7, -190. , -193.9, -197.1, -199.4, -201.1, -202.7, -203.9,
       -205.2]), 'V': 25.0, 'C_B': 0.1, 'titration_type': 'acid_base', 'r2_threshold': 0.95, 'is_base': False}
Computing Gran/Schwartz for type: acid_base
DEBUG gran_functions: potential first 5: [ 1.7  0.7 -0.5 -1.8 -3. ]
DEBUG gran_functions: pH first 5: [6.97126437 6.98816768 7.00845166 7.03042596 7.05070994]
Gran and Schwartz computed successfully.
Computing Gran/Schwartz for type: acid_base
DEBUG gran_functions: potential first 5: [ 1.7  0.7 -0.5 -1.8 -3. ]
DEBUG gran_functions: pH first 5: [6.97126437 6.98816768 7.00845166 7.03042596 7.05070994]
Gran and Schwartz computed successfully.
=== ANALYZER NESTED RESULTS ===
Gran Raw: V_eq = 5.285 mL, R² = 0.9706, k = 0.000, Zone = 15-34
Gran Opt: V_eq = 5.403 mL, R² = 0.9685, k = -901.775, Zone = 0-40
Schwartz Raw: V_eq = 5.285 mL, R² = 0.9706, k = 0.000, Zone = 15-34
Schwartz Opt: V_eq = 5.403 mL, R² = 0.9685, k = -901.775, Zone = 0-40
pH shape: (41,)
=== END ANALYZER NESTED ===
Titration curve saved to /home/sgiani/repos/GranTED/results/mL/01mL/7/titration_curve.png
Gran/Schwartz combined plot saved to /home/sgiani/repos/GranTED/results/mL/01mL/7/gran_schwartz.png
Combined overview plot saved to /home/sgiani/repos/GranTED/results/mL/01mL/7/plots.png
All visualizations saved to /home/sgiani/repos/GranTED/results/mL/01mL/7
Generating CSV report...
Saved simple CSV report to /home/sgiani/repos/GranTED/results/mL/01mL/7/report.csv
CSV report generated.
Generating PDF report...
Saved PDF report to /home/sgiani/repos/GranTED/results/mL/01mL/7/report.pdf
PDF report generated.
Full report generated in /home/sgiani/repos/GranTED/results/mL/01mL/7
Pipeline complete. Outputs in /home/sgiani/repos/GranTED/results/mL/01mL/7
