convert /home/sgiani/repos/GranTED/results_old/mL/new_sensor/acid_base/rawdata.ods -> /home/sgiani/repos/GranTED/results_old/mL/new_sensor/acid_base/rawdata.csv using filter : Text - txt - csv (StarCalc):44,34,UTF8
Overwriting: /home/sgiani/repos/GranTED/results_old/mL/new_sensor/acid_base/rawdata.csv
Found 12 triplets
Processing triplet 1 → columns 1,2
Schwartz Raw: V_eq = 5.040 mL, R² = 0.9996, k = 0.000, Zone = 18-37
Schwartz Opt: V_eq = 5.033 mL, R² = 0.9999, k = 0.485, Zone = 16-37
Processing triplet 2 → columns 4,5
Schwartz Raw: V_eq = 5.042 mL, R² = 0.9996, k = 0.000, Zone = 18-35
Schwartz Opt: V_eq = 5.035 mL, R² = 0.9999, k = 0.364, Zone = 11-30
Processing triplet 3 → columns 7,8
Schwartz Raw: V_eq = 5.045 mL, R² = 0.9995, k = 0.000, Zone = 19-37
Schwartz Opt: V_eq = 5.035 mL, R² = 0.9999, k = 0.494, Zone = 16-36
Processing triplet 4 → columns 10,11
Schwartz Raw: V_eq = 5.052 mL, R² = 0.9992, k = 0.000, Zone = 8-24
Schwartz Opt: V_eq = 5.031 mL, R² = 0.9999, k = 0.616, Zone = 5-22
Processing triplet 5 → columns 13,14
Schwartz Raw: V_eq = 5.038 mL, R² = 0.9995, k = 0.000, Zone = 8-24
Schwartz Opt: V_eq = 5.023 mL, R² = 0.9999, k = 0.571, Zone = 6-23
Processing triplet 6 → columns 16,17
Schwartz Raw: V_eq = 5.041 mL, R² = 0.9992, k = 0.000, Zone = 8-25
Schwartz Opt: V_eq = 5.026 mL, R² = 0.9998, k = 0.496, Zone = 4-22
Processing triplet 7 → columns 19,20
Schwartz Raw: V_eq = 5.047 mL, R² = 0.9996, k = 0.000, Zone = 27-62
Schwartz Opt: V_eq = 5.029 mL, R² = 1.0000, k = 0.626, Zone = 23-59
Processing triplet 8 → columns 22,23
Schwartz Raw: V_eq = 5.086 mL, R² = 0.9993, k = 0.000, Zone = 19-54
Schwartz Opt: V_eq = 5.040 mL, R² = 0.9997, k = 0.495, Zone = 21-56
Processing triplet 9 → columns 25,26
Schwartz Raw: V_eq = 5.052 mL, R² = 0.9997, k = 0.000, Zone = 27-62
Schwartz Opt: V_eq = 5.037 mL, R² = 1.0000, k = 0.530, Zone = 22-58
Processing triplet 10 → columns 28,29
Schwartz Raw: V_eq = 5.064 mL, R² = 0.9995, k = 0.000, Zone = 56-101
Schwartz Opt: V_eq = 5.035 mL, R² = 1.0000, k = 0.455, Zone = 47-100
Processing triplet 11 → columns 31,32
Schwartz Raw: V_eq = 5.059 mL, R² = 0.9995, k = 0.000, Zone = 56-101
Schwartz Opt: V_eq = 5.031 mL, R² = 1.0000, k = 0.464, Zone = 47-100
Processing triplet 12 → columns 34,35
Schwartz Raw: V_eq = 5.066 mL, R² = 0.9994, k = 0.000, Zone = 57-102
Schwartz Opt: V_eq = 5.041 mL, R² = 1.0000, k = 0.426, Zone = 46-98

 read y
