Starting GranTED pipeline...
Loading data...
Loaded 111 points.
Preprocessing...
Params: V=25.0, C_B=0.1, type=acid_base
Computing functions...
Gran/Schwartz computed.
Analyzing...
Schwartz Raw: V_eq = 5.018 mL, R² = 0.9998, k = 0.000, Zone = 51-100
Schwartz Opt: V_eq = 5.004 mL, R² = 0.9999, k = 0.158, Zone = 43-98
Analysis complete.
Executing mode: method_development | trim_forward=False
Gran analysis complete with separate raw/opt Zones.
Raw: V_eq=5.018, R²=0.9998, zone 51-100
Opt: V_eq=5.004, R²=0.9999, k=0.158, zone 43-98
Diagnostics collected: initial=3478, opt=4399
Schwartz Raw: V_eq = 5.018 mL, R² = 0.9998, k = 0.000, Zone = 51-100
Schwartz Opt: V_eq = 5.004 mL, R² = 0.9999, k = 0.158, Zone = 43-98
Development mode: performing backward trimming analysis...
Schwartz Raw: V_eq = 5.018 mL, R² = 0.9998, k = 0.000, Zone = 51-100
Schwartz Opt: V_eq = 5.004 mL, R² = 0.9999, k = 0.158, Zone = 43-98
  Trimmed to 111 points → V_eq = 5.004 ± 0.002 (R²=0.9999)
Schwartz Raw: V_eq = 5.018 mL, R² = 0.9998, k = 0.000, Zone = 51-100
Schwartz Opt: V_eq = 5.004 mL, R² = 0.9999, k = 0.158, Zone = 43-98
  Trimmed to 110 points → V_eq = 5.004 ± 0.002 (R²=0.9999)
Schwartz Raw: V_eq = 5.017 mL, R² = 0.9998, k = 0.000, Zone = 52-100
Schwartz Opt: V_eq = 5.006 mL, R² = 0.9999, k = 0.156, Zone = 46-100
  Trimmed to 109 points → V_eq = 5.006 ± 0.002 (R²=0.9999)
Schwartz Raw: V_eq = 5.017 mL, R² = 0.9998, k = 0.000, Zone = 52-100
Schwartz Opt: V_eq = 5.006 mL, R² = 0.9999, k = 0.156, Zone = 46-100
  Trimmed to 108 points → V_eq = 5.006 ± 0.002 (R²=0.9999)
Schwartz Raw: V_eq = 5.017 mL, R² = 0.9998, k = 0.000, Zone = 53-100
Schwartz Opt: V_eq = 5.006 mL, R² = 0.9999, k = 0.152, Zone = 46-99
  Trimmed to 107 points → V_eq = 5.006 ± 0.002 (R²=0.9999)
Schwartz Raw: V_eq = 5.017 mL, R² = 0.9998, k = 0.000, Zone = 53-100
Schwartz Opt: V_eq = 5.006 mL, R² = 0.9999, k = 0.152, Zone = 46-99
  Trimmed to 106 points → V_eq = 5.006 ± 0.002 (R²=0.9999)
Schwartz Raw: V_eq = 5.016 mL, R² = 0.9998, k = 0.000, Zone = 54-100
Schwartz Opt: V_eq = 5.006 mL, R² = 0.9999, k = 0.147, Zone = 46-98
  Trimmed to 105 points → V_eq = 5.006 ± 0.002 (R²=0.9999)
Schwartz Raw: V_eq = 5.016 mL, R² = 0.9998, k = 0.000, Zone = 54-100
Schwartz Opt: V_eq = 5.006 mL, R² = 0.9999, k = 0.147, Zone = 46-98
  Trimmed to 104 points → V_eq = 5.006 ± 0.002 (R²=0.9999)
Schwartz Raw: V_eq = 5.015 mL, R² = 0.9998, k = 0.000, Zone = 55-100
Schwartz Opt: V_eq = 5.009 mL, R² = 0.9999, k = 0.125, Zone = 49-100
  Trimmed to 103 points → V_eq = 5.009 ± 0.002 (R²=0.9999)
Schwartz Raw: V_eq = 5.015 mL, R² = 0.9998, k = 0.000, Zone = 55-100
Schwartz Opt: V_eq = 5.008 mL, R² = 0.9999, k = 0.125, Zone = 50-100
  Trimmed to 102 points → V_eq = 5.008 ± 0.002 (R²=0.9999)
Schwartz Raw: V_eq = 5.014 mL, R² = 0.9998, k = 0.000, Zone = 56-100
Schwartz Opt: V_eq = 5.009 mL, R² = 0.9999, k = 0.115, Zone = 50-100
  Trimmed to 101 points → V_eq = 5.009 ± 0.002 (R²=0.9999)
Schwartz Raw: V_eq = 5.014 mL, R² = 0.9998, k = 0.000, Zone = 56-100
Schwartz Opt: V_eq = 5.008 mL, R² = 0.9999, k = 0.124, Zone = 50-99
  Trimmed to 100 points → V_eq = 5.008 ± 0.002 (R²=0.9999)
Schwartz Raw: V_eq = 5.015 mL, R² = 0.9998, k = 0.000, Zone = 55-98
Schwartz Opt: V_eq = 5.007 mL, R² = 0.9999, k = 0.141, Zone = 49-98
  Trimmed to 99 points → V_eq = 5.007 ± 0.003 (R²=0.9999)
Schwartz Raw: V_eq = 5.016 mL, R² = 0.9998, k = 0.000, Zone = 55-98
Schwartz Opt: V_eq = 5.006 mL, R² = 0.9999, k = 0.147, Zone = 46-95
  Trimmed to 98 points → V_eq = 5.006 ± 0.003 (R²=0.9999)
Schwartz Raw: V_eq = 5.016 mL, R² = 0.9997, k = 0.000, Zone = 55-97
Schwartz Opt: V_eq = 5.005 mL, R² = 0.9999, k = 0.152, Zone = 47-95
  Trimmed to 97 points → V_eq = 5.005 ± 0.003 (R²=0.9999)
Schwartz Raw: V_eq = 5.020 mL, R² = 0.9997, k = 0.000, Zone = 53-95
Schwartz Opt: V_eq = 5.001 mL, R² = 0.9999, k = 0.181, Zone = 47-95
  Trimmed to 96 points → V_eq = 5.001 ± 0.003 (R²=0.9999)
Schwartz Raw: V_eq = 5.021 mL, R² = 0.9997, k = 0.000, Zone = 53-94
Schwartz Opt: V_eq = 5.001 mL, R² = 0.9999, k = 0.184, Zone = 47-94
  Trimmed to 95 points → V_eq = 5.001 ± 0.003 (R²=0.9999)
Schwartz Raw: V_eq = 5.023 mL, R² = 0.9997, k = 0.000, Zone = 52-93
Schwartz Opt: V_eq = 5.000 mL, R² = 0.9999, k = 0.188, Zone = 46-93
  Trimmed to 94 points → V_eq = 5.000 ± 0.003 (R²=0.9999)
Schwartz Raw: V_eq = 5.025 mL, R² = 0.9996, k = 0.000, Zone = 52-92
Schwartz Opt: V_eq = 4.998 mL, R² = 0.9998, k = 0.193, Zone = 46-92
  Trimmed to 93 points → V_eq = 4.998 ± 0.003 (R²=0.9998)
Schwartz Raw: V_eq = 5.027 mL, R² = 0.9996, k = 0.000, Zone = 51-91
Schwartz Opt: V_eq = 4.996 mL, R² = 0.9998, k = 0.201, Zone = 46-92
  Trimmed to 92 points → V_eq = 4.996 ± 0.003 (R²=0.9998)
Schwartz Raw: V_eq = 5.028 mL, R² = 0.9996, k = 0.000, Zone = 51-90
Schwartz Opt: V_eq = 4.995 mL, R² = 0.9998, k = 0.207, Zone = 46-91
  Trimmed to 91 points → V_eq = 4.995 ± 0.003 (R²=0.9998)
Schwartz Raw: V_eq = 5.031 mL, R² = 0.9996, k = 0.000, Zone = 50-89
Schwartz Opt: V_eq = 4.992 mL, R² = 0.9998, k = 0.209, Zone = 44-89
  Trimmed to 90 points → V_eq = 4.992 ± 0.004 (R²=0.9998)
Schwartz Raw: V_eq = 5.033 mL, R² = 0.9996, k = 0.000, Zone = 50-88
Schwartz Opt: V_eq = 4.990 mL, R² = 0.9998, k = 0.214, Zone = 44-88
  Trimmed to 89 points → V_eq = 4.990 ± 0.004 (R²=0.9998)
Schwartz Raw: V_eq = 5.035 mL, R² = 0.9995, k = 0.000, Zone = 50-88
Schwartz Opt: V_eq = 4.989 mL, R² = 0.9998, k = 0.216, Zone = 43-87
→ Earliest acceptable point detected at n=91 (V_eq ≈ 5.004, bad streak of 3 started)
  Trimmed to 88 points → V_eq = 4.989 ± 0.004 (R²=0.9998)
Schwartz Raw: V_eq = 5.036 mL, R² = 0.9995, k = 0.000, Zone = 50-87
Schwartz Opt: V_eq = 4.986 mL, R² = 0.9998, k = 0.225, Zone = 43-86
  Trimmed to 87 points → V_eq = 4.986 ± 0.004 (R²=0.9998)
Schwartz Raw: V_eq = 5.080 mL, R² = 0.9995, k = 0.000, Zone = 40-77
Schwartz Opt: V_eq = 5.015 mL, R² = 0.9998, k = 0.122, Zone = 43-85
  Trimmed to 86 points → V_eq = 5.015 ± 0.005 (R²=0.9998)
Schwartz Raw: V_eq = 5.083 mL, R² = 0.9995, k = 0.000, Zone = 40-76
Schwartz Opt: V_eq = 5.015 mL, R² = 0.9998, k = 0.121, Zone = 42-84
  Trimmed to 85 points → V_eq = 5.015 ± 0.005 (R²=0.9998)
Schwartz Raw: V_eq = 5.083 mL, R² = 0.9995, k = 0.000, Zone = 40-76
Schwartz Opt: V_eq = 5.016 mL, R² = 0.9998, k = 0.121, Zone = 42-83
  Trimmed to 84 points → V_eq = 5.016 ± 0.005 (R²=0.9998)
Schwartz Raw: V_eq = 5.086 mL, R² = 0.9994, k = 0.000, Zone = 40-75
Schwartz Opt: V_eq = 5.015 mL, R² = 0.9997, k = 0.120, Zone = 41-82
  Trimmed to 83 points → V_eq = 5.015 ± 0.005 (R²=0.9997)
Schwartz Raw: V_eq = 5.086 mL, R² = 0.9994, k = 0.000, Zone = 40-75
Schwartz Opt: V_eq = 5.016 mL, R² = 0.9997, k = 0.120, Zone = 41-81
  Trimmed to 82 points → V_eq = 5.016 ± 0.005 (R²=0.9997)
Schwartz Raw: V_eq = 5.090 mL, R² = 0.9994, k = 0.000, Zone = 40-74
Schwartz Opt: V_eq = 5.017 mL, R² = 0.9997, k = 0.115, Zone = 40-80
  Trimmed to 81 points → V_eq = 5.017 ± 0.006 (R²=0.9997)
Schwartz Raw: V_eq = 5.090 mL, R² = 0.9994, k = 0.000, Zone = 40-74
Schwartz Opt: V_eq = 5.018 mL, R² = 0.9997, k = 0.115, Zone = 40-79
  Trimmed to 80 points → V_eq = 5.018 ± 0.006 (R²=0.9997)
Schwartz Raw: V_eq = 5.093 mL, R² = 0.9994, k = 0.000, Zone = 40-73
Schwartz Opt: V_eq = 5.020 mL, R² = 0.9997, k = 0.113, Zone = 40-79
  Trimmed to 79 points → V_eq = 5.020 ± 0.006 (R²=0.9997)
Schwartz Raw: V_eq = 5.093 mL, R² = 0.9994, k = 0.000, Zone = 40-73
Schwartz Opt: V_eq = 5.021 mL, R² = 0.9997, k = 0.113, Zone = 40-78
  Trimmed to 78 points → V_eq = 5.021 ± 0.007 (R²=0.9997)
Schwartz Raw: V_eq = 5.099 mL, R² = 0.9994, k = 0.000, Zone = 40-72
Schwartz Opt: V_eq = 5.026 mL, R² = 0.9996, k = 0.103, Zone = 40-77
  Trimmed to 77 points → V_eq = 5.026 ± 0.007 (R²=0.9996)
Schwartz Raw: V_eq = 5.099 mL, R² = 0.9994, k = 0.000, Zone = 40-72
Schwartz Opt: V_eq = 5.031 mL, R² = 0.9996, k = 0.103, Zone = 38-75
  Trimmed to 76 points → V_eq = 5.031 ± 0.007 (R²=0.9996)
Schwartz Raw: V_eq = 5.195 mL, R² = 0.9994, k = 0.000, Zone = 27-58
Schwartz Opt: V_eq = 5.092 mL, R² = 0.9997, k = 0.052, Zone = 23-58
  Trimmed to 75 points → V_eq = 5.092 ± 0.009 (R²=0.9997)
Schwartz Raw: V_eq = 5.195 mL, R² = 0.9994, k = 0.000, Zone = 27-58
Schwartz Opt: V_eq = 5.096 mL, R² = 0.9997, k = 0.052, Zone = 23-57
  Trimmed to 74 points → V_eq = 5.096 ± 0.010 (R²=0.9997)
Schwartz Raw: V_eq = 5.204 mL, R² = 0.9995, k = 0.000, Zone = 27-57
Schwartz Opt: V_eq = 5.112 mL, R² = 0.9997, k = 0.046, Zone = 23-57
  Trimmed to 73 points → V_eq = 5.112 ± 0.010 (R²=0.9997)
Schwartz Raw: V_eq = 5.204 mL, R² = 0.9995, k = 0.000, Zone = 27-57
Schwartz Opt: V_eq = 5.111 mL, R² = 0.9996, k = 0.046, Zone = 24-57
  Trimmed to 72 points → V_eq = 5.111 ± 0.011 (R²=0.9996)
Schwartz Raw: V_eq = 5.197 mL, R² = 0.9995, k = 0.000, Zone = 28-57
Schwartz Opt: V_eq = 5.113 mL, R² = 0.9996, k = 0.041, Zone = 26-58
  Trimmed to 71 points → V_eq = 5.113 ± 0.011 (R²=0.9996)
Schwartz Raw: V_eq = 5.197 mL, R² = 0.9995, k = 0.000, Zone = 28-57
Schwartz Opt: V_eq = 5.107 mL, R² = 0.9996, k = 0.041, Zone = 27-58
  Trimmed to 70 points → V_eq = 5.107 ± 0.011 (R²=0.9996)
Schwartz Raw: V_eq = 5.193 mL, R² = 0.9994, k = 0.000, Zone = 29-57
Schwartz Opt: V_eq = 5.107 mL, R² = 0.9996, k = 0.041, Zone = 27-58
  Trimmed to 69 points → V_eq = 5.107 ± 0.011 (R²=0.9996)
Schwartz Raw: V_eq = 5.193 mL, R² = 0.9994, k = 0.000, Zone = 29-57
Schwartz Opt: V_eq = 5.112 mL, R² = 0.9996, k = 0.041, Zone = 27-57
  Trimmed to 68 points → V_eq = 5.112 ± 0.011 (R²=0.9996)
Schwartz Raw: V_eq = 5.197 mL, R² = 0.9994, k = 0.000, Zone = 30-57
Schwartz Opt: V_eq = 5.056 mL, R² = 0.9996, k = 0.066, Zone = 27-58
  Trimmed to 67 points → V_eq = 5.056 ± 0.011 (R²=0.9996)
Schwartz Raw: V_eq = 5.197 mL, R² = 0.9994, k = 0.000, Zone = 30-57
Schwartz Opt: V_eq = 5.056 mL, R² = 0.9996, k = 0.066, Zone = 27-58
  Trimmed to 66 points → V_eq = 5.056 ± 0.011 (R²=0.9996)
Schwartz Raw: V_eq = 5.172 mL, R² = 0.9995, k = 0.000, Zone = 32-58
Schwartz Opt: V_eq = 5.066 mL, R² = 0.9996, k = 0.062, Zone = 27-57
  Trimmed to 65 points → V_eq = 5.066 ± 0.011 (R²=0.9996)
Schwartz Raw: V_eq = 5.172 mL, R² = 0.9995, k = 0.000, Zone = 32-58
Schwartz Opt: V_eq = 5.064 mL, R² = 0.9995, k = 0.062, Zone = 27-56
  Trimmed to 64 points → V_eq = 5.064 ± 0.012 (R²=0.9995)
Schwartz Raw: V_eq = 5.182 mL, R² = 0.9995, k = 0.000, Zone = 32-57
Schwartz Opt: V_eq = 5.092 mL, R² = 0.9996, k = 0.049, Zone = 28-57
  Trimmed to 63 points → V_eq = 5.092 ± 0.012 (R²=0.9996)
Schwartz Raw: V_eq = 5.182 mL, R² = 0.9995, k = 0.000, Zone = 32-57
Schwartz Opt: V_eq = 5.096 mL, R² = 0.9996, k = 0.049, Zone = 30-58
  Trimmed to 62 points → V_eq = 5.096 ± 0.012 (R²=0.9996)
Schwartz Raw: V_eq = 5.183 mL, R² = 0.9995, k = 0.000, Zone = 33-57
Schwartz Opt: V_eq = 5.058 mL, R² = 0.9996, k = 0.071, Zone = 30-58
  Trimmed to 61 points → V_eq = 5.058 ± 0.011 (R²=0.9996)
Schwartz Raw: V_eq = 5.183 mL, R² = 0.9995, k = 0.000, Zone = 33-57
Schwartz Opt: V_eq = 5.058 mL, R² = 0.9996, k = 0.071, Zone = 30-58
  Trimmed to 60 points → V_eq = 5.058 ± 0.011 (R²=0.9996)
Schwartz Raw: V_eq = 5.181 mL, R² = 0.9994, k = 0.000, Zone = 34-57
Schwartz Opt: V_eq = 5.039 mL, R² = 0.9996, k = 0.086, Zone = 31-59
  Trimmed to 59 points → V_eq = 5.039 ± 0.011 (R²=0.9996)
Schwartz Raw: V_eq = 5.173 mL, R² = 0.9994, k = 0.000, Zone = 35-58
Schwartz Opt: V_eq = 5.057 mL, R² = 0.9996, k = 0.074, Zone = 30-57
  Trimmed to 58 points → V_eq = 5.057 ± 0.012 (R²=0.9996)
Schwartz Raw: V_eq = 5.183 mL, R² = 0.9994, k = 0.000, Zone = 34-56
Schwartz Opt: V_eq = 5.014 mL, R² = 0.9995, k = 0.097, Zone = 30-57
  Trimmed to 57 points → V_eq = 5.014 ± 0.013 (R²=0.9995)
Schwartz Raw: V_eq = 5.187 mL, R² = 0.9994, k = 0.000, Zone = 33-55
Schwartz Opt: V_eq = 5.002 mL, R² = 0.9994, k = 0.088, Zone = 25-52
  Trimmed to 56 points → V_eq = 5.002 ± 0.015 (R²=0.9994)
Schwartz Raw: V_eq = 5.196 mL, R² = 0.9993, k = 0.000, Zone = 32-53
Schwartz Opt: V_eq = 5.091 mL, R² = 0.9994, k = 0.053, Zone = 30-55
  Trimmed to 55 points → V_eq = 5.091 ± 0.016 (R²=0.9994)
Schwartz Raw: V_eq = 5.196 mL, R² = 0.9993, k = 0.000, Zone = 32-53
Schwartz Opt: V_eq = 5.096 mL, R² = 0.9993, k = 0.053, Zone = 30-54
  Trimmed to 54 points → V_eq = 5.096 ± 0.017 (R²=0.9993)
Schwartz Raw: V_eq = 5.199 mL, R² = 0.9992, k = 0.000, Zone = 32-52
Schwartz Opt: V_eq = 5.075 mL, R² = 0.9993, k = 0.056, Zone = 28-52
  Trimmed to 53 points → V_eq = 5.075 ± 0.018 (R²=0.9993)
Schwartz Raw: V_eq = 5.203 mL, R² = 0.9991, k = 0.000, Zone = 32-52
Schwartz Opt: V_eq = 5.063 mL, R² = 0.9992, k = 0.059, Zone = 27-50
  Trimmed to 52 points → V_eq = 5.063 ± 0.020 (R²=0.9992)
Schwartz Raw: V_eq = 5.205 mL, R² = 0.9990, k = 0.000, Zone = 32-51
Schwartz Opt: V_eq = 5.048 mL, R² = 0.9992, k = 0.065, Zone = 27-50
  Trimmed to 51 points → V_eq = 5.048 ± 0.020 (R²=0.9992)
Schwartz Raw: V_eq = 5.236 mL, R² = 0.9986, k = 0.000, Zone = 29-48
Schwartz Opt: V_eq = 5.169 mL, R² = 0.9989, k = 0.025, Zone = 27-48
  Trimmed to 50 points → V_eq = 5.169 ± 0.024 (R²=0.9989)
Schwartz Raw: V_eq = 5.253 mL, R² = 0.9986, k = 0.000, Zone = 30-48
Schwartz Opt: V_eq = 5.019 mL, R² = 0.9991, k = 0.079, Zone = 25-48
  Trimmed to 49 points → V_eq = 5.019 ± 0.020 (R²=0.9991)
Schwartz Raw: V_eq = 5.241 mL, R² = 0.9984, k = 0.000, Zone = 29-47
Schwartz Opt: V_eq = 5.173 mL, R² = 0.9986, k = 0.022, Zone = 28-47
  Trimmed to 48 points → V_eq = 5.173 ± 0.029 (R²=0.9986)
Schwartz Raw: V_eq = 5.246 mL, R² = 0.9981, k = 0.000, Zone = 29-46
Schwartz Opt: V_eq = 5.188 mL, R² = 0.9984, k = 0.019, Zone = 28-46
  Trimmed to 47 points → V_eq = 5.188 ± 0.032 (R²=0.9984)
Schwartz Raw: V_eq = 5.257 mL, R² = 0.9981, k = 0.000, Zone = 28-45
Schwartz Opt: V_eq = 5.198 mL, R² = 0.9983, k = 0.019, Zone = 27-45
  Trimmed to 46 points → V_eq = 5.198 ± 0.034 (R²=0.9983)
Schwartz Raw: V_eq = 5.246 mL, R² = 0.9978, k = 0.000, Zone = 28-44
Schwartz Opt: V_eq = 5.155 mL, R² = 0.9984, k = 0.042, Zone = 23-42
  Trimmed to 45 points → V_eq = 5.155 ± 0.033 (R²=0.9984)
Schwartz Raw: V_eq = 5.270 mL, R² = 0.9977, k = 0.000, Zone = 27-43
Schwartz Opt: V_eq = 5.030 mL, R² = 0.9985, k = 0.064, Zone = 21-40
  Trimmed to 44 points → V_eq = 5.030 ± 0.032 (R²=0.9985)
Schwartz Raw: V_eq = 5.282 mL, R² = 0.9973, k = 0.000, Zone = 27-42
Schwartz Opt: V_eq = 5.042 mL, R² = 0.9985, k = 0.062, Zone = 21-40
  Trimmed to 43 points → V_eq = 5.042 ± 0.032 (R²=0.9985)
Schwartz Raw: V_eq = 5.403 mL, R² = 0.9967, k = 0.000, Zone = 23-38
Schwartz Opt: V_eq = 4.777 mL, R² = 0.9985, k = 0.130, Zone = 22-42
  Trimmed to 42 points → V_eq = 4.777 ± 0.030 (R²=0.9985)
Schwartz Raw: V_eq = 5.245 mL, R² = 0.9963, k = 0.000, Zone = 27-41
Schwartz Opt: V_eq = 4.625 mL, R² = 0.9982, k = 0.157, Zone = 21-41
  Trimmed to 41 points → V_eq = 4.625 ± 0.031 (R²=0.9982)
Schwartz Raw: V_eq = 5.423 mL, R² = 0.9962, k = 0.000, Zone = 23-37
Schwartz Opt: V_eq = 4.638 mL, R² = 0.9985, k = 0.147, Zone = 21-40
  Trimmed to 40 points → V_eq = 4.638 ± 0.030 (R²=0.9985)
Schwartz Raw: V_eq = 5.472 mL, R² = 0.9960, k = 0.000, Zone = 23-36
Schwartz Opt: V_eq = 4.674 mL, R² = 0.9983, k = 0.138, Zone = 21-39
  Trimmed to 39 points → V_eq = 4.674 ± 0.033 (R²=0.9983)
Schwartz Raw: V_eq = 5.472 mL, R² = 0.9960, k = 0.000, Zone = 23-36
Schwartz Opt: V_eq = 4.545 mL, R² = 0.9944, k = 0.138, Zone = 18-37
  Trimmed to 38 points → V_eq = 4.545 ± 0.056 (R²=0.9944)
Schwartz Raw: V_eq = 5.462 mL, R² = 0.9950, k = 0.000, Zone = 24-36
Schwartz Opt: V_eq = 4.159 mL, R² = 0.9928, k = 0.210, Zone = 17-35
  Trimmed to 37 points → V_eq = 4.159 ± 0.059 (R²=0.9928)
Schwartz Raw: V_eq = 5.483 mL, R² = 0.9950, k = 0.000, Zone = 23-35
Schwartz Opt: V_eq = 4.315 mL, R² = 0.9934, k = 0.174, Zone = 17-35
  Trimmed to 36 points → V_eq = 4.315 ± 0.060 (R²=0.9934)
Schwartz Raw: V_eq = 5.483 mL, R² = 0.9937, k = 0.000, Zone = 23-34
Schwartz Opt: V_eq = 4.030 mL, R² = 0.9922, k = 0.234, Zone = 17-34
  Trimmed to 35 points → V_eq = 4.030 ± 0.061 (R²=0.9922)
Schwartz Raw: V_eq = 5.628 mL, R² = 0.9933, k = 0.000, Zone = 21-32
Schwartz Opt: V_eq = 4.343 mL, R² = 0.9930, k = 0.151, Zone = 16-33
  Trimmed to 34 points → V_eq = 4.343 ± 0.066 (R²=0.9930)
Schwartz Raw: V_eq = 5.813 mL, R² = 0.9953, k = 0.000, Zone = 21-30
Schwartz Opt: V_eq = 5.265 mL, R² = 0.9946, k = 0.038, Zone = 21-33
  Trimmed to 33 points → V_eq = 5.265 ± 0.092 (R²=0.9946)
Schwartz Raw: V_eq = 5.813 mL, R² = 0.9953, k = 0.000, Zone = 21-30
Schwartz Opt: V_eq = 5.230 mL, R² = 0.9933, k = 0.038, Zone = 21-32
  Trimmed to 32 points → V_eq = 5.230 ± 0.108 (R²=0.9933)
Schwartz Raw: V_eq = 5.813 mL, R² = 0.9953, k = 0.000, Zone = 21-30
Schwartz Opt: V_eq = 5.380 mL, R² = 0.9954, k = 0.038, Zone = 21-31
  Trimmed to 31 points → V_eq = 5.380 ± 0.099 (R²=0.9954)
Schwartz Raw: V_eq = 5.848 mL, R² = 0.9937, k = 0.000, Zone = 21-30
Schwartz Opt: V_eq = 5.615 mL, R² = 0.9937, k = 0.018, Zone = 21-30
  Trimmed to 30 points → V_eq = 5.615 ± 0.131 (R²=0.9937)
Schwartz Raw: V_eq = 5.705 mL, R² = 0.9948, k = 0.000, Zone = 21-29
Schwartz Opt: V_eq = 3.273 mL, R² = 0.9904, k = 0.092, Zone = 5-18
  Trimmed to 29 points → V_eq = 3.273 ± 0.077 (R²=0.9904)
Schwartz Raw: V_eq = 5.611 mL, R² = 0.9937, k = 0.000, Zone = 21-28
Schwartz Opt: V_eq = 3.414 mL, R² = 0.9885, k = 0.267, Zone = 14-28
  Trimmed to 28 points → V_eq = 3.414 ± 0.075 (R²=0.9885)
Schwartz Raw: V_eq = 5.962 mL, R² = 0.9934, k = 0.000, Zone = 13-19
Schwartz Opt: V_eq = nan mL, R² = 0.9936, k = 0.019, Zone = 13-19
  Trimmed to 27 points → V_eq = nan ± nan (R²=0.9936)
Schwartz Raw: V_eq = 5.962 mL, R² = 0.9934, k = 0.000, Zone = 13-19
Schwartz Opt: V_eq = nan mL, R² = 0.9936, k = 0.019, Zone = 13-19
  Trimmed to 26 points → V_eq = nan ± nan (R²=0.9936)
Schwartz Raw: V_eq = 5.962 mL, R² = 0.9934, k = 0.000, Zone = 13-19
Schwartz Opt: V_eq = nan mL, R² = 0.9936, k = 0.019, Zone = 13-19
  Trimmed to 25 points → V_eq = nan ± nan (R²=0.9936)
Schwartz Raw: V_eq = 5.962 mL, R² = 0.9934, k = 0.000, Zone = 13-19
Schwartz Opt: V_eq = nan mL, R² = 0.9936, k = 0.019, Zone = 13-19
  Trimmed to 24 points → V_eq = nan ± nan (R²=0.9936)
Schwartz Raw: V_eq = 5.719 mL, R² = 0.9970, k = 0.000, Zone = 13-18
Schwartz Opt: V_eq = 4.501 mL, R² = 0.9862, k = 0.039, Zone = 11-19
  Trimmed to 23 points → V_eq = 4.501 ± 0.168 (R²=0.9862)
Schwartz Raw: V_eq = 5.719 mL, R² = 0.9970, k = 0.000, Zone = 13-18
Schwartz Opt: V_eq = 4.537 mL, R² = 0.9980, k = 0.039, Zone = 13-18
  Trimmed to 22 points → V_eq = 4.537 ± 0.083 (R²=0.9980)
Schwartz Raw: V_eq = 5.907 mL, R² = 0.9976, k = 0.000, Zone = 13-17
Schwartz Opt: V_eq = 5.907 mL, R² = 0.9976, k = 0.000, Zone = 13-17
  Trimmed to 21 points → V_eq = 5.907 ± 0.147 (R²=0.9976)
Schwartz Raw: V_eq = 5.907 mL, R² = 0.9976, k = 0.000, Zone = 13-17
Schwartz Opt: V_eq = 5.907 mL, R² = 0.9976, k = 0.000, Zone = 13-17
  Trimmed to 20 points → V_eq = 5.907 ± 0.147 (R²=0.9976)
Schwartz Raw: V_eq = 5.907 mL, R² = 0.9976, k = 0.000, Zone = 13-17
Schwartz Opt: V_eq = 5.907 mL, R² = 0.9976, k = 0.000, Zone = 13-17
  Trimmed to 19 points → V_eq = 5.907 ± 0.147 (R²=0.9976)
Schwartz Raw: V_eq = 6.106 mL, R² = 1.0000, k = 0.000, Zone = 15-18
Schwartz Opt: V_eq = 6.106 mL, R² = 1.0000, k = 0.000, Zone = 15-18
  Trimmed to 18 points → V_eq = 6.106 ± 0.011 (R²=1.0000)
Schwartz Raw: V_eq = 6.225 mL, R² = 0.9998, k = 0.000, Zone = 14-17
Schwartz Opt: V_eq = 4.493 mL, R² = 0.9961, k = 0.037, Zone = 13-17
  Trimmed to 17 points → V_eq = 4.493 ± 0.167 (R²=0.9961)
Warning: Low R²=0.760 for zone (np.int64(10), np.int64(16)) (k=0.0)
Schwartz Raw: V_eq = 6.184 mL, R² = 0.7595, k = 0.000, Zone = 10-16
Schwartz Opt: V_eq = 1.692 mL, R² = 0.9873, k = 0.438, Zone = 8-16
  Trimmed to 16 points → V_eq = 1.692 ± 0.052 (R²=0.9873)
Warning: Low R²=0.582 for zone (np.int64(10), np.int64(15)) (k=0.0)
Schwartz Raw: V_eq = 5.901 mL, R² = 0.5823, k = 0.000, Zone = 10-15
Schwartz Opt: V_eq = 1.391 mL, R² = 0.9864, k = 0.780, Zone = 8-15
  Trimmed to 15 points → V_eq = 1.391 ± 0.044 (R²=0.9864)
Warning: Low R²=0.501 for zone (0, 13) (k=0.0)
Warning: Low R²=0.934 for zone (0, 13) (k=0.10977908179282685)
Schwartz Raw: V_eq = -0.128 mL, R² = 0.5009, k = 0.000, Zone = 0-13
Schwartz Opt: V_eq = nan mL, R² = 0.9338, k = 0.110, Zone = 0-13
  Trimmed to 14 points → V_eq = nan ± nan (R²=0.9338)
Warning: Low R²=0.536 for zone (0, 12) (k=0.0)
Warning: Low R²=0.934 for zone (0, 12) (k=0.11247385483894683)
Schwartz Raw: V_eq = -0.118 mL, R² = 0.5358, k = 0.000, Zone = 0-12
Schwartz Opt: V_eq = nan mL, R² = 0.9336, k = 0.112, Zone = 0-12
  Trimmed to 13 points → V_eq = nan ± nan (R²=0.9336)
Warning: Low R²=0.565 for zone (0, 11) (k=0.0)
Warning: Low R²=0.940 for zone (0, 11) (k=0.11534725269614142)
Schwartz Raw: V_eq = -0.104 mL, R² = 0.5649, k = 0.000, Zone = 0-11
Schwartz Opt: V_eq = nan mL, R² = 0.9405, k = 0.115, Zone = 0-11
  Trimmed to 12 points → V_eq = nan ± nan (R²=0.9405)
Warning: Low R²=0.600 for zone (0, 10) (k=0.0)
Warning: Low R²=0.944 for zone (0, 10) (k=0.11888869032564287)
Schwartz Raw: V_eq = -0.092 mL, R² = 0.5998, k = 0.000, Zone = 0-10
Schwartz Opt: V_eq = nan mL, R² = 0.9440, k = 0.119, Zone = 0-10
  Trimmed to 11 points → V_eq = nan ± nan (R²=0.9440)
Warning: Low R²=0.639 for zone (0, 9) (k=0.0)
Warning: Low R²=0.945 for zone (0, 9) (k=0.12330761256636957)
Schwartz Raw: V_eq = -0.080 mL, R² = 0.6395, k = 0.000, Zone = 0-9
Schwartz Opt: V_eq = nan mL, R² = 0.9452, k = 0.123, Zone = 0-9
  Trimmed to 10 points → V_eq = nan ± nan (R²=0.9452)
Warning: Low R²=0.674 for zone (0, 8) (k=0.0)
Schwartz Raw: V_eq = -0.066 mL, R² = 0.6739, k = 0.000, Zone = 0-8
Schwartz Opt: V_eq = nan mL, R² = 0.9534, k = 0.128, Zone = 0-8
  Trimmed to 9 points → V_eq = nan ± nan (R²=0.9534)
Warning: Low R²=0.718 for zone (0, 7) (k=0.0)
Schwartz Raw: V_eq = -0.054 mL, R² = 0.7177, k = 0.000, Zone = 0-7
Schwartz Opt: V_eq = nan mL, R² = 0.9558, k = 0.135, Zone = 0-7
  Trimmed to 8 points → V_eq = nan ± nan (R²=0.9558)
Warning: Low R²=0.762 for zone (0, 6) (k=0.0)
Schwartz Raw: V_eq = -0.042 mL, R² = 0.7620, k = 0.000, Zone = 0-6
Schwartz Opt: V_eq = nan mL, R² = 0.9600, k = 0.145, Zone = 0-6
  Trimmed to 7 points → V_eq = nan ± nan (R²=0.9600)
Warning: Low R²=0.801 for zone (0, 5) (k=0.0)
Schwartz Raw: V_eq = -0.030 mL, R² = 0.8006, k = 0.000, Zone = 0-5
Schwartz Opt: V_eq = nan mL, R² = 0.9727, k = 0.158, Zone = 0-5
  Trimmed to 6 points → V_eq = nan ± nan (R²=0.9727)
Warning: Low R²=0.853 for zone (0, 4) (k=0.0)
Schwartz Raw: V_eq = -0.019 mL, R² = 0.8528, k = 0.000, Zone = 0-4
Schwartz Opt: V_eq = 0.564 mL, R² = 0.9768, k = 0.182, Zone = 0-5
  Trimmed to 5 points → V_eq = 0.564 ± 0.042 (R²=0.9768)
Threshold volume applied: 4.5 mL (based on earliest 4.50 mL)
Development summary plot saved: output/development_convergence_volume.png
Mode 'method_development' complete.
