1
Warning: analyze_gran_original failed: index 0 is out of bounds for axis 0 with size 0—using fallback metrics.
Schwartz Raw: V_eq = nan mL, R² = 0.0000, k = 0.000, Zone = 0-0
Schwartz Opt: V_eq = nan mL, R² = 0.0000, k = 0.000, Zone = 0-0
Visualize error: x and y must have same first dimension, but have shapes (1,) and (0,)
2
Schwartz Raw: V_eq = nan mL, R² = 0.0000, k = 0.000, Zone = 0-1
Schwartz Opt: V_eq = nan mL, R² = 0.0000, k = 999997752.107, Zone = 0-1
Warning: No optimized Schwartz diagnostics available → skipping lower panel.
3
Schwartz Raw: V_eq = 0.000 mL, R² = 0.9993, k = 0.000, Zone = 0-2
Schwartz Opt: V_eq = 8.947 mL, R² = 1.0000, k = 0.066, Zone = 0-2
Warning: No optimized Schwartz diagnostics available → skipping lower panel.
4
Schwartz Raw: V_eq = 0.002 mL, R² = 0.9967, k = 0.000, Zone = 0-3
Schwartz Opt: V_eq = 6.219 mL, R² = 0.9999, k = 0.076, Zone = 0-3
Warning: No optimized Schwartz diagnostics available → skipping lower panel.
5
Schwartz Raw: V_eq = 0.005 mL, R² = 0.9917, k = 0.000, Zone = 0-4
Schwartz Opt: V_eq = 5.731 mL, R² = 0.9999, k = 0.079, Zone = 0-5
Visualize error: index 5 is out of bounds for axis 0 with size 5
6
Schwartz Raw: V_eq = 5.969 mL, R² = 0.9862, k = 0.000, Zone = 1-6
Schwartz Opt: V_eq = 2.150 mL, R² = 0.9937, k = 999948849.429, Zone = 0-6
Visualize error: index 6 is out of bounds for axis 0 with size 6
7
Schwartz Raw: V_eq = 5.629 mL, R² = 0.9968, k = 0.000, Zone = 2-5
Schwartz Opt: V_eq = 3.420 mL, R² = 0.9950, k = 999073635.280, Zone = 4-7
Visualize error: index 7 is out of bounds for axis 0 with size 7
8
Schwartz Raw: V_eq = 5.629 mL, R² = 0.9968, k = 0.000, Zone = 2-5
Schwartz Opt: V_eq = 2.199 mL, R² = 0.9842, k = 999073635.280, Zone = 0-8
Visualize error: index 8 is out of bounds for axis 0 with size 8
9
Schwartz Raw: V_eq = 5.235 mL, R² = 0.9881, k = 0.000, Zone = 2-6
Schwartz Opt: V_eq = 2.224 mL, R² = 0.9774, k = 999976840.483, Zone = 0-9
Visualize error: index 9 is out of bounds for axis 0 with size 9
10
Schwartz Raw: V_eq = 5.235 mL, R² = 0.9881, k = 0.000, Zone = 2-6
Schwartz Opt: V_eq = nan mL, R² = 0.9989, k = 999976840.483, Zone = 2-6
11
Schwartz Raw: V_eq = 4.567 mL, R² = 0.9889, k = 0.000, Zone = 7-11
Schwartz Opt: V_eq = nan mL, R² = 0.9950, k = 999833250.203, Zone = 7-11
Visualize error: index 11 is out of bounds for axis 0 with size 11
12
Warning: Low R²=0.948 for zone (np.int64(0), np.int64(12)) (k=999886877.286414)
Schwartz Raw: V_eq = 5.084 mL, R² = 0.9943, k = 0.000, Zone = 8-12
Schwartz Opt: V_eq = 2.298 mL, R² = 0.9481, k = 999886877.286, Zone = 0-12
Visualize error: index 12 is out of bounds for axis 0 with size 12
13
Warning: Low R²=0.935 for zone (np.int64(0), np.int64(13)) (k=999681632.6152967)
Schwartz Raw: V_eq = 5.142 mL, R² = 0.9966, k = 0.000, Zone = 8-13
Schwartz Opt: V_eq = 2.323 mL, R² = 0.9354, k = 999681632.615, Zone = 0-13
Visualize error: index 13 is out of bounds for axis 0 with size 13
14
Schwartz Raw: V_eq = 5.159 mL, R² = 0.9980, k = 0.000, Zone = 8-14
Schwartz Opt: V_eq = 4.243 mL, R² = 0.9949, k = 1.376, Zone = 2-9
Visualize error: index 14 is out of bounds for axis 0 with size 14
15
Schwartz Raw: V_eq = 5.105 mL, R² = 0.9982, k = 0.000, Zone = 8-15
Schwartz Opt: V_eq = 4.295 mL, R² = 0.9989, k = 1.911, Zone = 8-15
Visualize error: index 15 is out of bounds for axis 0 with size 15
16
Schwartz Raw: V_eq = 5.088 mL, R² = 0.9987, k = 0.000, Zone = 8-15
Schwartz Opt: V_eq = 4.490 mL, R² = 0.9992, k = 1.082, Zone = 8-16
Visualize error: index 16 is out of bounds for axis 0 with size 16
17
Schwartz Raw: V_eq = 5.148 mL, R² = 0.9978, k = 0.000, Zone = 8-16
Schwartz Opt: V_eq = 4.819 mL, R² = 0.9979, k = 0.420, Zone = 8-16
18
Schwartz Raw: V_eq = 5.148 mL, R² = 0.9978, k = 0.000, Zone = 8-16
Schwartz Opt: V_eq = 4.815 mL, R² = 0.9984, k = 0.420, Zone = 8-17
19
Schwartz Raw: V_eq = 5.128 mL, R² = 0.9982, k = 0.000, Zone = 8-17
Schwartz Opt: V_eq = 4.789 mL, R² = 0.9986, k = 0.507, Zone = 9-18
20
Schwartz Raw: V_eq = 5.128 mL, R² = 0.9982, k = 0.000, Zone = 8-17
Schwartz Opt: V_eq = 4.784 mL, R² = 0.9989, k = 0.507, Zone = 9-19
21
Schwartz Raw: V_eq = 5.120 mL, R² = 0.9986, k = 0.000, Zone = 8-18
Schwartz Opt: V_eq = 4.853 mL, R² = 0.9990, k = 0.390, Zone = 10-20
22
Schwartz Raw: V_eq = 5.074 mL, R² = 0.9988, k = 0.000, Zone = 11-21
Schwartz Opt: V_eq = 4.830 mL, R² = 0.9992, k = 0.460, Zone = 10-21
23
Schwartz Raw: V_eq = 5.102 mL, R² = 0.9988, k = 0.000, Zone = 8-19
Schwartz Opt: V_eq = 4.825 mL, R² = 0.9992, k = 0.471, Zone = 10-21
24
Schwartz Raw: V_eq = 5.102 mL, R² = 0.9988, k = 0.000, Zone = 8-19
Schwartz Opt: V_eq = 4.796 mL, R² = 0.9993, k = 0.471, Zone = 8-20
25
Schwartz Raw: V_eq = 5.095 mL, R² = 0.9990, k = 0.000, Zone = 9-21
Schwartz Opt: V_eq = 4.832 mL, R² = 0.9993, k = 0.397, Zone = 8-20
26
Schwartz Raw: V_eq = 5.095 mL, R² = 0.9990, k = 0.000, Zone = 9-21
Schwartz Opt: V_eq = 4.841 mL, R² = 0.9993, k = 0.397, Zone = 8-21
27
Schwartz Raw: V_eq = 5.096 mL, R² = 0.9992, k = 0.000, Zone = 8-21
Schwartz Opt: V_eq = 4.910 mL, R² = 0.9994, k = 0.269, Zone = 8-21
28
Schwartz Raw: V_eq = 5.096 mL, R² = 0.9992, k = 0.000, Zone = 8-21
Schwartz Opt: V_eq = 4.941 mL, R² = 0.9990, k = 0.269, Zone = 11-25
29
Schwartz Raw: V_eq = 5.121 mL, R² = 0.9989, k = 0.000, Zone = 8-22
Schwartz Opt: V_eq = 5.081 mL, R² = 0.9989, k = 0.051, Zone = 8-22
30
Schwartz Raw: V_eq = 5.121 mL, R² = 0.9989, k = 0.000, Zone = 8-22
Schwartz Opt: V_eq = 5.081 mL, R² = 0.9989, k = 0.051, Zone = 8-22
31
Schwartz Raw: V_eq = 5.087 mL, R² = 0.9990, k = 0.000, Zone = 11-26
Schwartz Opt: V_eq = 4.999 mL, R² = 0.9991, k = 0.166, Zone = 12-27
32
Schwartz Raw: V_eq = 5.035 mL, R² = 0.9991, k = 0.000, Zone = 16-31
Schwartz Opt: V_eq = 4.922 mL, R² = 0.9993, k = 0.367, Zone = 14-30
33
Schwartz Raw: V_eq = 5.031 mL, R² = 0.9992, k = 0.000, Zone = 16-32
Schwartz Opt: V_eq = 4.937 mL, R² = 0.9994, k = 0.342, Zone = 17-33
Visualize error: index 33 is out of bounds for axis 0 with size 33
34
Schwartz Raw: V_eq = 5.035 mL, R² = 0.9993, k = 0.000, Zone = 17-33
Schwartz Opt: V_eq = 4.891 mL, R² = 0.9995, k = 0.565, Zone = 17-34
Visualize error: index 34 is out of bounds for axis 0 with size 34
35
Schwartz Raw: V_eq = 5.040 mL, R² = 0.9993, k = 0.000, Zone = 17-34
Schwartz Opt: V_eq = 4.944 mL, R² = 0.9995, k = 0.356, Zone = 17-34
36
Schwartz Raw: V_eq = 5.040 mL, R² = 0.9993, k = 0.000, Zone = 17-34
Schwartz Opt: V_eq = 4.928 mL, R² = 0.9995, k = 0.356, Zone = 14-32
37
Schwartz Raw: V_eq = 5.035 mL, R² = 0.9994, k = 0.000, Zone = 16-34
Schwartz Opt: V_eq = 4.987 mL, R² = 0.9994, k = 0.150, Zone = 15-33
38
Schwartz Raw: V_eq = 5.035 mL, R² = 0.9994, k = 0.000, Zone = 16-34
Schwartz Opt: V_eq = 5.004 mL, R² = 0.9995, k = 0.150, Zone = 8-27
39
Schwartz Raw: V_eq = 5.051 mL, R² = 0.9994, k = 0.000, Zone = 17-36
Schwartz Opt: V_eq = 5.044 mL, R² = 0.9995, k = 0.079, Zone = 8-27
40
Schwartz Raw: V_eq = 5.051 mL, R² = 0.9994, k = 0.000, Zone = 17-36
Schwartz Opt: V_eq = 5.040 mL, R² = 0.9995, k = 0.079, Zone = 8-28
41
Schwartz Raw: V_eq = 5.031 mL, R² = 0.9995, k = 0.000, Zone = 20-40
Schwartz Opt: V_eq = 5.032 mL, R² = 0.9995, k = 0.092, Zone = 8-28
42
Schwartz Raw: V_eq = 5.029 mL, R² = 0.9995, k = 0.000, Zone = 21-41
Schwartz Opt: V_eq = 5.029 mL, R² = 0.9995, k = 0.000, Zone = 21-41
43
Schwartz Raw: V_eq = 5.027 mL, R² = 0.9996, k = 0.000, Zone = 21-42
Schwartz Opt: V_eq = 5.026 mL, R² = 0.9996, k = 0.006, Zone = 21-42
44
Schwartz Raw: V_eq = 5.033 mL, R² = 0.9997, k = 0.000, Zone = 23-44
Schwartz Opt: V_eq = 4.993 mL, R² = 0.9997, k = 0.143, Zone = 11-33
Visualize error: index 44 is out of bounds for axis 0 with size 44
45
Schwartz Raw: V_eq = 5.028 mL, R² = 0.9997, k = 0.000, Zone = 23-45
Schwartz Opt: V_eq = 4.997 mL, R² = 0.9997, k = 0.232, Zone = 23-45
Visualize error: index 45 is out of bounds for axis 0 with size 45
46
Schwartz Raw: V_eq = 5.023 mL, R² = 0.9996, k = 0.000, Zone = 23-45
Schwartz Opt: V_eq = 4.983 mL, R² = 0.9997, k = 0.327, Zone = 23-46
Visualize error: index 46 is out of bounds for axis 0 with size 46
47
Schwartz Raw: V_eq = 5.025 mL, R² = 0.9997, k = 0.000, Zone = 23-46
Schwartz Opt: V_eq = 4.998 mL, R² = 0.9997, k = 0.227, Zone = 23-46
48
Schwartz Raw: V_eq = 5.022 mL, R² = 0.9997, k = 0.000, Zone = 24-47
Schwartz Opt: V_eq = 5.004 mL, R² = 0.9997, k = 0.178, Zone = 23-47
49
Schwartz Raw: V_eq = 5.020 mL, R² = 0.9997, k = 0.000, Zone = 24-48
Schwartz Opt: V_eq = 5.000 mL, R² = 0.9997, k = 0.209, Zone = 23-47
50
Schwartz Raw: V_eq = 5.019 mL, R² = 0.9997, k = 0.000, Zone = 25-49
Schwartz Opt: V_eq = 4.999 mL, R² = 0.9998, k = 0.209, Zone = 24-49
51
Schwartz Raw: V_eq = 5.019 mL, R² = 0.9997, k = 0.000, Zone = 24-49
Schwartz Opt: V_eq = 5.001 mL, R² = 0.9998, k = 0.190, Zone = 25-50
52
Schwartz Raw: V_eq = 5.019 mL, R² = 0.9997, k = 0.000, Zone = 24-49
Schwartz Opt: V_eq = 5.001 mL, R² = 0.9998, k = 0.190, Zone = 25-51
53
Schwartz Raw: V_eq = 5.018 mL, R² = 0.9998, k = 0.000, Zone = 24-50
Schwartz Opt: V_eq = 5.001 mL, R² = 0.9998, k = 0.191, Zone = 25-51
54
Schwartz Raw: V_eq = 5.018 mL, R² = 0.9998, k = 0.000, Zone = 24-50
Schwartz Opt: V_eq = 5.001 mL, R² = 0.9998, k = 0.191, Zone = 24-51
55
Schwartz Raw: V_eq = 5.017 mL, R² = 0.9998, k = 0.000, Zone = 24-51
Schwartz Opt: V_eq = 5.002 mL, R² = 0.9998, k = 0.189, Zone = 27-54
56
Schwartz Raw: V_eq = 5.017 mL, R² = 0.9998, k = 0.000, Zone = 24-51
Schwartz Opt: V_eq = 5.002 mL, R² = 0.9998, k = 0.189, Zone = 27-55
57
Schwartz Raw: V_eq = 5.014 mL, R² = 0.9998, k = 0.000, Zone = 25-53
Schwartz Opt: V_eq = 5.001 mL, R² = 0.9998, k = 0.204, Zone = 27-55
58
Schwartz Raw: V_eq = 5.011 mL, R² = 0.9998, k = 0.000, Zone = 29-57
Schwartz Opt: V_eq = 5.000 mL, R² = 0.9999, k = 0.258, Zone = 27-56
59
Schwartz Raw: V_eq = 5.010 mL, R² = 0.9998, k = 0.000, Zone = 29-58
Schwartz Opt: V_eq = 5.000 mL, R² = 0.9999, k = 0.249, Zone = 27-56
60
Schwartz Raw: V_eq = 5.008 mL, R² = 0.9998, k = 0.000, Zone = 31-60
Schwartz Opt: V_eq = 5.005 mL, R² = 0.9999, k = 0.156, Zone = 29-59
Visualize error: index 60 is out of bounds for axis 0 with size 60
61
Schwartz Raw: V_eq = 5.008 mL, R² = 0.9999, k = 0.000, Zone = 31-61
Schwartz Opt: V_eq = 5.005 mL, R² = 0.9999, k = 0.132, Zone = 30-60
Visualize error: index 61 is out of bounds for axis 0 with size 61
62
Schwartz Raw: V_eq = 5.009 mL, R² = 0.9999, k = 0.000, Zone = 31-61
Schwartz Opt: V_eq = 5.008 mL, R² = 0.9999, k = 0.084, Zone = 30-61
63
Schwartz Raw: V_eq = 5.010 mL, R² = 0.9999, k = 0.000, Zone = 30-61
Schwartz Opt: V_eq = 5.006 mL, R² = 0.9999, k = 0.139, Zone = 28-59
64
Schwartz Raw: V_eq = 5.010 mL, R² = 0.9999, k = 0.000, Zone = 30-61
Schwartz Opt: V_eq = 5.005 mL, R² = 0.9999, k = 0.139, Zone = 27-59
65
Schwartz Raw: V_eq = 5.010 mL, R² = 0.9999, k = 0.000, Zone = 29-61
Schwartz Opt: V_eq = 5.004 mL, R² = 0.9999, k = 0.167, Zone = 27-59
66
Schwartz Raw: V_eq = 5.010 mL, R² = 0.9999, k = 0.000, Zone = 29-61
Schwartz Opt: V_eq = 5.005 mL, R² = 0.9999, k = 0.167, Zone = 27-60
67
Schwartz Raw: V_eq = 5.010 mL, R² = 0.9999, k = 0.000, Zone = 26-59
Schwartz Opt: V_eq = 5.005 mL, R² = 0.9999, k = 0.162, Zone = 27-60
68
Schwartz Raw: V_eq = 5.010 mL, R² = 0.9999, k = 0.000, Zone = 26-59
Schwartz Opt: V_eq = 5.004 mL, R² = 0.9999, k = 0.162, Zone = 25-59
69
Schwartz Raw: V_eq = 5.010 mL, R² = 0.9999, k = 0.000, Zone = 26-60
Schwartz Opt: V_eq = 5.005 mL, R² = 0.9999, k = 0.150, Zone = 25-59
70
Schwartz Raw: V_eq = 5.010 mL, R² = 0.9999, k = 0.000, Zone = 26-60
Schwartz Opt: V_eq = 5.004 mL, R² = 0.9999, k = 0.150, Zone = 24-59
71
Schwartz Raw: V_eq = 5.011 mL, R² = 0.9999, k = 0.000, Zone = 26-61
Schwartz Opt: V_eq = 5.006 mL, R² = 0.9999, k = 0.122, Zone = 24-59
72
Schwartz Raw: V_eq = 5.011 mL, R² = 0.9999, k = 0.000, Zone = 26-61
Schwartz Opt: V_eq = 5.006 mL, R² = 0.9999, k = 0.122, Zone = 24-60
