Found 7 triplets
Processing triplet 1 → columns 1,2
Loaded './results/weak_acid/1/data.dat': 41 rows, 2 columns (volume, potential).
   volume  potential
0   0.000      182.1
1   0.020      181.6
2   0.040      180.9
3   0.090      178.7
4   0.215      172.9
Validation passed: 41 monotonic points in valid range.
Final config: {'V': 25.0, 'C_B': 0.1, 'titration_type': 'weak_acid', 'r2_threshold': 0.95}
Preprocessing complete: Arrays extracted and params merged.
Gran and Schwartz (weak_acid) computed successfully.
DEBUG: Entering analyze_gran_original...
DEBUG: df shape: (41, 2), params keys: ['volume_array', 'potential_array', 'V', 'C_B', 'titration_type', 'r2_threshold']
DEBUG: Step - Compute Gran functions...
Gran and Schwartz (weak_acid) computed successfully.
DEBUG: params['volume'] shape: (41,)
DEBUG: Gran extract OK, g1 shape: {g1.shape}
DEBUG: Step - Identify initial interval...
DEBUG: Interval ID OK, start=15, end=30
DEBUG: Step - Raw Zone fit...
DEBUG: get_metrics returning fit = (np.float64(-1.0546198909006272e-05), np.float64(4.319267571376051e-05)) for zone (np.int64(15), np.int64(30))
DEBUG: Step - Opt k5...
DEBUG: Opt k5 OK, best_k5=0.390
DEBUG: Step - Recompute gs_opt...
DEBUG: gs_opt shape: (41,)
DEBUG: Step - Re-detect opt zone...
DEBUG: Opt re-detect OK, start=12, end=27
DEBUG: Step - Opt fit...
DEBUG: get_metrics returning fit = (np.float64(-1.2176456201764765e-05), np.float64(4.975097649566899e-05)) for zone (np.int64(12), np.int64(27))
DEBUG: Step - Fallback check...
DEBUG: No fallback needed
DEBUG: Step - Build results...
DEBUG: Results built OK
=== ANALYZER ORIGINAL RESULTS ===
Raw Zone: V_eq = 4.096 mL, R² = 0.9995, k5 = 0.0, Zone = 15-30, Points = 15
Opt Zone: V_eq = 4.086 mL, R² = 0.9999, k5 = 0.390, Zone = 12-27, Points = 15
g1 shape: (41,), g1_opt shape: (41,)
Interval R² (legacy): 0.9995
=== END ANALYZER ORIGINAL ===
=== ANALYZER NESTED RESULTS ===
Gran Raw: V_eq = 4.096 mL, R² = 0.9995, k5 = 0.000, Zone = 15-30
Gran Opt: V_eq = 4.086 mL, R² = 0.9999, k5 = 0.390, Zone = 12-27
Schwartz Raw: V_eq = 4.096 mL, R² = 0.9995, k5 = 0.000, Zone = 15-30
Schwartz Opt: V_eq = 4.086 mL, R² = 0.9999, k5 = 0.390, Zone = 12-27
pH shape: (41,)
=== END ANALYZER NESTED ===
Titration curve saved to results/weak_acid/1/titration_curve.png
DEBUG: raw_fit = (np.float64(-1.0546198909006272e-05), np.float64(4.319267571376051e-05)), raw_r2 = 0.9995
DEBUG: opt_fit = (np.float64(-1.2176456201764765e-05), np.float64(4.975097649566899e-05)), opt_r2 = 0.9999, k5 = 0.3897
Gran/Schwartz combined plot saved to results/weak_acid/1/gran_schwartz.png
All visualizations saved to results/weak_acid/1
Saved CSV report to results/weak_acid/1/report.csv
Saved PDF report with embeds to results/weak_acid/1/report.pdf
Pipeline complete. Outputs in results/weak_acid/1
Processing triplet 2 → columns 4,5
Loaded './results/weak_acid/2/data.dat': 41 rows, 2 columns (volume, potential).
   volume  potential
0   0.000      183.2
1   0.020      182.6
2   0.040      181.8
3   0.090      179.5
4   0.215      174.4
Validation passed: 41 monotonic points in valid range.
Final config: {'V': 25.0, 'C_B': 0.1, 'titration_type': 'weak_acid', 'r2_threshold': 0.95}
Preprocessing complete: Arrays extracted and params merged.
Gran and Schwartz (weak_acid) computed successfully.
DEBUG: Entering analyze_gran_original...
DEBUG: df shape: (41, 2), params keys: ['volume_array', 'potential_array', 'V', 'C_B', 'titration_type', 'r2_threshold']
DEBUG: Step - Compute Gran functions...
Gran and Schwartz (weak_acid) computed successfully.
DEBUG: params['volume'] shape: (41,)
DEBUG: Gran extract OK, g1 shape: {g1.shape}
DEBUG: Step - Identify initial interval...
DEBUG: Interval ID OK, start=17, end=32
DEBUG: Step - Raw Zone fit...
DEBUG: get_metrics returning fit = (np.float64(-1.0767934702473072e-05), np.float64(4.651990173130533e-05)) for zone (np.int64(17), np.int64(32))
DEBUG: Step - Opt k5...
DEBUG: Opt k5 OK, best_k5=0.490
DEBUG: Step - Recompute gs_opt...
DEBUG: gs_opt shape: (41,)
DEBUG: Step - Re-detect opt zone...
DEBUG: Opt re-detect OK, start=16, end=31
DEBUG: Step - Opt fit...
DEBUG: get_metrics returning fit = (np.float64(-1.2585146814950178e-05), np.float64(5.426937140957591e-05)) for zone (np.int64(16), np.int64(31))
DEBUG: Step - Fallback check...
DEBUG: No fallback needed
DEBUG: Step - Build results...
DEBUG: Results built OK
=== ANALYZER ORIGINAL RESULTS ===
Raw Zone: V_eq = 4.320 mL, R² = 0.9997, k5 = 0.0, Zone = 17-32, Points = 15
Opt Zone: V_eq = 4.312 mL, R² = 0.9999, k5 = 0.490, Zone = 16-31, Points = 15
g1 shape: (41,), g1_opt shape: (41,)
Interval R² (legacy): 0.9997
=== END ANALYZER ORIGINAL ===
=== ANALYZER NESTED RESULTS ===
Gran Raw: V_eq = 4.320 mL, R² = 0.9997, k5 = 0.000, Zone = 17-32
Gran Opt: V_eq = 4.312 mL, R² = 0.9999, k5 = 0.490, Zone = 16-31
Schwartz Raw: V_eq = 4.320 mL, R² = 0.9997, k5 = 0.000, Zone = 17-32
Schwartz Opt: V_eq = 4.312 mL, R² = 0.9999, k5 = 0.490, Zone = 16-31
pH shape: (41,)
=== END ANALYZER NESTED ===
Titration curve saved to results/weak_acid/2/titration_curve.png
DEBUG: raw_fit = (np.float64(-1.0767934702473072e-05), np.float64(4.651990173130533e-05)), raw_r2 = 0.9997
DEBUG: opt_fit = (np.float64(-1.2585146814950178e-05), np.float64(5.426937140957591e-05)), opt_r2 = 0.9999, k5 = 0.49
Gran/Schwartz combined plot saved to results/weak_acid/2/gran_schwartz.png
All visualizations saved to results/weak_acid/2
Saved CSV report to results/weak_acid/2/report.csv
Saved PDF report with embeds to results/weak_acid/2/report.pdf
Pipeline complete. Outputs in results/weak_acid/2
Processing triplet 3 → columns 7,8
Loaded './results/weak_acid/3/data.dat': 40 rows, 2 columns (volume, potential).
   volume  potential
0   0.000      183.1
1   0.020      182.5
2   0.040      181.6
3   0.090      179.4
4   0.215      173.8
Validation passed: 40 monotonic points in valid range.
Final config: {'V': 25.0, 'C_B': 0.1, 'titration_type': 'weak_acid', 'r2_threshold': 0.95}
Preprocessing complete: Arrays extracted and params merged.
Gran and Schwartz (weak_acid) computed successfully.
DEBUG: Entering analyze_gran_original...
DEBUG: df shape: (40, 2), params keys: ['volume_array', 'potential_array', 'V', 'C_B', 'titration_type', 'r2_threshold']
DEBUG: Step - Compute Gran functions...
Gran and Schwartz (weak_acid) computed successfully.
DEBUG: params['volume'] shape: (40,)
DEBUG: Gran extract OK, g1 shape: {g1.shape}
DEBUG: Step - Identify initial interval...
DEBUG: Interval ID OK, start=16, end=31
DEBUG: Step - Raw Zone fit...
DEBUG: get_metrics returning fit = (np.float64(-1.0843744675711207e-05), np.float64(4.4880630243849524e-05)) for zone (np.int64(16), np.int64(31))
DEBUG: Step - Opt k5...
DEBUG: Opt k5 OK, best_k5=0.261
DEBUG: Step - Recompute gs_opt...
DEBUG: gs_opt shape: (40,)
DEBUG: Step - Re-detect opt zone...
DEBUG: Opt re-detect OK, start=15, end=30
DEBUG: Step - Opt fit...
DEBUG: get_metrics returning fit = (np.float64(-1.1855709873117829e-05), np.float64(4.9015840413077865e-05)) for zone (np.int64(15), np.int64(30))
DEBUG: Step - Fallback check...
DEBUG: No fallback needed
DEBUG: Step - Build results...
DEBUG: Results built OK
=== ANALYZER ORIGINAL RESULTS ===
Raw Zone: V_eq = 4.139 mL, R² = 0.9998, k5 = 0.0, Zone = 16-31, Points = 15
Opt Zone: V_eq = 4.134 mL, R² = 0.9999, k5 = 0.261, Zone = 15-30, Points = 15
g1 shape: (40,), g1_opt shape: (40,)
Interval R² (legacy): 0.9998
=== END ANALYZER ORIGINAL ===
=== ANALYZER NESTED RESULTS ===
Gran Raw: V_eq = 4.139 mL, R² = 0.9998, k5 = 0.000, Zone = 16-31
Gran Opt: V_eq = 4.134 mL, R² = 0.9999, k5 = 0.261, Zone = 15-30
Schwartz Raw: V_eq = 4.139 mL, R² = 0.9998, k5 = 0.000, Zone = 16-31
Schwartz Opt: V_eq = 4.134 mL, R² = 0.9999, k5 = 0.261, Zone = 15-30
pH shape: (40,)
=== END ANALYZER NESTED ===
Titration curve saved to results/weak_acid/3/titration_curve.png
DEBUG: raw_fit = (np.float64(-1.0843744675711207e-05), np.float64(4.4880630243849524e-05)), raw_r2 = 0.9998
DEBUG: opt_fit = (np.float64(-1.1855709873117829e-05), np.float64(4.9015840413077865e-05)), opt_r2 = 0.9999, k5 = 0.2606
Gran/Schwartz combined plot saved to results/weak_acid/3/gran_schwartz.png
All visualizations saved to results/weak_acid/3
Saved CSV report to results/weak_acid/3/report.csv
Saved PDF report with embeds to results/weak_acid/3/report.pdf
Pipeline complete. Outputs in results/weak_acid/3
Processing triplet 4 → columns 10,11
Loaded './results/weak_acid/4/data.dat': 40 rows, 2 columns (volume, potential).
   volume  potential
0   0.000      182.7
1   0.020      182.2
2   0.040      181.3
3   0.090      178.8
4   0.215      173.4
Validation passed: 40 monotonic points in valid range.
Final config: {'V': 25.0, 'C_B': 0.1, 'titration_type': 'weak_acid', 'r2_threshold': 0.95}
Preprocessing complete: Arrays extracted and params merged.
Gran and Schwartz (weak_acid) computed successfully.
DEBUG: Entering analyze_gran_original...
DEBUG: df shape: (40, 2), params keys: ['volume_array', 'potential_array', 'V', 'C_B', 'titration_type', 'r2_threshold']
DEBUG: Step - Compute Gran functions...
Gran and Schwartz (weak_acid) computed successfully.
DEBUG: params['volume'] shape: (40,)
DEBUG: Gran extract OK, g1 shape: {g1.shape}
DEBUG: Step - Identify initial interval...
DEBUG: Interval ID OK, start=16, end=31
DEBUG: Step - Raw Zone fit...
DEBUG: get_metrics returning fit = (np.float64(-1.0756755324542658e-05), np.float64(4.4690503228297975e-05)) for zone (np.int64(16), np.int64(31))
DEBUG: Step - Opt k5...
DEBUG: Opt k5 OK, best_k5=0.365
DEBUG: Step - Recompute gs_opt...
DEBUG: gs_opt shape: (40,)
DEBUG: Step - Re-detect opt zone...
DEBUG: Opt re-detect OK, start=12, end=27
DEBUG: Step - Opt fit...
DEBUG: get_metrics returning fit = (np.float64(-1.2103753913142225e-05), np.float64(5.022951725663104e-05)) for zone (np.int64(12), np.int64(27))
DEBUG: Step - Fallback check...
DEBUG: No fallback needed
DEBUG: Step - Build results...
DEBUG: Results built OK
=== ANALYZER ORIGINAL RESULTS ===
Raw Zone: V_eq = 4.155 mL, R² = 0.9996, k5 = 0.0, Zone = 16-31, Points = 15
Opt Zone: V_eq = 4.150 mL, R² = 0.9999, k5 = 0.365, Zone = 12-27, Points = 15
g1 shape: (40,), g1_opt shape: (40,)
Interval R² (legacy): 0.9996
=== END ANALYZER ORIGINAL ===
=== ANALYZER NESTED RESULTS ===
Gran Raw: V_eq = 4.155 mL, R² = 0.9996, k5 = 0.000, Zone = 16-31
Gran Opt: V_eq = 4.150 mL, R² = 0.9999, k5 = 0.365, Zone = 12-27
Schwartz Raw: V_eq = 4.155 mL, R² = 0.9996, k5 = 0.000, Zone = 16-31
Schwartz Opt: V_eq = 4.150 mL, R² = 0.9999, k5 = 0.365, Zone = 12-27
pH shape: (40,)
=== END ANALYZER NESTED ===
Titration curve saved to results/weak_acid/4/titration_curve.png
DEBUG: raw_fit = (np.float64(-1.0756755324542658e-05), np.float64(4.4690503228297975e-05)), raw_r2 = 0.9996
DEBUG: opt_fit = (np.float64(-1.2103753913142225e-05), np.float64(5.022951725663104e-05)), opt_r2 = 0.9999, k5 = 0.3652
Gran/Schwartz combined plot saved to results/weak_acid/4/gran_schwartz.png
All visualizations saved to results/weak_acid/4
Saved CSV report to results/weak_acid/4/report.csv
Saved PDF report with embeds to results/weak_acid/4/report.pdf
Pipeline complete. Outputs in results/weak_acid/4
Processing triplet 5 → columns 13,14
Loaded './results/weak_acid/5/data.dat': 41 rows, 2 columns (volume, potential).
   volume  potential
0   0.000      182.7
1   0.020      181.9
2   0.040      181.0
3   0.090      178.9
4   0.215      173.2
Validation passed: 41 monotonic points in valid range.
Final config: {'V': 25.0, 'C_B': 0.1, 'titration_type': 'weak_acid', 'r2_threshold': 0.95}
Preprocessing complete: Arrays extracted and params merged.
Gran and Schwartz (weak_acid) computed successfully.
DEBUG: Entering analyze_gran_original...
DEBUG: df shape: (41, 2), params keys: ['volume_array', 'potential_array', 'V', 'C_B', 'titration_type', 'r2_threshold']
DEBUG: Step - Compute Gran functions...
Gran and Schwartz (weak_acid) computed successfully.
DEBUG: params['volume'] shape: (41,)
DEBUG: Gran extract OK, g1 shape: {g1.shape}
DEBUG: Step - Identify initial interval...
DEBUG: Interval ID OK, start=16, end=31
DEBUG: Step - Raw Zone fit...
DEBUG: get_metrics returning fit = (np.float64(-1.0707292121685136e-05), np.float64(4.423226631941978e-05)) for zone (np.int64(16), np.int64(31))
DEBUG: Step - Opt k5...
DEBUG: Opt k5 OK, best_k5=0.486
DEBUG: Step - Recompute gs_opt...
DEBUG: gs_opt shape: (41,)
DEBUG: Step - Re-detect opt zone...
DEBUG: Opt re-detect OK, start=14, end=29
DEBUG: Step - Opt fit...
DEBUG: get_metrics returning fit = (np.float64(-1.2633868769422558e-05), np.float64(5.207369112404097e-05)) for zone (np.int64(14), np.int64(29))
DEBUG: Step - Fallback check...
DEBUG: No fallback needed
DEBUG: Step - Build results...
DEBUG: Results built OK
=== ANALYZER ORIGINAL RESULTS ===
Raw Zone: V_eq = 4.131 mL, R² = 0.9996, k5 = 0.0, Zone = 16-31, Points = 15
Opt Zone: V_eq = 4.122 mL, R² = 0.9999, k5 = 0.486, Zone = 14-29, Points = 15
g1 shape: (41,), g1_opt shape: (41,)
Interval R² (legacy): 0.9996
=== END ANALYZER ORIGINAL ===
=== ANALYZER NESTED RESULTS ===
Gran Raw: V_eq = 4.131 mL, R² = 0.9996, k5 = 0.000, Zone = 16-31
Gran Opt: V_eq = 4.122 mL, R² = 0.9999, k5 = 0.486, Zone = 14-29
Schwartz Raw: V_eq = 4.131 mL, R² = 0.9996, k5 = 0.000, Zone = 16-31
Schwartz Opt: V_eq = 4.122 mL, R² = 0.9999, k5 = 0.486, Zone = 14-29
pH shape: (41,)
=== END ANALYZER NESTED ===
Titration curve saved to results/weak_acid/5/titration_curve.png
DEBUG: raw_fit = (np.float64(-1.0707292121685136e-05), np.float64(4.423226631941978e-05)), raw_r2 = 0.9996
DEBUG: opt_fit = (np.float64(-1.2633868769422558e-05), np.float64(5.207369112404097e-05)), opt_r2 = 0.9999, k5 = 0.4859
Gran/Schwartz combined plot saved to results/weak_acid/5/gran_schwartz.png
All visualizations saved to results/weak_acid/5
Saved CSV report to results/weak_acid/5/report.csv
Saved PDF report with embeds to results/weak_acid/5/report.pdf
Pipeline complete. Outputs in results/weak_acid/5
Processing triplet 6 → columns 16,17
Loaded './results/weak_acid/6/data.dat': 41 rows, 2 columns (volume, potential).
   volume  potential
0   0.000      182.6
1   0.020      182.0
2   0.040      181.2
3   0.090      178.8
4   0.215      173.2
Validation passed: 41 monotonic points in valid range.
Final config: {'V': 25.0, 'C_B': 0.1, 'titration_type': 'weak_acid', 'r2_threshold': 0.95}
Preprocessing complete: Arrays extracted and params merged.
Gran and Schwartz (weak_acid) computed successfully.
DEBUG: Entering analyze_gran_original...
DEBUG: df shape: (41, 2), params keys: ['volume_array', 'potential_array', 'V', 'C_B', 'titration_type', 'r2_threshold']
DEBUG: Step - Compute Gran functions...
Gran and Schwartz (weak_acid) computed successfully.
DEBUG: params['volume'] shape: (41,)
DEBUG: Gran extract OK, g1 shape: {g1.shape}
DEBUG: Step - Identify initial interval...
DEBUG: Interval ID OK, start=16, end=31
DEBUG: Step - Raw Zone fit...
DEBUG: get_metrics returning fit = (np.float64(-1.0667649213888448e-05), np.float64(4.409533364313185e-05)) for zone (np.int64(16), np.int64(31))
DEBUG: Step - Opt k5...
DEBUG: Opt k5 OK, best_k5=0.640
DEBUG: Step - Recompute gs_opt...
DEBUG: gs_opt shape: (41,)
DEBUG: Step - Re-detect opt zone...
DEBUG: Opt re-detect OK, start=16, end=31
DEBUG: Step - Opt fit...
DEBUG: get_metrics returning fit = (np.float64(-1.314963622711225e-05), np.float64(5.4223566092810377e-05)) for zone (np.int64(16), np.int64(31))
DEBUG: Step - Fallback check...
DEBUG: No fallback needed
DEBUG: Step - Build results...
DEBUG: Results built OK
=== ANALYZER ORIGINAL RESULTS ===
Raw Zone: V_eq = 4.134 mL, R² = 0.9994, k5 = 0.0, Zone = 16-31, Points = 15
Opt Zone: V_eq = 4.124 mL, R² = 0.9999, k5 = 0.640, Zone = 16-31, Points = 15
g1 shape: (41,), g1_opt shape: (41,)
Interval R² (legacy): 0.9994
=== END ANALYZER ORIGINAL ===
=== ANALYZER NESTED RESULTS ===
Gran Raw: V_eq = 4.134 mL, R² = 0.9994, k5 = 0.000, Zone = 16-31
Gran Opt: V_eq = 4.124 mL, R² = 0.9999, k5 = 0.640, Zone = 16-31
Schwartz Raw: V_eq = 4.134 mL, R² = 0.9994, k5 = 0.000, Zone = 16-31
Schwartz Opt: V_eq = 4.124 mL, R² = 0.9999, k5 = 0.640, Zone = 16-31
pH shape: (41,)
=== END ANALYZER NESTED ===
Titration curve saved to results/weak_acid/6/titration_curve.png
DEBUG: raw_fit = (np.float64(-1.0667649213888448e-05), np.float64(4.409533364313185e-05)), raw_r2 = 0.9994
DEBUG: opt_fit = (np.float64(-1.314963622711225e-05), np.float64(5.4223566092810377e-05)), opt_r2 = 0.9999, k5 = 0.6401
Gran/Schwartz combined plot saved to results/weak_acid/6/gran_schwartz.png
All visualizations saved to results/weak_acid/6
Saved CSV report to results/weak_acid/6/report.csv
Saved PDF report with embeds to results/weak_acid/6/report.pdf
Pipeline complete. Outputs in results/weak_acid/6
Processing triplet 7 → columns 19,20
Loaded './results/weak_acid/7/data.dat': 20 rows, 2 columns (volume, potential).
   volume  potential
0   0.000      160.6
1   1.428      120.9
2   2.142      106.5
3   2.500       99.7
4   2.800       94.0
Validation passed: 20 monotonic points in valid range.
Final config: {'V': 25.0, 'C_B': 0.1, 'titration_type': 'weak_acid', 'r2_threshold': 0.95}
Preprocessing complete: Arrays extracted and params merged.
Gran and Schwartz (weak_acid) computed successfully.
DEBUG: Entering analyze_gran_original...
DEBUG: df shape: (20, 2), params keys: ['volume_array', 'potential_array', 'V', 'C_B', 'titration_type', 'r2_threshold']
DEBUG: Step - Compute Gran functions...
Gran and Schwartz (weak_acid) computed successfully.
DEBUG: params['volume'] shape: (20,)
DEBUG: Gran extract OK, g1 shape: {g1.shape}
DEBUG: Step - Identify initial interval...
DEBUG: Interval ID OK, start=6, end=15
DEBUG: Step - Raw Zone fit...
DEBUG: get_metrics returning fit = (np.float64(-5.0322825178094536e-06), np.float64(2.5560201552137585e-05)) for zone (np.int64(6), np.int64(15))
DEBUG: Step - Opt k5...
DEBUG: Opt k5 OK, best_k5=0.977
DEBUG: Step - Recompute gs_opt...
DEBUG: gs_opt shape: (20,)
DEBUG: Step - Re-detect opt zone...
DEBUG: Opt re-detect OK, start=4, end=14
DEBUG: Step - Opt fit...
DEBUG: get_metrics returning fit = (np.float64(-6.462050498364764e-06), np.float64(3.2692299744247873e-05)) for zone (np.int64(4), np.int64(14))
DEBUG: Step - Fallback check...
DEBUG: No fallback needed
DEBUG: Step - Build results...
DEBUG: Results built OK
=== ANALYZER ORIGINAL RESULTS ===
Raw Zone: V_eq = 5.079 mL, R² = 0.9994, k5 = 0.0, Zone = 6-15, Points = 9
Opt Zone: V_eq = 5.059 mL, R² = 0.9999, k5 = 0.977, Zone = 4-14, Points = 10
g1 shape: (20,), g1_opt shape: (20,)
Interval R² (legacy): 0.9994
=== END ANALYZER ORIGINAL ===
=== ANALYZER NESTED RESULTS ===
Gran Raw: V_eq = 5.079 mL, R² = 0.9994, k5 = 0.000, Zone = 6-15
Gran Opt: V_eq = 5.059 mL, R² = 0.9999, k5 = 0.977, Zone = 4-14
Schwartz Raw: V_eq = 5.079 mL, R² = 0.9994, k5 = 0.000, Zone = 6-15
Schwartz Opt: V_eq = 5.059 mL, R² = 0.9999, k5 = 0.977, Zone = 4-14
pH shape: (20,)
=== END ANALYZER NESTED ===
Titration curve saved to results/weak_acid/7/titration_curve.png
DEBUG: raw_fit = (np.float64(-5.0322825178094536e-06), np.float64(2.5560201552137585e-05)), raw_r2 = 0.9994
DEBUG: opt_fit = (np.float64(-6.462050498364764e-06), np.float64(3.2692299744247873e-05)), opt_r2 = 0.9999, k5 = 0.9767
Gran/Schwartz combined plot saved to results/weak_acid/7/gran_schwartz.png
All visualizations saved to results/weak_acid/7
Saved CSV report to results/weak_acid/7/report.csv
Saved PDF report with embeds to results/weak_acid/7/report.pdf
Pipeline complete. Outputs in results/weak_acid/7
