Found 4 triplets
Processing triplet 1 → columns 1,2
Loaded '/home/sgiani/repos/GranTED/results/mL/002mL/1/data.dat': 161 rows, skipped 0 header/comment/non-numeric lines.
Validation passed
Final config: {'V': 25.0, 'C_B': 0.1, 'titration_type': 'acid_base', 'r2_threshold': 0.95}
DEBUG preprocess: potential first 5: [1.1 4.6 4.3 4.1 3.8]
Detected acid titration (negative slope). No flip.
Preprocessing complete: Arrays extracted, params merged, type auto-detected (if acid_base).
DEBUG df:      volume  potential
0      2.00        1.1
1      2.02        4.6
2      2.04        4.3
3      2.06        4.1
4      2.08        3.8
..      ...        ...
156    5.12     -170.9
157    5.14     -173.0
158    5.16     -174.9
159    5.18     -176.6
160    5.20     -178.0

[161 rows x 2 columns]
DEBUG params: {'volume_array': array([2.  , 2.02, 2.04, 2.06, 2.08, 2.1 , 2.12, 2.14, 2.16, 2.18, 2.2 ,
       2.22, 2.24, 2.26, 2.28, 2.3 , 2.32, 2.34, 2.36, 2.38, 2.4 , 2.42,
       2.44, 2.46, 2.48, 2.5 , 2.52, 2.54, 2.56, 2.58, 2.6 , 2.62, 2.64,
       2.66, 2.68, 2.7 , 2.72, 2.74, 2.76, 2.78, 2.8 , 2.82, 2.84, 2.86,
       2.88, 2.9 , 2.92, 2.94, 2.96, 2.98, 3.  , 3.02, 3.04, 3.06, 3.08,
       3.1 , 3.12, 3.14, 3.16, 3.18, 3.2 , 3.22, 3.24, 3.26, 3.28, 3.3 ,
       3.32, 3.34, 3.36, 3.38, 3.4 , 3.42, 3.44, 3.46, 3.48, 3.5 , 3.52,
       3.54, 3.56, 3.58, 3.6 , 3.62, 3.64, 3.66, 3.68, 3.7 , 3.72, 3.74,
       3.76, 3.78, 3.8 , 3.82, 3.84, 3.86, 3.88, 3.9 , 3.92, 3.94, 3.96,
       3.98, 4.  , 4.02, 4.04, 4.06, 4.08, 4.1 , 4.12, 4.14, 4.16, 4.18,
       4.2 , 4.22, 4.24, 4.26, 4.28, 4.3 , 4.32, 4.34, 4.36, 4.38, 4.4 ,
       4.42, 4.44, 4.46, 4.48, 4.5 , 4.52, 4.54, 4.56, 4.58, 4.6 , 4.62,
       4.64, 4.66, 4.68, 4.7 , 4.72, 4.74, 4.76, 4.78, 4.8 , 4.82, 4.84,
       4.86, 4.88, 4.9 , 4.92, 4.94, 4.96, 4.98, 5.  , 5.02, 5.04, 5.06,
       5.08, 5.1 , 5.12, 5.14, 5.16, 5.18, 5.2 ]), 'potential_array': array([ 1.100e+00,  4.600e+00,  4.300e+00,  4.100e+00,  3.800e+00,
        3.900e+00,  3.600e+00,  3.400e+00,  3.100e+00,  2.800e+00,
        2.600e+00,  2.300e+00,  2.100e+00,  2.100e+00,  1.600e+00,
        1.300e+00,  1.200e+00,  9.000e-01,  8.000e-01,  4.000e-01,
        2.000e-01,  1.000e-01, -2.000e-01, -6.000e-01, -6.000e-01,
       -8.000e-01, -9.000e-01, -1.200e+00, -1.600e+00, -1.700e+00,
       -1.900e+00, -2.200e+00, -2.400e+00, -2.700e+00, -2.700e+00,
       -3.100e+00, -3.100e+00, -3.500e+00, -3.700e+00, -3.900e+00,
       -4.000e+00, -4.300e+00, -4.500e+00, -4.900e+00, -5.000e+00,
       -5.300e+00, -5.400e+00, -5.700e+00, -6.000e+00, -6.100e+00,
       -6.400e+00, -6.600e+00, -6.800e+00, -7.000e+00, -7.400e+00,
       -7.700e+00, -8.000e+00, -8.100e+00, -8.200e+00, -8.600e+00,
       -8.800e+00, -9.000e+00, -9.300e+00, -9.500e+00, -9.800e+00,
       -1.010e+01, -1.030e+01, -1.050e+01, -1.090e+01, -1.120e+01,
       -1.140e+01, -1.170e+01, -1.190e+01, -1.220e+01, -1.260e+01,
       -1.300e+01, -1.320e+01, -1.340e+01, -1.360e+01, -1.410e+01,
       -1.410e+01, -1.460e+01, -1.480e+01, -1.520e+01, -1.550e+01,
       -1.580e+01, -1.610e+01, -1.650e+01, -1.670e+01, -1.720e+01,
       -1.760e+01, -1.790e+01, -1.820e+01, -1.870e+01, -1.890e+01,
       -1.930e+01, -1.970e+01, -2.010e+01, -2.040e+01, -2.070e+01,
       -2.110e+01, -2.160e+01, -2.190e+01, -2.250e+01, -2.280e+01,
       -2.330e+01, -2.390e+01, -2.420e+01, -2.470e+01, -2.510e+01,
       -2.550e+01, -2.610e+01, -2.670e+01, -2.720e+01, -2.760e+01,
       -2.810e+01, -2.890e+01, -2.930e+01, -3.010e+01, -3.050e+01,
       -3.100e+01, -3.200e+01, -3.250e+01, -3.330e+01, -3.410e+01,
       -3.440e+01, -3.540e+01, -3.620e+01, -3.740e+01, -3.800e+01,
       -3.910e+01, -3.980e+01, -4.070e+01, -4.160e+01, -4.290e+01,
       -4.410e+01, -4.560e+01, -4.650e+01, -4.830e+01, -4.960e+01,
       -5.160e+01, -5.360e+01, -5.590e+01, -5.750e+01, -6.050e+01,
       -6.370e+01, -6.700e+01, -7.210e+01, -7.720e+01, -8.580e+01,
       -1.037e+02, -1.351e+02, -1.509e+02, -1.590e+02, -1.644e+02,
       -1.683e+02, -1.709e+02, -1.730e+02, -1.749e+02, -1.766e+02,
       -1.780e+02]), 'V': 25.0, 'C_B': 0.1, 'titration_type': 'acid_base', 'r2_threshold': 0.95, 'is_base': False}
Computing Gran/Schwartz for type: acid_base
DEBUG gran_functions: potential first 5: [1.1 4.6 4.3 4.1 3.8]
DEBUG gran_functions: pH first 5: [6.98140636 6.92224476 6.92731575 6.93069642 6.93576741]
Gran and Schwartz computed successfully.
Computing Gran/Schwartz for type: acid_base
DEBUG gran_functions: potential first 5: [1.1 4.6 4.3 4.1 3.8]
DEBUG gran_functions: pH first 5: [6.98140636 6.92224476 6.92731575 6.93069642 6.93576741]
Gran and Schwartz computed successfully.
Warning: Low R²=0.665 for zone (np.int64(0), np.int64(2)) (k=-16.327059065121116)
=== ANALYZER NESTED RESULTS ===
Gran Raw: V_eq = 5.588 mL, R² = 0.9843, k = 0.000, Zone = 80-134
Gran Opt: V_eq = 5.151 mL, R² = 0.9998, k = -16.327, Zone = 80-134
Schwartz Raw: V_eq = 5.588 mL, R² = 0.9843, k = 0.000, Zone = 80-134
Schwartz Opt: V_eq = 5.151 mL, R² = 0.9998, k = -16.327, Zone = 80-134
pH shape: (161,)
=== END ANALYZER NESTED ===
Titration curve saved to /home/sgiani/repos/GranTED/results/mL/002mL/1/titration_curve.png
Gran/Schwartz combined plot saved to /home/sgiani/repos/GranTED/results/mL/002mL/1/gran_schwartz.png
Combined overview plot saved to /home/sgiani/repos/GranTED/results/mL/002mL/1/plots.png
All visualizations saved to /home/sgiani/repos/GranTED/results/mL/002mL/1
Generating CSV report...
Saved simple CSV report to /home/sgiani/repos/GranTED/results/mL/002mL/1/report.csv
CSV report generated.
Generating PDF report...
Saved PDF report to /home/sgiani/repos/GranTED/results/mL/002mL/1/report.pdf
PDF report generated.
Full report generated in /home/sgiani/repos/GranTED/results/mL/002mL/1
Pipeline complete. Outputs in /home/sgiani/repos/GranTED/results/mL/002mL/1
Processing triplet 2 → columns 4,5
Loaded '/home/sgiani/repos/GranTED/results/mL/002mL/2/data.dat': 161 rows, skipped 0 header/comment/non-numeric lines.
Validation passed
Final config: {'V': 25.0, 'C_B': 0.1, 'titration_type': 'acid_base', 'r2_threshold': 0.95}
DEBUG preprocess: potential first 5: [-14.2 -13.5 -13.6 -13.9 -14.1]
Detected acid titration (negative slope). No flip.
Preprocessing complete: Arrays extracted, params merged, type auto-detected (if acid_base).
DEBUG df:      volume  potential
0      2.00      -14.2
1      2.02      -13.5
2      2.04      -13.6
3      2.06      -13.9
4      2.08      -14.1
..      ...        ...
156    5.12     -184.5
157    5.14     -186.5
158    5.16     -188.3
159    5.18     -189.5
160    5.20     -190.8

[161 rows x 2 columns]
DEBUG params: {'volume_array': array([2.  , 2.02, 2.04, 2.06, 2.08, 2.1 , 2.12, 2.14, 2.16, 2.18, 2.2 ,
       2.22, 2.24, 2.26, 2.28, 2.3 , 2.32, 2.34, 2.36, 2.38, 2.4 , 2.42,
       2.44, 2.46, 2.48, 2.5 , 2.52, 2.54, 2.56, 2.58, 2.6 , 2.62, 2.64,
       2.66, 2.68, 2.7 , 2.72, 2.74, 2.76, 2.78, 2.8 , 2.82, 2.84, 2.86,
       2.88, 2.9 , 2.92, 2.94, 2.96, 2.98, 3.  , 3.02, 3.04, 3.06, 3.08,
       3.1 , 3.12, 3.14, 3.16, 3.18, 3.2 , 3.22, 3.24, 3.26, 3.28, 3.3 ,
       3.32, 3.34, 3.36, 3.38, 3.4 , 3.42, 3.44, 3.46, 3.48, 3.5 , 3.52,
       3.54, 3.56, 3.58, 3.6 , 3.62, 3.64, 3.66, 3.68, 3.7 , 3.72, 3.74,
       3.76, 3.78, 3.8 , 3.82, 3.84, 3.86, 3.88, 3.9 , 3.92, 3.94, 3.96,
       3.98, 4.  , 4.02, 4.04, 4.06, 4.08, 4.1 , 4.12, 4.14, 4.16, 4.18,
       4.2 , 4.22, 4.24, 4.26, 4.28, 4.3 , 4.32, 4.34, 4.36, 4.38, 4.4 ,
       4.42, 4.44, 4.46, 4.48, 4.5 , 4.52, 4.54, 4.56, 4.58, 4.6 , 4.62,
       4.64, 4.66, 4.68, 4.7 , 4.72, 4.74, 4.76, 4.78, 4.8 , 4.82, 4.84,
       4.86, 4.88, 4.9 , 4.92, 4.94, 4.96, 4.98, 5.  , 5.02, 5.04, 5.06,
       5.08, 5.1 , 5.12, 5.14, 5.16, 5.18, 5.2 ]), 'potential_array': array([ -14.2,  -13.5,  -13.6,  -13.9,  -14.1,  -14.4,  -14.6,  -14.8,
        -15. ,  -15.3,  -15.5,  -15.8,  -16. ,  -16.1,  -16.4,  -16.6,
        -16.8,  -17. ,  -17.2,  -17.5,  -17.6,  -17.9,  -18.1,  -18.3,
        -18.4,  -18.7,  -18.9,  -19.1,  -19.3,  -19.6,  -19.7,  -19.9,
        -20.2,  -20.3,  -20.6,  -20.8,  -21. ,  -21.2,  -21.4,  -21.6,
        -21.9,  -22.1,  -22.3,  -22.5,  -22.7,  -22.9,  -23.1,  -23.3,
        -23.6,  -23.7,  -24. ,  -24.2,  -24.4,  -24.7,  -24.9,  -25.1,
        -25.3,  -25.6,  -25.8,  -26.1,  -26.2,  -26.5,  -26.7,  -27. ,
        -27.3,  -27.5,  -27.7,  -27.9,  -28.2,  -28.4,  -28.6,  -28.9,
        -29.1,  -29.5,  -29.8,  -30. ,  -30.2,  -30.5,  -30.8,  -31. ,
        -31.3,  -31.6,  -31.8,  -32.2,  -32.5,  -32.7,  -33.1,  -33.4,
        -33.7,  -34. ,  -34.3,  -34.7,  -35. ,  -35.4,  -35.8,  -36.1,
        -36.3,  -36.8,  -37.1,  -37.5,  -37.8,  -38.3,  -38.7,  -39. ,
        -39.5,  -39.9,  -40.2,  -40.7,  -41.1,  -41.6,  -42. ,  -42.5,
        -43.1,  -43.6,  -44.1,  -44.7,  -45.2,  -45.8,  -46.4,  -47. ,
        -47.4,  -48.2,  -48.8,  -49.6,  -50.2,  -50.8,  -51.6,  -52.4,
        -53.2,  -53.8,  -55. ,  -55.8,  -56.8,  -57.9,  -58.8,  -60.4,
        -61.2,  -62.9,  -64.3,  -65.8,  -67.7,  -69.6,  -71.7,  -74.1,
        -76.7,  -79.3,  -84. ,  -88.3,  -95.5, -105.5, -123. , -153. ,
       -167.4, -174.9, -179.5, -182.3, -184.5, -186.5, -188.3, -189.5,
       -190.8]), 'V': 25.0, 'C_B': 0.1, 'titration_type': 'acid_base', 'r2_threshold': 0.95, 'is_base': False}
Computing Gran/Schwartz for type: acid_base
DEBUG gran_functions: potential first 5: [-14.2 -13.5 -13.6 -13.9 -14.1]
DEBUG gran_functions: pH first 5: [7.24002705 7.22819473 7.22988506 7.23495605 7.23833671]
Gran and Schwartz computed successfully.
Computing Gran/Schwartz for type: acid_base
DEBUG gran_functions: potential first 5: [-14.2 -13.5 -13.6 -13.9 -14.1]
DEBUG gran_functions: pH first 5: [7.24002705 7.22819473 7.22988506 7.23495605 7.23833671]
Gran and Schwartz computed successfully.
Warning: Low R²=0.544 for zone (np.int64(0), np.int64(2)) (k=-13.02527051645641)
=== ANALYZER NESTED RESULTS ===
Gran Raw: V_eq = 5.737 mL, R² = 0.9848, k = 0.000, Zone = 82-129
Gran Opt: V_eq = 5.161 mL, R² = 0.9999, k = -13.025, Zone = 82-129
Schwartz Raw: V_eq = 5.737 mL, R² = 0.9848, k = 0.000, Zone = 82-129
Schwartz Opt: V_eq = 5.161 mL, R² = 0.9999, k = -13.025, Zone = 82-129
pH shape: (161,)
=== END ANALYZER NESTED ===
Titration curve saved to /home/sgiani/repos/GranTED/results/mL/002mL/2/titration_curve.png
Gran/Schwartz combined plot saved to /home/sgiani/repos/GranTED/results/mL/002mL/2/gran_schwartz.png
Combined overview plot saved to /home/sgiani/repos/GranTED/results/mL/002mL/2/plots.png
All visualizations saved to /home/sgiani/repos/GranTED/results/mL/002mL/2
Generating CSV report...
Saved simple CSV report to /home/sgiani/repos/GranTED/results/mL/002mL/2/report.csv
CSV report generated.
Generating PDF report...
Saved PDF report to /home/sgiani/repos/GranTED/results/mL/002mL/2/report.pdf
PDF report generated.
Full report generated in /home/sgiani/repos/GranTED/results/mL/002mL/2
Pipeline complete. Outputs in /home/sgiani/repos/GranTED/results/mL/002mL/2
Processing triplet 3 → columns 7,8
Loaded '/home/sgiani/repos/GranTED/results/mL/002mL/3/data.dat': 161 rows, skipped 0 header/comment/non-numeric lines.
Validation passed
Final config: {'V': 25.0, 'C_B': 0.1, 'titration_type': 'acid_base', 'r2_threshold': 0.95}
DEBUG preprocess: potential first 5: [-11.4 -10.7 -10.9 -11.4 -11.4]
Detected acid titration (negative slope). No flip.
Preprocessing complete: Arrays extracted, params merged, type auto-detected (if acid_base).
DEBUG df:      volume  potential
0      2.00      -11.4
1      2.02      -10.7
2      2.04      -10.9
3      2.06      -11.4
4      2.08      -11.4
..      ...        ...
156    5.12     -183.2
157    5.14     -185.2
158    5.16     -187.1
159    5.18     -188.6
160    5.20     -189.8

[161 rows x 2 columns]
DEBUG params: {'volume_array': array([2.  , 2.02, 2.04, 2.06, 2.08, 2.1 , 2.12, 2.14, 2.16, 2.18, 2.2 ,
       2.22, 2.24, 2.26, 2.28, 2.3 , 2.32, 2.34, 2.36, 2.38, 2.4 , 2.42,
       2.44, 2.46, 2.48, 2.5 , 2.52, 2.54, 2.56, 2.58, 2.6 , 2.62, 2.64,
       2.66, 2.68, 2.7 , 2.72, 2.74, 2.76, 2.78, 2.8 , 2.82, 2.84, 2.86,
       2.88, 2.9 , 2.92, 2.94, 2.96, 2.98, 3.  , 3.02, 3.04, 3.06, 3.08,
       3.1 , 3.12, 3.14, 3.16, 3.18, 3.2 , 3.22, 3.24, 3.26, 3.28, 3.3 ,
       3.32, 3.34, 3.36, 3.38, 3.4 , 3.42, 3.44, 3.46, 3.48, 3.5 , 3.52,
       3.54, 3.56, 3.58, 3.6 , 3.62, 3.64, 3.66, 3.68, 3.7 , 3.72, 3.74,
       3.76, 3.78, 3.8 , 3.82, 3.84, 3.86, 3.88, 3.9 , 3.92, 3.94, 3.96,
       3.98, 4.  , 4.02, 4.04, 4.06, 4.08, 4.1 , 4.12, 4.14, 4.16, 4.18,
       4.2 , 4.22, 4.24, 4.26, 4.28, 4.3 , 4.32, 4.34, 4.36, 4.38, 4.4 ,
       4.42, 4.44, 4.46, 4.48, 4.5 , 4.52, 4.54, 4.56, 4.58, 4.6 , 4.62,
       4.64, 4.66, 4.68, 4.7 , 4.72, 4.74, 4.76, 4.78, 4.8 , 4.82, 4.84,
       4.86, 4.88, 4.9 , 4.92, 4.94, 4.96, 4.98, 5.  , 5.02, 5.04, 5.06,
       5.08, 5.1 , 5.12, 5.14, 5.16, 5.18, 5.2 ]), 'potential_array': array([ -11.4,  -10.7,  -10.9,  -11.4,  -11.4,  -11.7,  -12. ,  -12.3,
        -12.5,  -12.6,  -12.9,  -13.1,  -13.3,  -13.6,  -13.8,  -14. ,
        -14.3,  -14.5,  -14.7,  -14.9,  -15.1,  -15.3,  -15.7,  -15.8,
        -16.1,  -16.2,  -16.5,  -16.7,  -16.8,  -17. ,  -17.3,  -17.5,
        -17.7,  -17.9,  -18.1,  -18.4,  -18.5,  -18.7,  -19. ,  -19.2,
        -19.4,  -19.7,  -19.9,  -20. ,  -20.2,  -20.5,  -20.7,  -21. ,
        -21.2,  -21.3,  -21.6,  -21.8,  -21.9,  -22.2,  -22.4,  -22.7,
        -22.9,  -23.1,  -23.3,  -23.7,  -23.8,  -24.1,  -24.3,  -24.5,
        -24.7,  -25. ,  -25.3,  -25.5,  -25.7,  -26.1,  -26.2,  -26.7,
        -26.8,  -27. ,  -27.4,  -27.6,  -28. ,  -28.2,  -28.4,  -28.6,
        -29. ,  -29.3,  -29.5,  -29.9,  -30.2,  -30.6,  -30.7,  -31.1,
        -31.6,  -31.7,  -32. ,  -32.4,  -32.7,  -33. ,  -33.5,  -33.8,
        -34.1,  -34.4,  -34.8,  -35.1,  -35.6,  -35.9,  -36.2,  -36.7,
        -37.3,  -37.6,  -38.1,  -38.4,  -38.8,  -39.4,  -39.9,  -40.2,
        -40.7,  -41.3,  -41.7,  -42.2,  -42.7,  -43.5,  -43.9,  -44.5,
        -45. ,  -45.7,  -46.4,  -47.1,  -47.6,  -48.7,  -49.1,  -50.2,
        -50.9,  -51.8,  -52.3,  -53.6,  -54.3,  -55.4,  -56.3,  -57.5,
        -58.8,  -60.1,  -61.4,  -63. ,  -64.7,  -66.8,  -68.6,  -70.8,
        -73.4,  -76.4,  -79.9,  -84.3,  -90.1,  -98. , -112.9, -145.3,
       -163.3, -172.2, -177.6, -180.5, -183.2, -185.2, -187.1, -188.6,
       -189.8]), 'V': 25.0, 'C_B': 0.1, 'titration_type': 'acid_base', 'r2_threshold': 0.95, 'is_base': False}
Computing Gran/Schwartz for type: acid_base
DEBUG gran_functions: potential first 5: [-11.4 -10.7 -10.9 -11.4 -11.4]
DEBUG gran_functions: pH first 5: [7.19269777 7.18086545 7.18424611 7.19269777 7.19269777]
Gran and Schwartz computed successfully.
Computing Gran/Schwartz for type: acid_base
DEBUG gran_functions: potential first 5: [-11.4 -10.7 -10.9 -11.4 -11.4]
DEBUG gran_functions: pH first 5: [7.19269777 7.18086545 7.18424611 7.19269777 7.19269777]
Gran and Schwartz computed successfully.
Warning: Low R²=0.402 for zone (np.int64(0), np.int64(2)) (k=-16.575287220576552)
=== ANALYZER NESTED RESULTS ===
Gran Raw: V_eq = 5.917 mL, R² = 0.9861, k = 0.000, Zone = 78-124
Gran Opt: V_eq = 5.206 mL, R² = 0.9998, k = -16.575, Zone = 78-124
Schwartz Raw: V_eq = 5.917 mL, R² = 0.9861, k = 0.000, Zone = 78-124
Schwartz Opt: V_eq = 5.206 mL, R² = 0.9998, k = -16.575, Zone = 78-124
pH shape: (161,)
=== END ANALYZER NESTED ===
Titration curve saved to /home/sgiani/repos/GranTED/results/mL/002mL/3/titration_curve.png
Gran/Schwartz combined plot saved to /home/sgiani/repos/GranTED/results/mL/002mL/3/gran_schwartz.png
Combined overview plot saved to /home/sgiani/repos/GranTED/results/mL/002mL/3/plots.png
All visualizations saved to /home/sgiani/repos/GranTED/results/mL/002mL/3
Generating CSV report...
Saved simple CSV report to /home/sgiani/repos/GranTED/results/mL/002mL/3/report.csv
CSV report generated.
Generating PDF report...
Saved PDF report to /home/sgiani/repos/GranTED/results/mL/002mL/3/report.pdf
PDF report generated.
Full report generated in /home/sgiani/repos/GranTED/results/mL/002mL/3
Pipeline complete. Outputs in /home/sgiani/repos/GranTED/results/mL/002mL/3
Processing triplet 4 → columns 10,11
Loaded '/home/sgiani/repos/GranTED/results/mL/002mL/4/data.dat': 161 rows, skipped 0 header/comment/non-numeric lines.
Validation passed
Final config: {'V': 25.0, 'C_B': 0.1, 'titration_type': 'acid_base', 'r2_threshold': 0.95}
DEBUG preprocess: potential first 5: [-13.1 -12.5 -12.9 -13.1 -13.5]
Detected acid titration (negative slope). No flip.
Preprocessing complete: Arrays extracted, params merged, type auto-detected (if acid_base).
DEBUG df:      volume  potential
0      2.00      -13.1
1      2.02      -12.5
2      2.04      -12.9
3      2.06      -13.1
4      2.08      -13.5
..      ...        ...
156    5.12     -182.4
157    5.14     -184.4
158    5.16     -186.0
159    5.18     -187.5
160    5.20     -188.4

[161 rows x 2 columns]
DEBUG params: {'volume_array': array([2.  , 2.02, 2.04, 2.06, 2.08, 2.1 , 2.12, 2.14, 2.16, 2.18, 2.2 ,
       2.22, 2.24, 2.26, 2.28, 2.3 , 2.32, 2.34, 2.36, 2.38, 2.4 , 2.42,
       2.44, 2.46, 2.48, 2.5 , 2.52, 2.54, 2.56, 2.58, 2.6 , 2.62, 2.64,
       2.66, 2.68, 2.7 , 2.72, 2.74, 2.76, 2.78, 2.8 , 2.82, 2.84, 2.86,
       2.88, 2.9 , 2.92, 2.94, 2.96, 2.98, 3.  , 3.02, 3.04, 3.06, 3.08,
       3.1 , 3.12, 3.14, 3.16, 3.18, 3.2 , 3.22, 3.24, 3.26, 3.28, 3.3 ,
       3.32, 3.34, 3.36, 3.38, 3.4 , 3.42, 3.44, 3.46, 3.48, 3.5 , 3.52,
       3.54, 3.56, 3.58, 3.6 , 3.62, 3.64, 3.66, 3.68, 3.7 , 3.72, 3.74,
       3.76, 3.78, 3.8 , 3.82, 3.84, 3.86, 3.88, 3.9 , 3.92, 3.94, 3.96,
       3.98, 4.  , 4.02, 4.04, 4.06, 4.08, 4.1 , 4.12, 4.14, 4.16, 4.18,
       4.2 , 4.22, 4.24, 4.26, 4.28, 4.3 , 4.32, 4.34, 4.36, 4.38, 4.4 ,
       4.42, 4.44, 4.46, 4.48, 4.5 , 4.52, 4.54, 4.56, 4.58, 4.6 , 4.62,
       4.64, 4.66, 4.68, 4.7 , 4.72, 4.74, 4.76, 4.78, 4.8 , 4.82, 4.84,
       4.86, 4.88, 4.9 , 4.92, 4.94, 4.96, 4.98, 5.  , 5.02, 5.04, 5.06,
       5.08, 5.1 , 5.12, 5.14, 5.16, 5.18, 5.2 ]), 'potential_array': array([ -13.1,  -12.5,  -12.9,  -13.1,  -13.5,  -13.6,  -14. ,  -14.2,
        -14.4,  -14.6,  -14.9,  -15.2,  -15.3,  -15.7,  -15.9,  -16.2,
        -16.3,  -16.6,  -16.8,  -17. ,  -17.3,  -17.6,  -17.6,  -17.9,
        -18.2,  -18.4,  -18.6,  -18.7,  -19. ,  -19.2,  -19.4,  -19.7,
        -19.8,  -20. ,  -20.3,  -20.5,  -20.7,  -20.8,  -21.3,  -21.4,
        -21.5,  -21.7,  -22. ,  -22.2,  -22.4,  -22.7,  -22.9,  -23.1,
        -23.3,  -23.5,  -23.7,  -23.8,  -24.1,  -24.5,  -24.6,  -24.8,
        -25. ,  -25.2,  -25.5,  -25.7,  -25.9,  -26.3,  -26.5,  -26.7,
        -27. ,  -27.2,  -27.4,  -27.7,  -27.8,  -28.1,  -28.4,  -28.6,
        -29. ,  -29.2,  -29.4,  -29.7,  -30. ,  -30.3,  -30.5,  -30.7,
        -31. ,  -31.3,  -31.6,  -31.9,  -32.3,  -32.4,  -32.9,  -33.1,
        -33.3,  -33.7,  -34. ,  -34.3,  -34.6,  -34.9,  -35.3,  -35.7,
        -36.1,  -36.4,  -36.7,  -37.2,  -37.4,  -37.8,  -38.2,  -38.7,
        -39.1,  -39.6,  -39.9,  -40.3,  -40.7,  -41.1,  -41.7,  -41.9,
        -42.6,  -42.9,  -43.6,  -43.9,  -44.6,  -45. ,  -45.8,  -46.1,
        -47. ,  -47.3,  -48. ,  -48.9,  -49.3,  -50.4,  -50.8,  -51.8,
        -52.3,  -53.4,  -54. ,  -55.2,  -56.2,  -57.2,  -58. ,  -59.4,
        -60.5,  -62. ,  -63. ,  -64.7,  -66.2,  -68.6,  -70.6,  -72.1,
        -75.8,  -78.8,  -81.8,  -86.4,  -92.6, -101.8, -117.6, -149.5,
       -165. , -172.7, -176.5, -179.7, -182.4, -184.4, -186. , -187.5,
       -188.4]), 'V': 25.0, 'C_B': 0.1, 'titration_type': 'acid_base', 'r2_threshold': 0.95, 'is_base': False}
Computing Gran/Schwartz for type: acid_base
DEBUG gran_functions: potential first 5: [-13.1 -12.5 -12.9 -13.1 -13.5]
DEBUG gran_functions: pH first 5: [7.2214334  7.21129141 7.21805274 7.2214334  7.22819473]
Gran and Schwartz computed successfully.
Computing Gran/Schwartz for type: acid_base
DEBUG gran_functions: potential first 5: [-13.1 -12.5 -12.9 -13.1 -13.5]
DEBUG gran_functions: pH first 5: [7.2214334  7.21129141 7.21805274 7.2214334  7.22819473]
Gran and Schwartz computed successfully.
Warning: Low R²=0.044 for zone (np.int64(0), np.int64(2)) (k=-15.661140658167854)
=== ANALYZER NESTED RESULTS ===
Gran Raw: V_eq = 6.002 mL, R² = 0.9869, k = 0.000, Zone = 79-122
Gran Opt: V_eq = 5.219 mL, R² = 0.9998, k = -15.661, Zone = 79-122
Schwartz Raw: V_eq = 6.002 mL, R² = 0.9869, k = 0.000, Zone = 79-122
Schwartz Opt: V_eq = 5.219 mL, R² = 0.9998, k = -15.661, Zone = 79-122
pH shape: (161,)
=== END ANALYZER NESTED ===
Titration curve saved to /home/sgiani/repos/GranTED/results/mL/002mL/4/titration_curve.png
Gran/Schwartz combined plot saved to /home/sgiani/repos/GranTED/results/mL/002mL/4/gran_schwartz.png
Combined overview plot saved to /home/sgiani/repos/GranTED/results/mL/002mL/4/plots.png
All visualizations saved to /home/sgiani/repos/GranTED/results/mL/002mL/4
Generating CSV report...
Saved simple CSV report to /home/sgiani/repos/GranTED/results/mL/002mL/4/report.csv
CSV report generated.
Generating PDF report...
Saved PDF report to /home/sgiani/repos/GranTED/results/mL/002mL/4/report.pdf
PDF report generated.
Full report generated in /home/sgiani/repos/GranTED/results/mL/002mL/4
Pipeline complete. Outputs in /home/sgiani/repos/GranTED/results/mL/002mL/4
