Found 12 triplets
Processing triplet 1 → columns 1,2
Loaded 35 points from './results/strong_base/1/data.dat'.
   volume  potential
0  0.0000      115.3
1  0.0500      109.9
2  0.1000      105.7
3  0.2175       95.8
4  0.3140       89.6
Applied CLI overrides
Final config: {'V': 50.0, 'C_B': 0.1, 'r2_threshold': 0.95, 'titration_type': 'weak_acid'}
Preprocessing complete. Ready for analysis.
Preprocessed data ready. Final params: {'volume': array([0.    , 0.05  , 0.1   , 0.2175, 0.314 , 0.4775, 0.649 , 0.911 ,
       1.291 , 1.69  , 2.1395, 2.6395, 2.9935, 3.4935, 3.8965, 4.274 ,
       4.4625, 4.71  , 4.848 , 4.9375, 5.018 , 5.085 , 5.135 , 5.185 ,
       5.235 , 5.285 , 5.335 , 5.385 , 5.435 , 5.504 , 5.629 , 5.769 ,
       6.026 , 6.3705, 6.8695]), 'potential': array([ 115.3,  109.9,  105.7,   95.8,   89.6,   80.6,   73.6,   65.9,
         56.7,   48.4,   41.6,   32.1,   26. ,   16.8,    8.8,   -2.1,
         -7.9,  -18.3,  -26.8,  -33.8,  -41.6,  -51.6,  -60.1,  -71.2,
        -85.4, -103.5, -155.5, -192.2, -206.8, -216.2, -227.3, -234.6,
       -243.6, -251.7, -259.8]), 'V': 50.0, 'C_B': 0.1, 'r2_threshold': 0.95, 'titration_type': 'weak_acid'}
Using Case 1 modified Gran function (moderately weak acid)
Computed Gran function for weak_acid with default k=0.0
Gran functions computed.
Using Case 1 modified Gran function (moderately weak acid)
Computed Gran function for weak_acid with default k=0.0
Low noise (std_dg1=1.75e-06 <= 0.001). No smoothing.
Identified 'the Zone': indices 13-26, R²=0.998 (Case: Case 1, Score: 103.52)
Raw Zone (initial): indices 13-26, R²=0.9981, V_eq=5.286 mL over 13 points
Low noise (std_dg1=8.27e-06 <= 0.001). No smoothing.
Identified 'the Zone': indices 11-26, R²=1.000 (Case: Case 3, Score: 104.25)
Opt Zone (final): k5=1.263, R²=0.9996, V_eq=5.270 mL over 15 points
Gran analysis complete with separate raw/opt Zones.
Analysis complete.
Titration curve saved to ./results/strong_base/1/titration_curve.png
Gran plot (separate raw/opt Zones) saved to ./results/strong_base/1/gran_functions.png
No screened k data available. Skipping plot.
All visualizations saved to ./results/strong_base/1
Visualizations generated.
CSV report saved to results/strong_base/1/gran_results.csv
PDF report saved to results/strong_base/1/gran_report.pdf
Method JSON saved to results/strong_base/1/method.json
Full report generated in ./results/strong_base/1
Full workflow complete. Results in ./results/strong_base/1
Processing triplet 2 → columns 4,5
Loaded 35 points from './results/strong_base/2/data.dat'.
   volume  potential
0  0.0000      114.9
1  0.0500      109.4
2  0.1000      105.0
3  0.2175       96.1
4  0.3365       87.5
Applied CLI overrides
Final config: {'V': 50.0, 'C_B': 0.1, 'r2_threshold': 0.95, 'titration_type': 'weak_acid'}
Preprocessing complete. Ready for analysis.
Preprocessed data ready. Final params: {'volume': array([0.    , 0.05  , 0.1   , 0.2175, 0.3365, 0.4555, 0.64  , 0.9555,
       1.282 , 1.7025, 2.135 , 2.635 , 3.0665, 3.5665, 3.928 , 4.234 ,
       4.502 , 4.714 , 4.826 , 4.951 , 5.029 , 5.087 , 5.137 , 5.187 ,
       5.237 , 5.287 , 5.337 , 5.387 , 5.437 , 5.5055, 5.614 , 5.756 ,
       6.0005, 6.334 , 6.809 ]), 'potential': array([ 114.9,  109.4,  105. ,   96.1,   87.5,   80.9,   74. ,   64.4,
         56.6,   47.7,   40.2,   31.3,   24.7,   15.3,    7.3,   -0.6,
         -8.9,  -18.9,  -25.1,  -34.5,  -42.4,  -50.2,  -59.4,  -69.9,
        -83. , -100.6, -142.8, -188.6, -205. , -215.7, -225.8, -233.7,
       -242.6, -250.8, -258.8]), 'V': 50.0, 'C_B': 0.1, 'r2_threshold': 0.95, 'titration_type': 'weak_acid'}
Using Case 1 modified Gran function (moderately weak acid)
Computed Gran function for weak_acid with default k=0.0
Gran functions computed.
Using Case 1 modified Gran function (moderately weak acid)
Computed Gran function for weak_acid with default k=0.0
Low noise (std_dg1=1.71e-06 <= 0.001). No smoothing.
Identified 'the Zone': indices 13-26, R²=0.998 (Case: Case 1, Score: 103.56)
Raw Zone (initial): indices 13-26, R²=0.9985, V_eq=5.293 mL over 13 points
Low noise (std_dg1=8.25e-06 <= 0.001). No smoothing.
Identified 'the Zone': indices 10-25, R²=1.000 (Case: Case 3, Score: 104.24)
Opt Zone (final): k5=1.253, R²=0.9995, V_eq=5.274 mL over 15 points
Gran analysis complete with separate raw/opt Zones.
Analysis complete.
Titration curve saved to ./results/strong_base/2/titration_curve.png
Gran plot (separate raw/opt Zones) saved to ./results/strong_base/2/gran_functions.png
No screened k data available. Skipping plot.
All visualizations saved to ./results/strong_base/2
Visualizations generated.
CSV report saved to results/strong_base/2/gran_results.csv
PDF report saved to results/strong_base/2/gran_report.pdf
Method JSON saved to results/strong_base/2/method.json
Full report generated in ./results/strong_base/2
Full workflow complete. Results in ./results/strong_base/2
Processing triplet 3 → columns 7,8
Loaded 35 points from './results/strong_base/3/data.dat'.
   volume  potential
0  0.0000      115.0
1  0.0500      109.7
2  0.1000      105.6
3  0.2250       94.7
4  0.3115       89.0
Applied CLI overrides
Final config: {'V': 50.0, 'C_B': 0.1, 'r2_threshold': 0.95, 'titration_type': 'weak_acid'}
Preprocessing complete. Ready for analysis.
Preprocessed data ready. Final params: {'volume': array([0.    , 0.05  , 0.1   , 0.225 , 0.3115, 0.4685, 0.6835, 0.9305,
       1.318 , 1.6825, 2.1825, 2.6365, 3.135 , 3.635 , 4.021 , 4.345 ,
       4.5725, 4.78  , 4.9205, 5.03  , 5.112 , 5.162 , 5.216 , 5.266 ,
       5.316 , 5.366 , 5.416 , 5.466 , 5.516 , 5.579 , 5.6825, 5.83  ,
       6.05  , 6.3615, 6.821 ]), 'potential': array([ 115. ,  109.7,  105.6,   94.7,   89. ,   81.1,   72.5,   65.4,
         55.7,   48.7,   39.6,   31.8,   24. ,   14.9,    6.7,   -2.1,
         -9.5,  -18.4,  -26.3,  -34.4,  -43.4,  -49.8,  -58.9,  -69.1,
        -81.7,  -96.8, -137.6, -186.7, -204.3, -214.7, -224.5, -233.2,
       -241.7, -249.8, -257.8]), 'V': 50.0, 'C_B': 0.1, 'r2_threshold': 0.95, 'titration_type': 'weak_acid'}
Using Case 1 modified Gran function (moderately weak acid)
Computed Gran function for weak_acid with default k=0.0
Gran functions computed.
Using Case 1 modified Gran function (moderately weak acid)
Computed Gran function for weak_acid with default k=0.0
Low noise (std_dg1=1.74e-06 <= 0.001). No smoothing.
Identified 'the Zone': indices 13-26, R²=0.999 (Case: Case 1, Score: 103.57)
Raw Zone (initial): indices 13-26, R²=0.9986, V_eq=5.376 mL over 13 points
Low noise (std_dg1=7.49e-06 <= 0.001). No smoothing.
Identified 'the Zone': indices 10-25, R²=1.000 (Case: Case 3, Score: 104.25)
Opt Zone (final): k5=1.193, R²=0.9996, V_eq=5.364 mL over 15 points
Gran analysis complete with separate raw/opt Zones.
Analysis complete.
Titration curve saved to ./results/strong_base/3/titration_curve.png
Gran plot (separate raw/opt Zones) saved to ./results/strong_base/3/gran_functions.png
No screened k data available. Skipping plot.
All visualizations saved to ./results/strong_base/3
Visualizations generated.
CSV report saved to results/strong_base/3/gran_results.csv
PDF report saved to results/strong_base/3/gran_report.pdf
Method JSON saved to results/strong_base/3/method.json
Full report generated in ./results/strong_base/3
Full workflow complete. Results in ./results/strong_base/3
Processing triplet 4 → columns 10,11
Loaded 35 points from './results/strong_base/4/data.dat'.
   volume  potential
0  0.0000      114.8
1  0.0500      109.8
2  0.1000      105.3
3  0.1995       96.5
4  0.2895       91.0
Applied CLI overrides
Final config: {'V': 50.0, 'C_B': 0.1, 'r2_threshold': 0.95, 'titration_type': 'weak_acid'}
Preprocessing complete. Ready for analysis.
Preprocessed data ready. Final params: {'volume': array([0.    , 0.05  , 0.1   , 0.1995, 0.2895, 0.48  , 0.6455, 0.9275,
       1.229 , 1.729 , 2.076 , 2.576 , 3.064 , 3.564 , 3.937 , 4.2875,
       4.526 , 4.753 , 4.8875, 5.012 , 5.0945, 5.155 , 5.205 , 5.255 ,
       5.305 , 5.355 , 5.405 , 5.455 , 5.505 , 5.562 , 5.675 , 5.8025,
       6.0265, 6.3215, 6.7745]), 'potential': array([ 114.8,  109.8,  105.3,   96.5,   91. ,   80.6,   74.1,   65. ,
         58.8,   47.8,   41.9,   33.5,   25.8,   16.5,    8.8,   -0.4,
         -7.6,  -17.3,  -24.3,  -33.2,  -41.2,  -49.1,  -57.3,  -68.1,
        -80.8,  -97.2, -130.4, -184. , -203.3, -212.8, -224.3, -232. ,
       -241.1, -249. , -257.2]), 'V': 50.0, 'C_B': 0.1, 'r2_threshold': 0.95, 'titration_type': 'weak_acid'}
Using Case 1 modified Gran function (moderately weak acid)
Computed Gran function for weak_acid with default k=0.0
Gran functions computed.
Using Case 1 modified Gran function (moderately weak acid)
Computed Gran function for weak_acid with default k=0.0
Low noise (std_dg1=1.74e-06 <= 0.001). No smoothing.
Identified 'the Zone': indices 13-26, R²=0.999 (Case: Case 1, Score: 103.58)
Raw Zone (initial): indices 13-26, R²=0.9987, V_eq=5.371 mL over 13 points
Low noise (std_dg1=7.65e-06 <= 0.001). No smoothing.
Identified 'the Zone': indices 10-25, R²=1.000 (Case: Case 3, Score: 104.27)
Opt Zone (final): k5=1.227, R²=0.9998, V_eq=5.348 mL over 15 points
Gran analysis complete with separate raw/opt Zones.
Analysis complete.
Titration curve saved to ./results/strong_base/4/titration_curve.png
Gran plot (separate raw/opt Zones) saved to ./results/strong_base/4/gran_functions.png
No screened k data available. Skipping plot.
All visualizations saved to ./results/strong_base/4
Visualizations generated.
CSV report saved to results/strong_base/4/gran_results.csv
PDF report saved to results/strong_base/4/gran_report.pdf
Method JSON saved to results/strong_base/4/method.json
Full report generated in ./results/strong_base/4
Full workflow complete. Results in ./results/strong_base/4
Processing triplet 5 → columns 13,14
Loaded 35 points from './results/strong_base/5/data.dat'.
   volume  potential
0  0.0000      115.4
1  0.0500      110.8
2  0.1000      105.9
3  0.1785       99.3
4  0.2880       91.4
Applied CLI overrides
Final config: {'V': 50.0, 'C_B': 0.1, 'r2_threshold': 0.95, 'titration_type': 'weak_acid'}
Preprocessing complete. Ready for analysis.
Preprocessed data ready. Final params: {'volume': array([0.    , 0.05  , 0.1   , 0.1785, 0.288 , 0.418 , 0.612 , 0.8085,
       1.246 , 1.5875, 2.0875, 2.577 , 3.0655, 3.5655, 4.0135, 4.3795,
       4.5825, 4.894 , 5.0265, 5.1185, 5.197 , 5.253 , 5.3085, 5.3585,
       5.4085, 5.4585, 5.5085, 5.5585, 5.6085, 5.6695, 5.767 , 5.8885,
       6.1065, 6.3975, 6.84  ]), 'potential': array([ 115.4,  110.8,  105.9,   99.3,   91.4,   84.3,   75.2,   69.4,
         58. ,   51.5,   42.7,   34.4,   26.5,   18. ,    9.3,   -0.8,
         -6.2,  -18.7,  -26.5,  -33.6,  -41.9,  -48.8,  -56.9,  -68. ,
        -80. ,  -95.5, -127.5, -183.3, -202.4, -213.2, -223.8, -231.4,
       -240.5, -248.5, -256.8]), 'V': 50.0, 'C_B': 0.1, 'r2_threshold': 0.95, 'titration_type': 'weak_acid'}
Using Case 1 modified Gran function (moderately weak acid)
Computed Gran function for weak_acid with default k=0.0
Gran functions computed.
Using Case 1 modified Gran function (moderately weak acid)
Computed Gran function for weak_acid with default k=0.0
Low noise (std_dg1=1.79e-06 <= 0.001). No smoothing.
Identified 'the Zone': indices 13-26, R²=0.998 (Case: Case 1, Score: 103.53)
Raw Zone (initial): indices 13-26, R²=0.9982, V_eq=5.478 mL over 13 points
Low noise (std_dg1=8.93e-06 <= 0.001). No smoothing.
Identified 'the Zone': indices 11-26, R²=1.000 (Case: Case 3, Score: 104.25)
Opt Zone (final): k5=1.379, R²=0.9997, V_eq=5.461 mL over 15 points
Gran analysis complete with separate raw/opt Zones.
Analysis complete.
Titration curve saved to ./results/strong_base/5/titration_curve.png
Gran plot (separate raw/opt Zones) saved to ./results/strong_base/5/gran_functions.png
No screened k data available. Skipping plot.
All visualizations saved to ./results/strong_base/5
Visualizations generated.
CSV report saved to results/strong_base/5/gran_results.csv
PDF report saved to results/strong_base/5/gran_report.pdf
Method JSON saved to results/strong_base/5/method.json
Full report generated in ./results/strong_base/5
Full workflow complete. Results in ./results/strong_base/5
Processing triplet 6 → columns 16,17
Loaded 35 points from './results/strong_base/6/data.dat'.
   volume  potential
0  0.0000      115.7
1  0.0500      110.9
2  0.1000      105.8
3  0.1735       99.6
4  0.2890       91.3
Applied CLI overrides
Final config: {'V': 50.0, 'C_B': 0.1, 'r2_threshold': 0.95, 'titration_type': 'weak_acid'}
Preprocessing complete. Ready for analysis.
Preprocessed data ready. Final params: {'volume': array([0.    , 0.05  , 0.1   , 0.1735, 0.289 , 0.422 , 0.6155, 0.8715,
       1.156 , 1.635 , 2.1065, 2.6065, 3.1065, 3.5995, 4.006 , 4.439 ,
       4.6705, 4.905 , 5.0535, 5.155 , 5.2335, 5.302 , 5.3605, 5.4105,
       5.4605, 5.5105, 5.5605, 5.6105, 5.6605, 5.723 , 5.803 , 5.934 ,
       6.118 , 6.3895, 6.807 ]), 'potential': array([ 115.7,  110.9,  105.8,   99.6,   91.3,   84.1,   76.1,   67.4,
         60.7,   51. ,   42.9,   34.7,   26.6,   17.7,   10.3,   -0.5,
         -7.3,  -16.6,  -24.9,  -32.6,  -40. ,  -47.7,  -56.7,  -66.8,
        -79.4,  -94.6, -123.8, -181.6, -200.8, -213. , -221.8, -230.8,
       -239.1, -247.1, -255.6]), 'V': 50.0, 'C_B': 0.1, 'r2_threshold': 0.95, 'titration_type': 'weak_acid'}
Using Case 1 modified Gran function (moderately weak acid)
Computed Gran function for weak_acid with default k=0.0
Gran functions computed.
Using Case 1 modified Gran function (moderately weak acid)
Computed Gran function for weak_acid with default k=0.0
Low noise (std_dg1=1.79e-06 <= 0.001). No smoothing.
Identified 'the Zone': indices 14-27, R²=0.998 (Case: Case 1, Score: 103.51)
Raw Zone (initial): indices 14-27, R²=0.9980, V_eq=5.531 mL over 13 points
Low noise (std_dg1=2.75e-06 <= 0.001). No smoothing.
Identified 'the Zone': indices 7-22, R²=0.999 (Case: Case 3, Score: 104.19)
Opt Zone (final): k5=0.558, R²=0.9991, V_eq=5.578 mL over 15 points
Gran analysis complete with separate raw/opt Zones.
Analysis complete.
Titration curve saved to ./results/strong_base/6/titration_curve.png
Gran plot (separate raw/opt Zones) saved to ./results/strong_base/6/gran_functions.png
No screened k data available. Skipping plot.
All visualizations saved to ./results/strong_base/6
Visualizations generated.
CSV report saved to results/strong_base/6/gran_results.csv
PDF report saved to results/strong_base/6/gran_report.pdf
Method JSON saved to results/strong_base/6/method.json
Full report generated in ./results/strong_base/6
Full workflow complete. Results in ./results/strong_base/6
Processing triplet 7 → columns 19,20
Loaded 35 points from './results/strong_base/7/data.dat'.
   volume  potential
0  0.0000      111.5
1  0.0500      107.4
2  0.1000      102.5
3  0.1680       96.8
4  0.2765       89.3
Applied CLI overrides
Final config: {'V': 50.0, 'C_B': 0.1, 'r2_threshold': 0.95, 'titration_type': 'weak_acid'}
Preprocessing complete. Ready for analysis.
Preprocessed data ready. Final params: {'volume': array([0.    , 0.05  , 0.1   , 0.168 , 0.2765, 0.418 , 0.601 , 0.8665,
       1.1945, 1.5585, 2.0585, 2.5585, 3.0155, 3.5155, 3.878 , 4.265 ,
       4.485 , 4.696 , 4.837 , 4.957 , 5.0475, 5.1085, 5.1585, 5.2085,
       5.2585, 5.3085, 5.3585, 5.4085, 5.4585, 5.515 , 5.595 , 5.7295,
       5.8885, 6.1485, 6.5435]), 'potential': array([ 111.5,  107.4,  102.5,   96.8,   89.3,   81.5,   74. ,   65.7,
         57. ,   49.7,   40.9,   32.2,   25.5,   16.1,    9. ,   -1.4,
         -8.4,  -17.4,  -24.9,  -33.1,  -41.7,  -49.9,  -58.2,  -68.6,
        -82.1,  -98.5, -130.8, -180.1, -198.8, -209.7, -218.3, -228.1,
       -235.7, -243.8, -252. ]), 'V': 50.0, 'C_B': 0.1, 'r2_threshold': 0.95, 'titration_type': 'weak_acid'}
Using Case 1 modified Gran function (moderately weak acid)
Computed Gran function for weak_acid with default k=0.0
Gran functions computed.
Using Case 1 modified Gran function (moderately weak acid)
Computed Gran function for weak_acid with default k=0.0
Low noise (std_dg1=1.58e-06 <= 0.001). No smoothing.
Identified 'the Zone': indices 13-26, R²=0.998 (Case: Case 1, Score: 103.56)
Raw Zone (initial): indices 13-26, R²=0.9985, V_eq=5.321 mL over 13 points
Low noise (std_dg1=6.49e-06 <= 0.001). No smoothing.
Identified 'the Zone': indices 10-25, R²=1.000 (Case: Case 3, Score: 104.24)
Opt Zone (final): k5=1.258, R²=0.9995, V_eq=5.304 mL over 15 points
Gran analysis complete with separate raw/opt Zones.
Analysis complete.
Titration curve saved to ./results/strong_base/7/titration_curve.png
Gran plot (separate raw/opt Zones) saved to ./results/strong_base/7/gran_functions.png
No screened k data available. Skipping plot.
All visualizations saved to ./results/strong_base/7
Visualizations generated.
CSV report saved to results/strong_base/7/gran_results.csv
PDF report saved to results/strong_base/7/gran_report.pdf
Method JSON saved to results/strong_base/7/method.json
Full report generated in ./results/strong_base/7
Full workflow complete. Results in ./results/strong_base/7
Processing triplet 8 → columns 22,23
Loaded 35 points from './results/strong_base/8/data.dat'.
   volume  potential
0   0.000      109.7
1   0.050      105.2
2   0.100      100.0
3   0.168       94.4
4   0.289       86.3
Applied CLI overrides
Final config: {'V': 50.0, 'C_B': 0.1, 'r2_threshold': 0.95, 'titration_type': 'weak_acid'}
Preprocessing complete. Ready for analysis.
Preprocessed data ready. Final params: {'volume': array([0.    , 0.05  , 0.1   , 0.168 , 0.289 , 0.436 , 0.6135, 0.89  ,
       1.185 , 1.6355, 2.0805, 2.5805, 2.963 , 3.463 , 3.825 , 4.1285,
       4.3585, 4.5535, 4.69  , 4.792 , 4.875 , 4.9325, 4.9825, 5.0325,
       5.0825, 5.1325, 5.1825, 5.2325, 5.2825, 5.3465, 5.446 , 5.577 ,
       5.794 , 6.0875, 6.5155]), 'potential': array([ 109.7,  105.2,  100. ,   94.4,   86.3,   78.2,   71.1,   62. ,
         54.9,   45.5,   38.5,   29.4,   23. ,   13.4,    5.3,   -3.2,
        -11. ,  -19.7,  -27.7,  -35.4,  -43.9,  -52.3,  -61.5,  -73.4,
        -86.7, -107.8, -149.1, -187.3, -202.7, -212.8, -222.5, -230.4,
       -239.2, -247.3, -254.9]), 'V': 50.0, 'C_B': 0.1, 'r2_threshold': 0.95, 'titration_type': 'weak_acid'}
Using Case 1 modified Gran function (moderately weak acid)
Computed Gran function for weak_acid with default k=0.0
Gran functions computed.
Using Case 1 modified Gran function (moderately weak acid)
Computed Gran function for weak_acid with default k=0.0
Low noise (std_dg1=1.45e-06 <= 0.001). No smoothing.
Identified 'the Zone': indices 13-26, R²=0.999 (Case: Case 1, Score: 103.59)
Raw Zone (initial): indices 13-26, R²=0.9987, V_eq=5.131 mL over 13 points
Low noise (std_dg1=4.79e-06 <= 0.001). No smoothing.
Identified 'the Zone': indices 10-25, R²=1.000 (Case: Case 3, Score: 104.25)
Opt Zone (final): k5=0.997, R²=0.9997, V_eq=5.119 mL over 15 points
Gran analysis complete with separate raw/opt Zones.
Analysis complete.
Titration curve saved to ./results/strong_base/8/titration_curve.png
Gran plot (separate raw/opt Zones) saved to ./results/strong_base/8/gran_functions.png
No screened k data available. Skipping plot.
All visualizations saved to ./results/strong_base/8
Visualizations generated.
CSV report saved to results/strong_base/8/gran_results.csv
PDF report saved to results/strong_base/8/gran_report.pdf
Method JSON saved to results/strong_base/8/method.json
Full report generated in ./results/strong_base/8
Full workflow complete. Results in ./results/strong_base/8
Processing triplet 9 → columns 25,26
Loaded 36 points from './results/strong_base/9/data.dat'.
   volume  potential
0  0.0000      110.6
1  0.0500      107.0
2  0.1000      101.6
3  0.1515       97.5
4  0.2805       88.1
Applied CLI overrides
Final config: {'V': 50.0, 'C_B': 0.1, 'r2_threshold': 0.95, 'titration_type': 'weak_acid'}
Preprocessing complete. Ready for analysis.
Preprocessed data ready. Final params: {'volume': array([0.    , 0.05  , 0.1   , 0.1515, 0.2805, 0.4045, 0.6285, 0.87  ,
       1.218 , 1.643 , 2.11  , 2.61  , 3.11  , 3.6075, 4.1075, 4.46  ,
       4.7295, 4.9395, 5.094 , 5.23  , 5.3135, 5.38  , 5.432 , 5.482 ,
       5.532 , 5.582 , 5.632 , 5.682 , 5.732 , 5.782 , 5.8625, 5.9725,
       6.1375, 6.358 , 6.743 , 7.243 ]), 'potential': array([ 110.6,  107. ,  101.6,   97.5,   88.1,   81.8,   72.6,   65.2,
         56.8,   48.2,   40.5,   32.8,   24.8,   16.9,    7.4,   -1. ,
         -9.1,  -17.4,  -24.8,  -34.1,  -41.6,  -49.5,  -57.4,  -67.8,
        -80.6,  -96.1, -123.5, -172.9, -196.3, -207.1, -217.2, -225.8,
       -234.6, -241.9, -250.7, -258.5]), 'V': 50.0, 'C_B': 0.1, 'r2_threshold': 0.95, 'titration_type': 'weak_acid'}
Using Case 1 modified Gran function (moderately weak acid)
Computed Gran function for weak_acid with default k=0.0
Gran functions computed.
Using Case 1 modified Gran function (moderately weak acid)
Computed Gran function for weak_acid with default k=0.0
Low noise (std_dg1=1.54e-06 <= 0.001). No smoothing.
Identified 'the Zone': indices 13-27, R²=0.998 (Case: Case 1, Score: 103.65)
Raw Zone (initial): indices 13-27, R²=0.9976, V_eq=5.620 mL over 14 points
Low noise (std_dg1=8.19e-06 <= 0.001). No smoothing.
Identified 'the Zone': indices 11-26, R²=1.000 (Case: Case 3, Score: 104.14)
Opt Zone (final): k5=1.622, R²=0.9997, V_eq=5.595 mL over 15 points
Gran analysis complete with separate raw/opt Zones.
Analysis complete.
Titration curve saved to ./results/strong_base/9/titration_curve.png
Gran plot (separate raw/opt Zones) saved to ./results/strong_base/9/gran_functions.png
No screened k data available. Skipping plot.
All visualizations saved to ./results/strong_base/9
Visualizations generated.
CSV report saved to results/strong_base/9/gran_results.csv
PDF report saved to results/strong_base/9/gran_report.pdf
Method JSON saved to results/strong_base/9/method.json
Full report generated in ./results/strong_base/9
Full workflow complete. Results in ./results/strong_base/9
Processing triplet 10 → columns 28,29
Loaded 35 points from './results/strong_base/10/data.dat'.
   volume  potential
0  0.0000      109.2
1  0.0500      104.3
2  0.1000      100.0
3  0.2070       91.7
4  0.3205       84.1
Applied CLI overrides
Final config: {'V': 50.0, 'C_B': 0.1, 'r2_threshold': 0.95, 'titration_type': 'weak_acid'}
Preprocessing complete. Ready for analysis.
Preprocessed data ready. Final params: {'volume': array([0.    , 0.05  , 0.1   , 0.207 , 0.3205, 0.46  , 0.6555, 0.958 ,
       1.3165, 1.6725, 2.1725, 2.671 , 3.0715, 3.5715, 3.881 , 4.2405,
       4.4615, 4.6345, 4.7465, 4.868 , 4.9415, 4.992 , 5.042 , 5.092 ,
       5.142 , 5.192 , 5.242 , 5.292 , 5.342 , 5.4155, 5.527 , 5.6705,
       5.8955, 6.21  , 6.686 ]), 'potential': array([ 109.2,  104.3,  100. ,   91.7,   84.1,   76.8,   69.5,   60.8,
         51.7,   45.2,   36.7,   27.5,   21.4,   11.2,    4.6,   -5.3,
        -13.2,  -22. ,  -28.5,  -38.1,  -46.3,  -54.1,  -64.6,  -81.3,
        -95.9, -117.7, -162.7, -192.5, -205.2, -215.2, -224.8, -232.8,
       -241.3, -249.2, -256.9]), 'V': 50.0, 'C_B': 0.1, 'r2_threshold': 0.95, 'titration_type': 'weak_acid'}
Using Case 1 modified Gran function (moderately weak acid)
Computed Gran function for weak_acid with default k=0.0
Gran functions computed.
Using Case 1 modified Gran function (moderately weak acid)
Computed Gran function for weak_acid with default k=0.0
Low noise (std_dg1=1.42e-06 <= 0.001). No smoothing.
Identified 'the Zone': indices 13-26, R²=0.998 (Case: Case 1, Score: 103.47)
Raw Zone (initial): indices 13-26, R²=0.9976, V_eq=5.181 mL over 13 points
Low noise (std_dg1=1.02e-05 <= 0.001). No smoothing.
Identified 'the Zone': indices 11-26, R²=0.999 (Case: Case 3, Score: 104.23)
Opt Zone (final): k5=1.940, R²=0.9994, V_eq=5.160 mL over 15 points
Gran analysis complete with separate raw/opt Zones.
Analysis complete.
Titration curve saved to ./results/strong_base/10/titration_curve.png
Gran plot (separate raw/opt Zones) saved to ./results/strong_base/10/gran_functions.png
No screened k data available. Skipping plot.
All visualizations saved to ./results/strong_base/10
Visualizations generated.
CSV report saved to results/strong_base/10/gran_results.csv
PDF report saved to results/strong_base/10/gran_report.pdf
Method JSON saved to results/strong_base/10/method.json
Full report generated in ./results/strong_base/10
Full workflow complete. Results in ./results/strong_base/10
Processing triplet 11 → columns 31,32
Loaded 35 points from './results/strong_base/11/data.dat'.
   volume  potential
0  0.0000      111.6
1  0.0500      106.7
2  0.1000      102.0
3  0.1895       94.7
4  0.3025       87.0
Applied CLI overrides
Final config: {'V': 50.0, 'C_B': 0.1, 'r2_threshold': 0.95, 'titration_type': 'weak_acid'}
Preprocessing complete. Ready for analysis.
Preprocessed data ready. Final params: {'volume': array([0.    , 0.05  , 0.1   , 0.1895, 0.3025, 0.4425, 0.657 , 0.9355,
       1.26  , 1.6985, 2.1985, 2.6835, 3.1745, 3.6745, 4.0995, 4.4015,
       4.702 , 4.887 , 5.04  , 5.1445, 5.235 , 5.2935, 5.3435, 5.3935,
       5.4435, 5.4935, 5.5435, 5.5935, 5.6435, 5.6935, 5.788 , 5.891 ,
       6.077 , 6.3265, 6.715 ]), 'potential': array([ 111.6,  106.7,  102. ,   94.7,   87. ,   80. ,   71.8,   63.3,
         55.6,   47.8,   39.2,   31. ,   23.5,   14.8,    5.7,   -1.5,
        -11.1,  -18.7,  -27.3,  -34.6,  -43.5,  -51. ,  -59.4,  -70.1,
        -83.4,  -99.8, -130.7, -178.9, -199.1, -208.4, -219.7, -227.1,
       -236. , -243.9, -252.1]), 'V': 50.0, 'C_B': 0.1, 'r2_threshold': 0.95, 'titration_type': 'weak_acid'}
Using Case 1 modified Gran function (moderately weak acid)
Computed Gran function for weak_acid with default k=0.0
Gran functions computed.
Using Case 1 modified Gran function (moderately weak acid)
Computed Gran function for weak_acid with default k=0.0
Low noise (std_dg1=1.54e-06 <= 0.001). No smoothing.
Identified 'the Zone': indices 13-26, R²=0.998 (Case: Case 1, Score: 103.56)
Raw Zone (initial): indices 13-26, R²=0.9985, V_eq=5.510 mL over 13 points
Low noise (std_dg1=8.22e-06 <= 0.001). No smoothing.
Identified 'the Zone': indices 11-26, R²=1.000 (Case: Case 3, Score: 104.26)
Opt Zone (final): k5=1.445, R²=0.9997, V_eq=5.496 mL over 15 points
Gran analysis complete with separate raw/opt Zones.
Analysis complete.
Titration curve saved to ./results/strong_base/11/titration_curve.png
Gran plot (separate raw/opt Zones) saved to ./results/strong_base/11/gran_functions.png
No screened k data available. Skipping plot.
All visualizations saved to ./results/strong_base/11
Visualizations generated.
CSV report saved to results/strong_base/11/gran_results.csv
PDF report saved to results/strong_base/11/gran_report.pdf
Method JSON saved to results/strong_base/11/method.json
Full report generated in ./results/strong_base/11
Full workflow complete. Results in ./results/strong_base/11
Processing triplet 12 → columns 34,35
Loaded 35 points from './results/strong_base/12/data.dat'.
   volume  potential
0   0.000      110.4
1   0.050      106.0
2   0.100      100.7
3   0.165       95.4
4   0.291       86.5
Applied CLI overrides
Final config: {'V': 50.0, 'C_B': 0.1, 'r2_threshold': 0.95, 'titration_type': 'weak_acid'}
Preprocessing complete. Ready for analysis.
Preprocessed data ready. Final params: {'volume': array([0.    , 0.05  , 0.1   , 0.165 , 0.291 , 0.4225, 0.6485, 0.898 ,
       1.1825, 1.607 , 2.107 , 2.593 , 3.041 , 3.481 , 3.869 , 4.1515,
       4.4705, 4.6255, 4.7375, 4.8265, 4.9055, 4.9675, 5.0175, 5.0675,
       5.1175, 5.1675, 5.2175, 5.2675, 5.3175, 5.3935, 5.4965, 5.652 ,
       5.871 , 6.2075, 6.6695]), 'potential': array([ 110.4,  106. ,  100.7,   95.4,   86.5,   80. ,   70.9,   62.6,
         55.4,   47.3,   38.4,   29.7,   21.7,   13.2,    4.1,   -2.7,
        -14. ,  -21.7,  -29.3,  -36.6,  -44.8,  -53.2,  -63.6,  -75.6,
        -91.6, -110.5, -161.1, -192.3, -205.1, -215.8, -224.6, -233.3,
       -241.3, -249.7, -257.4]), 'V': 50.0, 'C_B': 0.1, 'r2_threshold': 0.95, 'titration_type': 'weak_acid'}
Using Case 1 modified Gran function (moderately weak acid)
Computed Gran function for weak_acid with default k=0.0
Gran functions computed.
Using Case 1 modified Gran function (moderately weak acid)
Computed Gran function for weak_acid with default k=0.0
Low noise (std_dg1=1.49e-06 <= 0.001). No smoothing.
Identified 'the Zone': indices 12-26, R²=0.997 (Case: Case 1, Score: 103.70)
Raw Zone (initial): indices 12-26, R²=0.9970, V_eq=5.175 mL over 14 points
Low noise (std_dg1=7.81e-06 <= 0.001). No smoothing.
Identified 'the Zone': indices 11-26, R²=0.999 (Case: Case 3, Score: 104.23)
Opt Zone (final): k5=1.455, R²=0.9995, V_eq=5.142 mL over 15 points
Gran analysis complete with separate raw/opt Zones.
Analysis complete.
Titration curve saved to ./results/strong_base/12/titration_curve.png
Gran plot (separate raw/opt Zones) saved to ./results/strong_base/12/gran_functions.png
No screened k data available. Skipping plot.
All visualizations saved to ./results/strong_base/12
Visualizations generated.
CSV report saved to results/strong_base/12/gran_results.csv
PDF report saved to results/strong_base/12/gran_report.pdf
Method JSON saved to results/strong_base/12/method.json
Full report generated in ./results/strong_base/12
Full workflow complete. Results in ./results/strong_base/12
